Component: ARM Compiler 5.06 update 4 (build 422) Tool: armlink [4d35d2]

==============================================================================

Section Cross References

    startup_stm32f103xe.o(RESET) refers to startup_stm32f103xe.o(STACK) for __initial_sp
    startup_stm32f103xe.o(RESET) refers to startup_stm32f103xe.o(.text) for Reset_Handler
    startup_stm32f103xe.o(RESET) refers to stm32f1xx_it.o(i.NMI_Handler) for NMI_Handler
    startup_stm32f103xe.o(RESET) refers to stm32f1xx_it.o(i.HardFault_Handler) for HardFault_Handler
    startup_stm32f103xe.o(RESET) refers to stm32f1xx_it.o(i.MemManage_Handler) for MemManage_Handler
    startup_stm32f103xe.o(RESET) refers to stm32f1xx_it.o(i.BusFault_Handler) for BusFault_Handler
    startup_stm32f103xe.o(RESET) refers to stm32f1xx_it.o(i.UsageFault_Handler) for UsageFault_Handler
    startup_stm32f103xe.o(RESET) refers to stm32f1xx_it.o(i.SVC_Handler) for SVC_Handler
    startup_stm32f103xe.o(RESET) refers to stm32f1xx_it.o(i.DebugMon_Handler) for DebugMon_Handler
    startup_stm32f103xe.o(RESET) refers to stm32f1xx_it.o(i.PendSV_Handler) for PendSV_Handler
    startup_stm32f103xe.o(RESET) refers to stm32f1xx_it.o(i.SysTick_Handler) for SysTick_Handler
    startup_stm32f103xe.o(RESET) refers to lora_timer.o(i.USART2_IRQHandler) for USART2_IRQHandler
    startup_stm32f103xe.o(RESET) refers to lora_timer.o(i.TIM6_IRQHandler) for TIM6_IRQHandler
    startup_stm32f103xe.o(.text) refers to system_stm32f1xx.o(i.SystemInit) for SystemInit
    startup_stm32f103xe.o(.text) refers to entry.o(.ARM.Collect$$$$00000000) for __main
    main.o(i.BT_Fill_ReservedByte) refers to app_mem.o(i.app_mem_Is_Saved_Check) for app_mem_Is_Saved_Check
    main.o(i.BT_Fill_ReservedByte) refers to app_mem.o(i.app_mem_Read_SN_Code) for app_mem_Read_SN_Code
    main.o(i.SystemClock_Config) refers to memseta.o(.text) for __aeabi_memclr4
    main.o(i.SystemClock_Config) refers to stm32f1xx_hal_rcc.o(i.HAL_RCC_OscConfig) for HAL_RCC_OscConfig
    main.o(i.SystemClock_Config) refers to stm32f1xx_hal_rcc.o(i.HAL_RCC_ClockConfig) for HAL_RCC_ClockConfig
    main.o(i.main) refers to stm32f1xx_hal.o(i.HAL_Init) for HAL_Init
    main.o(i.main) refers to main.o(i.SystemClock_Config) for SystemClock_Config
    main.o(i.main) refers to debug_uart.o(i.Debug_Print_Init) for Debug_Print_Init
    main.o(i.main) refers to i2c.o(i.I2C_Init) for I2C_Init
    main.o(i.main) refers to at24c02.o(i.EEPROM_WP_Init) for EEPROM_WP_Init
    main.o(i.main) refers to lora.o(i.LoRa_GPIO_Config) for LoRa_GPIO_Config
    main.o(i.main) refers to stm32f1xx_hal.o(i.HAL_Delay) for HAL_Delay
    main.o(i.main) refers to lora.o(i.LoRaUart_Baud_Config) for LoRaUart_Baud_Config
    main.o(i.main) refers to lora.o(i.LoRa_Parameter_Init) for LoRa_Parameter_Init
    main.o(i.main) refers to lora_timer.o(i.LoRa_Tim_Init) for LoRa_Tim_Init
    main.o(i.main) refers to boot_protocol.o(i.BT_Mount_Dev_And_Init) for BT_Mount_Dev_And_Init
    main.o(i.main) refers to boot_protocol.o(i.BT_APP_Init) for BT_APP_Init
    main.o(i.main) refers to boot_protocol.o(i.BT_Cycle_Query_SW_Version) for BT_Cycle_Query_SW_Version
    main.o(i.main) refers to boot_protocol.o(i.BT_Receive_Protocol_Msg) for BT_Receive_Protocol_Msg
    main.o(i.main) refers to lora.o(.data) for gLoRa_BaudRate
    main.o(i.main) refers to lora_timer.o(i.LoRa_Send_Data) for LoRa_Send_Data
    main.o(i.main) refers to lora.o(.bss) for gLoRa_Rcv_Buf
    stm32f1xx_it.o(i.SysTick_Handler) refers to stm32f1xx_hal.o(i.HAL_IncTick) for HAL_IncTick
    stm32f1xx_hal_tim.o(i.HAL_TIM_Base_DeInit) refers to stm32f1xx_hal_tim.o(i.HAL_TIM_Base_MspDeInit) for HAL_TIM_Base_MspDeInit
    stm32f1xx_hal_tim.o(i.HAL_TIM_Base_Init) refers to stm32f1xx_hal_tim.o(i.HAL_TIM_Base_MspInit) for HAL_TIM_Base_MspInit
    stm32f1xx_hal_tim.o(i.HAL_TIM_Base_Init) refers to stm32f1xx_hal_tim.o(i.TIM_Base_SetConfig) for TIM_Base_SetConfig
    stm32f1xx_hal_tim.o(i.HAL_TIM_Base_Start_DMA) refers to stm32f1xx_hal_dma.o(i.HAL_DMA_Start_IT) for HAL_DMA_Start_IT
    stm32f1xx_hal_tim.o(i.HAL_TIM_Base_Start_DMA) refers to stm32f1xx_hal_tim.o(i.TIM_DMAPeriodElapsedCplt) for TIM_DMAPeriodElapsedCplt
    stm32f1xx_hal_tim.o(i.HAL_TIM_Base_Start_DMA) refers to stm32f1xx_hal_tim.o(i.TIM_DMAPeriodElapsedHalfCplt) for TIM_DMAPeriodElapsedHalfCplt
    stm32f1xx_hal_tim.o(i.HAL_TIM_Base_Start_DMA) refers to stm32f1xx_hal_tim.o(i.TIM_DMAError) for TIM_DMAError
    stm32f1xx_hal_tim.o(i.HAL_TIM_Base_Stop_DMA) refers to stm32f1xx_hal_dma.o(i.HAL_DMA_Abort_IT) for HAL_DMA_Abort_IT
    stm32f1xx_hal_tim.o(i.HAL_TIM_ConfigClockSource) refers to stm32f1xx_hal_tim.o(i.TIM_ETR_SetConfig) for TIM_ETR_SetConfig
    stm32f1xx_hal_tim.o(i.HAL_TIM_ConfigClockSource) refers to stm32f1xx_hal_tim.o(i.TIM_TI1_ConfigInputStage) for TIM_TI1_ConfigInputStage
    stm32f1xx_hal_tim.o(i.HAL_TIM_ConfigClockSource) refers to stm32f1xx_hal_tim.o(i.TIM_TI2_ConfigInputStage) for TIM_TI2_ConfigInputStage
[...]
    ..\Drivers\STM32F1xx_HAL_Driver\Src\stm32f1xx_hal_pwr.c 0x00000000   Number         0  stm32f1xx_hal_pwr.o ABSOLUTE
    ..\Drivers\STM32F1xx_HAL_Driver\Src\stm32f1xx_hal_rcc.c 0x00000000   Number         0  stm32f1xx_hal_rcc.o ABSOLUTE
    ..\Drivers\STM32F1xx_HAL_Driver\Src\stm32f1xx_hal_rcc_ex.c 0x00000000   Number         0  stm32f1xx_hal_rcc_ex.o ABSOLUTE
    ..\Drivers\STM32F1xx_HAL_Driver\Src\stm32f1xx_hal_tim.c 0x00000000   Number         0  stm32f1xx_hal_tim.o ABSOLUTE
    ..\Drivers\STM32F1xx_HAL_Driver\Src\stm32f1xx_hal_tim_ex.c 0x00000000   Number         0  stm32f1xx_hal_tim_ex.o ABSOLUTE
    ..\Drivers\STM32F1xx_HAL_Driver\Src\stm32f1xx_hal_uart.c 0x00000000   Number         0  stm32f1xx_hal_uart.o ABSOLUTE
    ..\Src\main.c                            0x00000000   Number         0  main.o ABSOLUTE
    ..\Src\stm32f1xx_hal_msp.c               0x00000000   Number         0  stm32f1xx_hal_msp.o ABSOLUTE
    ..\Src\stm32f1xx_it.c                    0x00000000   Number         0  stm32f1xx_it.o ABSOLUTE
    ..\Src\system_stm32f1xx.c                0x00000000   Number         0  system_stm32f1xx.o ABSOLUTE
    ..\Third_Periph_Src\app_mem.c            0x00000000   Number         0  app_mem.o ABSOLUTE
    ..\Third_Periph_Src\at24c02.c            0x00000000   Number         0  at24c02.o ABSOLUTE
    ..\Third_Periph_Src\crc16.c              0x00000000   Number         0  crc16.o ABSOLUTE
    ..\Third_Periph_Src\crc8.c               0x00000000   Number         0  crc8.o ABSOLUTE
    ..\Third_Periph_Src\debug_uart.c         0x00000000   Number         0  debug_uart.o ABSOLUTE
    ..\Third_Periph_Src\i2c.c                0x00000000   Number         0  i2c.o ABSOLUTE
    ..\Third_Periph_Src\iap.c                0x00000000   Number         0  iap.o ABSOLUTE
    ..\Third_Periph_Src\lora.c               0x00000000   Number         0  lora.o ABSOLUTE
    ..\Third_Periph_Src\lora_timer.c         0x00000000   Number         0  lora_timer.o ABSOLUTE
    ..\Third_Periph_Src\prh_flash.c          0x00000000   Number         0  prh_flash.o ABSOLUTE
    ..\\Drivers\\STM32F1xx_HAL_Driver\\Src\\stm32f1xx_hal_uart.c 0x00000000   Number         0  stm32f1xx_hal_uart.o ABSOLUTE
    ..\\Third_Periph_Src\\app_mem.c          0x00000000   Number         0  app_mem.o ABSOLUTE
    ..\\Third_Periph_Src\\at24c02.c          0x00000000   Number         0  at24c02.o ABSOLUTE
    ..\\Third_Periph_Src\\debug_uart.c       0x00000000   Number         0  debug_uart.o ABSOLUTE
    ..\\Third_Periph_Src\\i2c.c              0x00000000   Number         0  i2c.o ABSOLUTE
    ..\\Third_Periph_Src\\iap.c              0x00000000   Number         0  iap.o ABSOLUTE
    ..\\Third_Periph_Src\\lora.c             0x00000000   Number         0  lora.o ABSOLUTE
    ..\\Third_Periph_Src\\lora_timer.c       0x00000000   Number         0  lora_timer.o ABSOLUTE
    ..\\Third_Periph_Src\\prh_flash.c        0x00000000   Number         0  prh_flash.o ABSOLUTE
    ..\\bt_src\\boot_mem.c                   0x00000000   Number         0  boot_mem.o ABSOLUTE
    ..\\bt_src\\boot_protocol.c              0x00000000   Number         0  boot_protocol.o ABSOLUTE
    ..\bt_src\boot_crc16.c                   0x00000000   Number         0  boot_crc16.o ABSOLUTE
    ..\bt_src\boot_crc8.c                    0x00000000   Number         0  boot_crc8.o ABSOLUTE
    ..\bt_src\boot_mem.c                     0x00000000   Number         0  boot_mem.o ABSOLUTE
    ..\bt_src\boot_protocol.c                0x00000000   Number         0  boot_protocol.o ABSOLUTE
    cdrcmple.s                               0x00000000   Number         0  cdrcmple.o ABSOLUTE
    dc.s                                     0x00000000   Number         0  dc.o ABSOLUTE
    handlers.s                               0x00000000   Number         0  handlers.o ABSOLUTE
    init.s                                   0x00000000   Number         0  init.o ABSOLUTE
    startup_stm32f103xe.s                    0x00000000   Number         0  startup_stm32f103xe.o ABSOLUTE
    RESET                                    0x08000000   Section      304  startup_stm32f103xe.o(RESET)
    .ARM.Collect$$$$00000000                 0x08000130   Section        0  entry.o(.ARM.Collect$$$$00000000)
    .ARM.Collect$$$$00000001                 0x08000130   Section        4  entry2.o(.ARM.Collect$$$$00000001)
    .ARM.Collect$$$$00000004                 0x08000134   Section        4  entry5.o(.ARM.Collect$$$$00000004)
    .ARM.Collect$$$$00000008                 0x08000138   Section        0  entry7b.o(.ARM.Collect$$$$00000008)
    .ARM.Collect$$$$0000000A                 0x08000138   Section        0  entry8b.o(.ARM.Collect$$$$0000000A)
    .ARM.Collect$$$$0000000B                 0x08000138   Section        8  entry9a.o(.ARM.Collect$$$$0000000B)
    .ARM.Collect$$$$0000000D                 0x08000140   Section        0  entry10a.o(.ARM.Collect$$$$0000000D)
    .ARM.Collect$$$$0000000F                 0x08000140   Section        0  entry11a.o(.ARM.Collect$$$$0000000F)
    .ARM.Collect$$$$00002712                 0x08000140   Section        4  entry2.o(.ARM.Collect$$$$00002712)
    __lit__00000000                          0x08000140   Data           4  entry2.o(.ARM.Collect$$$$00002712)
    .emb_text                                0x08000144   Section        6  iap.o(.emb_text)
    .text                                    0x0800014c   Section       36  startup_stm32f103xe.o(.text)
    .text                                    0x08000170   Section        0  llushr.o(.text)
    .text                                    0x08000190   Section        0  rand.o(.text)
    .text                                    0x080001b4   Section        0  memseta.o(.text)
    .text                                    0x080001d8   Section        0  uldiv.o(.text)
    .text                                    0x0800023c   Section       36  init.o(.text)
    .text                                    0x08000260   Section        0  llshl.o(.text)
    i.AT24Cxx_ReadOneByte                    0x0800027e   Section        0  at24c02.o(i.AT24Cxx_ReadOneByte)
    i.AT24Cxx_WriteOneByte                   0x080002c4   Section        0  at24c02.o(i.AT24Cxx_WriteOneByte)
    i.BT_APP_Check                           0x08000304   Section        0  iap.o(i.BT_APP_Check)
    i.BT_APP_Init                            0x0800039c   Section        0  boot_protocol.o(i.BT_APP_Init)
    i.BT_CRC16_XMODEM                        0x08000524   Section        0  boot_crc16.o(i.BT_CRC16_XMODEM)
    i.BT_Clear_DP_Copy_Flag                  0x0800055a   Section        0  boot_mem.o(i.BT_Clear_DP_Copy_Flag)
    i.BT_Copy_DataPack                       0x08000588   Section        0  boot_protocol.o(i.BT_Copy_DataPack)
    i.BT_Cycle_Query_SW_Version              0x08000628   Section        0  boot_protocol.o(i.BT_Cycle_Query_SW_Version)
    i.BT_DataPack_Handler                    0x08000824   Section        0  boot_protocol.o(i.BT_DataPack_Handler)
    i.BT_Dec_To_Hex                          0x08000c90   Section        0  boot_protocol.o(i.BT_Dec_To_Hex)
    i.BT_Exception_trigger                   0x08000cb8   Section        0  boot_protocol.o(i.BT_Exception_trigger)
    i.BT_Fill_Frame_Content                  0x08000d10   Section        0  boot_protocol.o(i.BT_Fill_Frame_Content)
    BT_Fill_Frame_Content                    0x08000d11   Thumb Code   530  boot_protocol.o(i.BT_Fill_Frame_Content)
    i.BT_Fill_ReservedByte                   0x08000f2c   Section        0  main.o(i.BT_Fill_ReservedByte)
    i.BT_Frame_Check                         0x08000f6c   Section        0  boot_protocol.o(i.BT_Frame_Check)
    i.BT_Frame_Format_Check                  0x08000fb0   Section        0  boot_protocol.o(i.BT_Frame_Format_Check)
    i.BT_GetCRC8                             0x0800112c   Section        0  boot_crc8.o(i.BT_GetCRC8)
    i.BT_Get_Rcv_Reserved                    0x08001158   Section        0  boot_protocol.o(i.BT_Get_Rcv_Reserved)
    i.BT_Hex_To_Dec                          0x080012e8   Section        0  boot_protocol.o(i.BT_Hex_To_Dec)
    i.BT_Jump_APP_Handler                    0x0800130a   Section        0  iap.o(i.BT_Jump_APP_Handler)
    i.BT_MEM_Read_Bytes                      0x0800130e   Section        0  app_mem.o(i.BT_MEM_Read_Bytes)
    i.BT_MEM_Write_Bytes                     0x08001334   Section        0  app_mem.o(i.BT_MEM_Write_Bytes)
    i.BT_Mount_Dev_And_Init                  0x08001364   Section        0  boot_protocol.o(i.BT_Mount_Dev_And_Init)
    i.BT_Read_DP_Copy_Flag                   0x080014ac   Section        0  boot_mem.o(i.BT_Read_DP_Copy_Flag)
    i.BT_Read_DP_From_Flash                  0x080014be   Section        0  iap.o(i.BT_Read_DP_From_Flash)
    i.BT_Read_DataPack_Index                 0x080014c8   Section        0  boot_mem.o(i.BT_Read_DataPack_Index)
    i.BT_Read_GetDP_Cycle                    0x08001516   Section        0  boot_mem.o(i.BT_Read_GetDP_Cycle)
    i.BT_Read_Query_Cycle_Value              0x08001564   Section        0  boot_mem.o(i.BT_Read_Query_Cycle_Value)
    i.BT_Read_S_Version                      0x080015b6   Section        0  boot_mem.o(i.BT_Read_S_Version)
    i.BT_Read_SaveArea_DP_Size               0x08001610   Section        0  boot_mem.o(i.BT_Read_SaveArea_DP_Size)
    i.BT_Read_Temp_S_Version                 0x08001678   Section        0  boot_mem.o(i.BT_Read_Temp_S_Version)
    i.BT_Read_Write_Flash_Addr               0x080016d4   Section        0  boot_mem.o(i.BT_Read_Write_Flash_Addr)
    i.BT_Receive_Protocol_Msg                0x08001744   Section        0  boot_protocol.o(i.BT_Receive_Protocol_Msg)
    i.BT_ReservedByte_Check                  0x080019c8   Section        0  boot_protocol.o(i.BT_ReservedByte_Check)
    i.BT_Save_DataPack_Index                 0x08001a20   Section        0  boot_mem.o(i.BT_Save_DataPack_Index)
    i.BT_Save_GetDP_Cycle                    0x08001a92   Section        0  boot_mem.o(i.BT_Save_GetDP_Cycle)
    i.BT_Save_Query_Cycle_Value              0x08001b12   Section        0  boot_mem.o(i.BT_Save_Query_Cycle_Value)
    i.BT_Save_S_Version                      0x08001b92   Section        0  boot_mem.o(i.BT_Save_S_Version)
    i.BT_Save_Temp_S_Version                 0x08001bfe   Section        0  boot_mem.o(i.BT_Save_Temp_S_Version)
    i.BT_Save_Write_Flash_Addr               0x08001c6a   Section        0  boot_mem.o(i.BT_Save_Write_Flash_Addr)
    i.BT_Send_Protocol_Msg                   0x08001cc8   Section        0  boot_protocol.o(i.BT_Send_Protocol_Msg)
    i.BT_Start_Interrupt                     0x08001de4   Section        0  boot_protocol.o(i.BT_Start_Interrupt)
    i.BT_Stop_Interrupt                      0x08001e38   Section        0  lora_timer.o(i.BT_Stop_Interrupt)
    i.BT_Timer_Handler                       0x08001e50   Section        0  boot_protocol.o(i.BT_Timer_Handler)
    i.BT_Version_Handle                      0x08001f6c   Section        0  boot_protocol.o(i.BT_Version_Handle)
    i.BT_Write_DP_To_Flash                   0x080020f4   Section        0  iap.o(i.BT_Write_DP_To_Flash)
    i.BusFault_Handler                       0x080020fe   Section        0  stm32f1xx_it.o(i.BusFault_Handler)
    i.Config_LoRa_Delay                      0x08002100   Section        0  lora.o(i.Config_LoRa_Delay)
    i.DebugMon_Handler                       0x08002158   Section        0  stm32f1xx_it.o(i.DebugMon_Handler)
    i.Debug_Print_Init                       0x0800215c   Section        0  debug_uart.o(i.Debug_Print_Init)
    i.Delay_us                               0x080021dc   Section        0  i2c.o(i.Delay_us)
    i.EEPROM_WP_Dis                          0x080021f0   Section        0  at24c02.o(i.EEPROM_WP_Dis)
    i.EEPROM_WP_En                           0x08002200   Section        0  at24c02.o(i.EEPROM_WP_En)
    i.EEPROM_WP_Init                         0x08002210   Section        0  at24c02.o(i.EEPROM_WP_Init)
    i.EP_Clear_LoRa_Addr_Flag                0x08002254   Section        0  lora.o(i.EP_Clear_LoRa_Addr_Flag)
    i.EP_Read_LoRa_Addr                      0x08002278   Section        0  lora.o(i.EP_Read_LoRa_Addr)
    i.EP_Read_LoRa_Com_Mode                  0x080022d8   Section        0  lora.o(i.EP_Read_LoRa_Com_Mode)
    i.EP_Save_LoRa_Addr                      0x08002308   Section        0  lora.o(i.EP_Save_LoRa_Addr)
    i.EP_Save_LoRa_Addr_Flag                 0x0800238c   Section        0  lora.o(i.EP_Save_LoRa_Addr_Flag)
    i.EP_Save_LoRa_Com_Mode                  0x080023b0   Section        0  lora.o(i.EP_Save_LoRa_Com_Mode)
    i.EP_Save_LoRa_Com_Mode_Flag             0x08002450   Section        0  lora.o(i.EP_Save_LoRa_Com_Mode_Flag)
    i.EP_Verify_LoRa_Addr_Flag               0x0800247a   Section        0  lora.o(i.EP_Verify_LoRa_Addr_Flag)
    i.FLASH_MassErase                        0x08002490   Section        0  stm32f1xx_hal_flash_ex.o(i.FLASH_MassErase)
    FLASH_MassErase                          0x08002491   Thumb Code    26  stm32f1xx_hal_flash_ex.o(i.FLASH_MassErase)
    i.FLASH_PageErase                        0x080024b4   Section        0  stm32f1xx_hal_flash_ex.o(i.FLASH_PageErase)
    i.FLASH_Program_HalfWord                 0x080024d8   Section        0  stm32f1xx_hal_flash.o(i.FLASH_Program_HalfWord)
    FLASH_Program_HalfWord                   0x080024d9   Thumb Code    20  stm32f1xx_hal_flash.o(i.FLASH_Program_HalfWord)
    i.FLASH_SetErrorCode                     0x080024f4   Section        0  stm32f1xx_hal_flash.o(i.FLASH_SetErrorCode)
    FLASH_SetErrorCode                       0x080024f5   Thumb Code    84  stm32f1xx_hal_flash.o(i.FLASH_SetErrorCode)
    i.FLASH_WaitForLastOperation             0x08002550   Section        0  stm32f1xx_hal_flash.o(i.FLASH_WaitForLastOperation)
    i.GetCRC8                                0x080025a4   Section        0  crc8.o(i.GetCRC8)
    i.HAL_DMA_Abort_IT                       0x080025d0   Section        0  stm32f1xx_hal_dma.o(i.HAL_DMA_Abort_IT)
    i.HAL_Delay                              0x08002700   Section        0  stm32f1xx_hal.o(i.HAL_Delay)
    i.HAL_FLASHEx_Erase                      0x08002724   Section        0  stm32f1xx_hal_flash_ex.o(i.HAL_FLASHEx_Erase)
    i.HAL_FLASH_Lock                         0x080027cc   Section        0  stm32f1xx_hal_flash.o(i.HAL_FLASH_Lock)
    i.HAL_FLASH_Program                      0x080027e0   Section        0  stm32f1xx_hal_flash.o(i.HAL_FLASH_Program)
    i.HAL_FLASH_Unlock                       0x08002860   Section        0  stm32f1xx_hal_flash.o(i.HAL_FLASH_Unlock)
    i.HAL_GPIO_DeInit                        0x08002888   Section        0  stm32f1xx_hal_gpio.o(i.HAL_GPIO_DeInit)
    i.HAL_GPIO_Init                          0x080029a8   Section        0  stm32f1xx_hal_gpio.o(i.HAL_GPIO_Init)
    i.HAL_GPIO_ReadPin                       0x08002ba0   Section        0  stm32f1xx_hal_gpio.o(i.HAL_GPIO_ReadPin)
    i.HAL_GPIO_WritePin                      0x08002baa   Section        0  stm32f1xx_hal_gpio.o(i.HAL_GPIO_WritePin)
    i.HAL_GetTick                            0x08002bb4   Section        0  stm32f1xx_hal.o(i.HAL_GetTick)
    i.HAL_IncTick                            0x08002bc0   Section        0  stm32f1xx_hal.o(i.HAL_IncTick)
    i.HAL_Init                               0x08002bd0   Section        0  stm32f1xx_hal.o(i.HAL_Init)
    i.HAL_InitTick                           0x08002bf4   Section        0  stm32f1xx_hal.o(i.HAL_InitTick)
    i.HAL_MspInit                            0x08002c34   Section        0  stm32f1xx_hal_msp.o(i.HAL_MspInit)
    i.HAL_NVIC_DisableIRQ                    0x08002c70   Section        0  stm32f1xx_hal_cortex.o(i.HAL_NVIC_DisableIRQ)
    i.HAL_NVIC_EnableIRQ                     0x08002c92   Section        0  stm32f1xx_hal_cortex.o(i.HAL_NVIC_EnableIRQ)
    i.HAL_NVIC_SetPriority                   0x08002cac   Section        0  stm32f1xx_hal_cortex.o(i.HAL_NVIC_SetPriority)
    i.HAL_NVIC_SetPriorityGrouping           0x08002cec   Section        0  stm32f1xx_hal_cortex.o(i.HAL_NVIC_SetPriorityGrouping)
    i.HAL_RCC_ClockConfig                    0x08002d10   Section        0  stm32f1xx_hal_rcc.o(i.HAL_RCC_ClockConfig)
    i.HAL_RCC_GetPCLK1Freq                   0x08002e3c   Section        0  stm32f1xx_hal_rcc.o(i.HAL_RCC_GetPCLK1Freq)
    i.HAL_RCC_GetPCLK2Freq                   0x08002e5c   Section        0  stm32f1xx_hal_rcc.o(i.HAL_RCC_GetPCLK2Freq)
    i.HAL_RCC_GetSysClockFreq                0x08002e7c   Section        0  stm32f1xx_hal_rcc.o(i.HAL_RCC_GetSysClockFreq)
    i.HAL_RCC_OscConfig                      0x08002ee8   Section        0  stm32f1xx_hal_rcc.o(i.HAL_RCC_OscConfig)
    i.HAL_SYSTICK_Config                     0x08003208   Section        0  stm32f1xx_hal_cortex.o(i.HAL_SYSTICK_Config)
    i.HAL_TIMEx_BreakCallback                0x08003230   Section        0  stm32f1xx_hal_tim_ex.o(i.HAL_TIMEx_BreakCallback)
    i.HAL_TIMEx_CommutCallback               0x08003232   Section        0  stm32f1xx_hal_tim_ex.o(i.HAL_TIMEx_CommutCallback)
    i.HAL_TIMEx_MasterConfigSynchronization  0x08003234   Section        0  stm32f1xx_hal_tim_ex.o(i.HAL_TIMEx_MasterConfigSynchronization)
    i.HAL_TIM_Base_Init                      0x08003276   Section        0  stm32f1xx_hal_tim.o(i.HAL_TIM_Base_Init)
    i.HAL_TIM_Base_MspInit                   0x080032ac   Section        0  stm32f1xx_hal_tim.o(i.HAL_TIM_Base_MspInit)
    i.HAL_TIM_Base_Start_IT                  0x080032ae   Section        0  stm32f1xx_hal_tim.o(i.HAL_TIM_Base_Start_IT)
    i.HAL_TIM_Base_Stop_IT                   0x080032d0   Section        0  stm32f1xx_hal_tim.o(i.HAL_TIM_Base_Stop_IT)
    i.HAL_TIM_IC_CaptureCallback             0x080032fa   Section        0  stm32f1xx_hal_tim.o(i.HAL_TIM_IC_CaptureCallback)
    i.HAL_TIM_IRQHandler                     0x080032fc   Section        0  stm32f1xx_hal_tim.o(i.HAL_TIM_IRQHandler)
    i.HAL_TIM_OC_DelayElapsedCallback        0x08003462   Section        0  stm32f1xx_hal_tim.o(i.HAL_TIM_OC_DelayElapsedCallback)
    i.HAL_TIM_PWM_PulseFinishedCallback      0x08003464   Section        0  stm32f1xx_hal_tim.o(i.HAL_TIM_PWM_PulseFinishedCallback)
    i.HAL_TIM_PeriodElapsedCallback          0x08003468   Section        0  lora_timer.o(i.HAL_TIM_PeriodElapsedCallback)
    i.HAL_TIM_TriggerCallback                0x080034cc   Section        0  stm32f1xx_hal_tim.o(i.HAL_TIM_TriggerCallback)
    i.HAL_UART_ErrorCallback                 0x080034ce   Section        0  stm32f1xx_hal_uart.o(i.HAL_UART_ErrorCallback)
    i.HAL_UART_IRQHandler                    0x080034d0   Section        0  stm32f1xx_hal_uart.o(i.HAL_UART_IRQHandler)
    i.HAL_UART_Init                          0x080035e0   Section        0  stm32f1xx_hal_uart.o(i.HAL_UART_Init)
    i.HAL_UART_MspInit                       0x08003642   Section        0  stm32f1xx_hal_uart.o(i.HAL_UART_MspInit)
    i.HAL_UART_Receive_IT                    0x08003644   Section        0  stm32f1xx_hal_uart.o(i.HAL_UART_Receive_IT)
    i.HAL_UART_RxCpltCallback                0x08003698   Section        0  lora_timer.o(i.HAL_UART_RxCpltCallback)
    i.HAL_UART_Transmit                      0x080036fc   Section        0  stm32f1xx_hal_uart.o(i.HAL_UART_Transmit)
    i.HAL_UART_TxCpltCallback                0x080037b6   Section        0  stm32f1xx_hal_uart.o(i.HAL_UART_TxCpltCallback)
    i.HardFault_Handler                      0x080037b8   Section        0  stm32f1xx_it.o(i.HardFault_Handler)
    i.I2C_Ack                                0x080037bc   Section        0  i2c.o(i.I2C_Ack)
    i.I2C_Init                               0x08003800   Section        0  i2c.o(i.I2C_Init)
    i.I2C_NAck                               0x08003868   Section        0  i2c.o(i.I2C_NAck)
    i.I2C_Read_Byte                          0x080038ac   Section        0  i2c.o(i.I2C_Read_Byte)
    i.I2C_SDA_In                             0x0800390c   Section        0  i2c.o(i.I2C_SDA_In)
    i.I2C_SDA_Out                            0x08003924   Section        0  i2c.o(i.I2C_SDA_Out)
    i.I2C_Send_Byte                          0x08003940   Section        0  i2c.o(i.I2C_Send_Byte)
    i.I2C_Start                              0x0800399c   Section        0  i2c.o(i.I2C_Start)
    i.I2C_Stop                               0x080039e0   Section        0  i2c.o(i.I2C_Stop)
    i.I2C_Wait_Ack                           0x08003a24   Section        0  i2c.o(i.I2C_Wait_Ack)
    i.IAP_Load_APP                           0x08003a80   Section        0  iap.o(i.IAP_Load_APP)
    i.LoRaSerial_End                         0x08003aac   Section        0  lora.o(i.LoRaSerial_End)
    i.LoRaUart_Baud_Config                   0x08003adc   Section        0  lora.o(i.LoRaUart_Baud_Config)
    i.LoRa_AT                                0x08003c44   Section        0  lora.o(i.LoRa_AT)
    i.LoRa_AT_Config_Cmd                     0x08003cf4   Section        0  lora.o(i.LoRa_AT_Config_Cmd)
    i.LoRa_AT_Query_Cmd                      0x08003e04   Section        0  lora.o(i.LoRa_AT_Query_Cmd)
    i.LoRa_Baud_Change_Cmd                   0x08003ec8   Section        0  lora.o(i.LoRa_Baud_Change_Cmd)
    i.LoRa_Check_Err_Msg                     0x08003f2c   Section        0  lora.o(i.LoRa_Check_Err_Msg)
    i.LoRa_Check_OK_Msg                      0x08003f74   Section        0  lora.o(i.LoRa_Check_OK_Msg)
    i.LoRa_GPIO_Config                       0x08003f90   Section        0  lora.o(i.LoRa_GPIO_Config)
    i.LoRa_Get_CSQ                           0x08004044   Section        0  lora.o(i.LoRa_Get_CSQ)
    i.LoRa_Mode                              0x08004058   Section        0  lora.o(i.LoRa_Mode)
    i.LoRa_Param_Check                       0x080040a4   Section        0  lora.o(i.LoRa_Param_Check)
    i.LoRa_Parameter_Init                    0x08004224   Section        0  lora.o(i.LoRa_Parameter_Init)
    i.LoRa_Parse_Command                     0x080044e0   Section        0  lora.o(i.LoRa_Parse_Command)
    i.LoRa_Reset                             0x08004544   Section        0  lora.o(i.LoRa_Reset)
    i.LoRa_Restart                           0x08004570   Section        0  lora.o(i.LoRa_Restart)
    i.LoRa_Send_Data                         0x08004594   Section        0  lora_timer.o(i.LoRa_Send_Data)
    i.LoRa_Shutdown                          0x08004610   Section        0  lora.o(i.LoRa_Shutdown)
    i.LoRa_Tim_Init                          0x08004650   Section        0  lora_timer.o(i.LoRa_Tim_Init)
    i.LoRa_UART_Init                         0x080046b0   Section        0  lora.o(i.LoRa_UART_Init)
    i.MemManage_Handler                      0x08004750   Section        0  stm32f1xx_it.o(i.MemManage_Handler)
    i.NMI_Handler                            0x08004752   Section        0  stm32f1xx_it.o(i.NMI_Handler)
    i.PendSV_Handler                         0x08004754   Section        0  stm32f1xx_it.o(i.PendSV_Handler)
    i.Read_Flash                             0x08004758   Section        0  prh_flash.o(i.Read_Flash)
    i.Rewrite_ID                             0x08004770   Section        0  lora.o(i.Rewrite_ID)
    i.SVC_Handler                            0x08004920   Section        0  stm32f1xx_it.o(i.SVC_Handler)
    i.SysTick_Handler                        0x08004922   Section        0  stm32f1xx_it.o(i.SysTick_Handler)
    i.SystemClock_Config                     0x08004926   Section        0  main.o(i.SystemClock_Config)
    i.SystemInit                             0x08004974   Section        0  system_stm32f1xx.o(i.SystemInit)
    i.TIM6_IRQHandler                        0x080049bc   Section        0  lora_timer.o(i.TIM6_IRQHandler)
    i.TIM_Base_SetConfig                     0x080049c8   Section        0  stm32f1xx_hal_tim.o(i.TIM_Base_SetConfig)
    i.UART_DMAAbortOnError                   0x08004a54   Section        0  stm32f1xx_hal_uart.o(i.UART_DMAAbortOnError)
    UART_DMAAbortOnError                     0x08004a55   Thumb Code    16  stm32f1xx_hal_uart.o(i.UART_DMAAbortOnError)
    i.UART_EndRxTransfer                     0x08004a64   Section        0  stm32f1xx_hal_uart.o(i.UART_EndRxTransfer)
    UART_EndRxTransfer                       0x08004a65   Thumb Code    28  stm32f1xx_hal_uart.o(i.UART_EndRxTransfer)
    i.UART_Receive_IT                        0x08004a80   Section        0  stm32f1xx_hal_uart.o(i.UART_Receive_IT)
    UART_Receive_IT                          0x08004a81   Thumb Code   150  stm32f1xx_hal_uart.o(i.UART_Receive_IT)
    i.UART_SetConfig                         0x08004b18   Section        0  stm32f1xx_hal_uart.o(i.UART_SetConfig)
    UART_SetConfig                           0x08004b19   Thumb Code   178  stm32f1xx_hal_uart.o(i.UART_SetConfig)
    i.UART_Transmit_IT                       0x08004bd0   Section        0  stm32f1xx_hal_uart.o(i.UART_Transmit_IT)
    UART_Transmit_IT                         0x08004bd1   Thumb Code    98  stm32f1xx_hal_uart.o(i.UART_Transmit_IT)
    i.UART_WaitOnFlagUntilTimeout            0x08004c32   Section        0  stm32f1xx_hal_uart.o(i.UART_WaitOnFlagUntilTimeout)
    UART_WaitOnFlagUntilTimeout              0x08004c33   Thumb Code   100  stm32f1xx_hal_uart.o(i.UART_WaitOnFlagUntilTimeout)
    i.USART2_IRQHandler                      0x08004c98   Section        0  lora_timer.o(i.USART2_IRQHandler)
    i.UsageFault_Handler                     0x08004ca4   Section        0  stm32f1xx_it.o(i.UsageFault_Handler)
    i.Write_Flash_Buffer                     0x08004ca8   Section        0  prh_flash.o(i.Write_Flash_Buffer)
    i.Write_Flash_NoCheck                    0x08004dc4   Section        0  prh_flash.o(i.Write_Flash_NoCheck)
    i.__0printf$5                            0x08004df0   Section        0  printf5.o(i.__0printf$5)
    i.__0sprintf$5                           0x08004e10   Section        0  printf5.o(i.__0sprintf$5)
    i.__NVIC_SetPriority                     0x08004e38   Section        0  stm32f1xx_hal_cortex.o(i.__NVIC_SetPriority)
    __NVIC_SetPriority                       0x08004e39   Thumb Code    32  stm32f1xx_hal_cortex.o(i.__NVIC_SetPriority)
    i.__scatterload_copy                     0x08004e58   Section       14  handlers.o(i.__scatterload_copy)
    i.__scatterload_null                     0x08004e66   Section        2  handlers.o(i.__scatterload_null)
    i.__scatterload_zeroinit                 0x08004e68   Section       14  handlers.o(i.__scatterload_zeroinit)
    i._printf_core                           0x08004e78   Section        0  printf5.o(i._printf_core)
    _printf_core                             0x08004e79   Thumb Code   658  printf5.o(i._printf_core)
    i._sputc                                 0x08005138   Section        0  printf5.o(i._sputc)
    _sputc                                   0x08005139   Thumb Code    10  printf5.o(i._sputc)
    i.app_mem_Is_Saved_Check                 0x08005142   Section        0  app_mem.o(i.app_mem_Is_Saved_Check)
    i.app_mem_Read_SN_Code                   0x08005146   Section        0  app_mem.o(i.app_mem_Read_SN_Code)
    i.app_mem_check_crc                      0x08005174   Section        0  app_mem.o(i.app_mem_check_crc)
    i.fputc                                  0x080051c0   Section        0  debug_uart.o(i.fputc)
    i.free                                   0x080051d8   Section        0  malloc.o(i.free)
    i.main                                   0x08005228   Section        0  main.o(i.main)
    i.malloc                                 0x08005288   Section        0  malloc.o(i.malloc)
    .constdata                               0x080052f4   Section       16  system_stm32f1xx.o(.constdata)
    .constdata                               0x08005304   Section        8  system_stm32f1xx.o(.constdata)
    .conststring                             0x0800530c   Section      234  iap.o(.conststring)
    .conststring                             0x080053f8   Section       88  lora.o(.conststring)
    .conststring                             0x08005450   Section      738  boot_protocol.o(.conststring)
    .data                                    0x20000000   Section       12  stm32f1xx_hal.o(.data)
    .data                                    0x2000000c   Section        4  system_stm32f1xx.o(.data)
    .data                                    0x20000010   Section        4  iap.o(.data)
    .data                                    0x20000014   Section       21  lora.o(.data)
    .data                                    0x2000002c   Section        4  lora_timer.o(.data)
    .data                                    0x20000030   Section        4  prh_flash.o(.data)
    .data                                    0x20000034   Section       24  boot_protocol.o(.data)
    que_v_to_get_dp_flag                     0x20000034   Data           1  boot_protocol.o(.data)
    tim_Start_flag                           0x20000035   Data           1  boot_protocol.o(.data)
    second_check_num                         0x20000036   Data           1  boot_protocol.o(.data)
    en_check_flag                            0x20000037   Data           1  boot_protocol.o(.data)
    rcv_len_temp                             0x2000003a   Data           2  boot_protocol.o(.data)
    cyc_val                                  0x20000040   Data           4  boot_protocol.o(.data)
    cyc_last_val                             0x20000044   Data           4  boot_protocol.o(.data)
    .data                                    0x2000004c   Section        4  rand.o(.data)
    _rand_state                              0x2000004c   Data           4  rand.o(.data)
    .data                                    0x20000050   Section        4  stdout.o(.data)
    .data                                    0x20000054   Section        4  mvars.o(.data)
    .data                                    0x20000058   Section        4  mvars.o(.data)
    .bss                                     0x20000060   Section       32  stm32f1xx_hal_flash.o(.bss)
    .bss                                     0x20000080   Section       64  debug_uart.o(.bss)
    .bss                                     0x200000c0   Section      320  lora.o(.bss)
    .bss                                     0x20000200   Section       64  lora_timer.o(.bss)
    .bss                                     0x20000240   Section     2064  prh_flash.o(.bss)
    .bss                                     0x20000a50   Section     1364  boot_protocol.o(.bss)
    bt_pcb                                   0x20000c44   Data         864  boot_protocol.o(.bss)
    HEAP                                     0x20000fa8   Section      512  startup_stm32f103xe.o(HEAP)
    STACK                                    0x200011a8   Section     1024  startup_stm32f103xe.o(STACK)

    Global Symbols

    Symbol Name                              Value     Ov Type        Size  Object(Section)

    BuildAttributes$$THM_ISAv4$P$D$K$B$S$PE$A:L22UL41UL21$X:L11$S22US41US21$IEEE1$IW$USESV6$~STKCKD$USESV7$~SHL$OSPACE$ROPI$EBA8$MICROLIB$REQ8$PRES8$EABIv2 0x00000000   Number         0  anon$$obj.o ABSOLUTE
    __ARM_use_no_argv                        0x00000000   Number         0  main.o ABSOLUTE
    _printf_a                                0x00000000   Number         0  stubs.o ABSOLUTE
    _printf_c                                0x00000000   Number         0  stubs.o ABSOLUTE
    _printf_charcount                        0x00000000   Number         0  stubs.o ABSOLUTE
    _printf_d                                0x00000000   Number         0  stubs.o ABSOLUTE
    _printf_e                                0x00000000   Number         0  stubs.o ABSOLUTE
    _printf_f                                0x00000000   Number         0  stubs.o ABSOLUTE
    _printf_flags                            0x00000000   Number         0  stubs.o ABSOLUTE
    _printf_fp_dec                           0x00000000   Number         0  stubs.o ABSOLUTE
    _printf_fp_hex                           0x00000000   Number         0  stubs.o ABSOLUTE
    _printf_g                                0x00000000   Number         0  stubs.o ABSOLUTE
    _printf_i                                0x00000000   Number         0  stubs.o ABSOLUTE
    _printf_int_dec                          0x00000000   Number         0  stubs.o ABSOLUTE
    _printf_l                                0x00000000   Number         0  stubs.o ABSOLUTE
    _printf_lc                               0x00000000   Number         0  stubs.o ABSOLUTE
    _printf_ll                               0x00000000   Number         0  stubs.o ABSOLUTE
    _printf_lld                              0x00000000   Number         0  stubs.o ABSOLUTE
    _printf_lli                              0x00000000   Number         0  stubs.o ABSOLUTE
    _printf_llo                              0x00000000   Number         0  stubs.o ABSOLUTE
    _printf_llu                              0x00000000   Number         0  stubs.o ABSOLUTE
    _printf_llx                              0x00000000   Number         0  stubs.o ABSOLUTE
    _printf_longlong_dec                     0x00000000   Number         0  stubs.o ABSOLUTE
    _printf_longlong_hex                     0x00000000   Number         0  stubs.o ABSOLUTE
    _printf_longlong_oct                     0x00000000   Number         0  stubs.o ABSOLUTE
    _printf_ls                               0x00000000   Number         0  stubs.o ABSOLUTE
    _printf_mbtowc                           0x00000000   Number         0  stubs.o ABSOLUTE
    _printf_n                                0x00000000   Number         0  stubs.o ABSOLUTE
    _printf_o                                0x00000000   Number         0  stubs.o ABSOLUTE
    _printf_p                                0x00000000   Number         0  stubs.o ABSOLUTE
    _printf_percent                          0x00000000   Number         0  stubs.o ABSOLUTE
    _printf_pre_padding                      0x00000000   Number         0  stubs.o ABSOLUTE
    _printf_return_value                     0x00000000   Number         0  stubs.o ABSOLUTE
    _printf_s                                0x00000000   Number         0  stubs.o ABSOLUTE
    _printf_sizespec                         0x00000000   Number         0  stubs.o ABSOLUTE
    _printf_str                              0x00000000   Number         0  stubs.o ABSOLUTE
    _printf_truncate_signed                  0x00000000   Number         0  stubs.o ABSOLUTE
    _printf_truncate_unsigned                0x00000000   Number         0  stubs.o ABSOLUTE
    _printf_u                                0x00000000   Number         0  stubs.o ABSOLUTE
    _printf_wc                               0x00000000   Number         0  stubs.o ABSOLUTE
    _printf_wctomb                           0x00000000   Number         0  stubs.o ABSOLUTE
    _printf_widthprec                        0x00000000   Number         0  stubs.o ABSOLUTE
    _printf_x                                0x00000000   Number         0  stubs.o ABSOLUTE
    __cpp_initialize__aeabi_                  - Undefined Weak Reference
    __cxa_finalize                            - Undefined Weak Reference
    __decompress                              - Undefined Weak Reference
    _clock_init                               - Undefined Weak Reference
    _microlib_exit                            - Undefined Weak Reference
    __Vectors_Size                           0x00000130   Number         0  startup_stm32f103xe.o ABSOLUTE
    __Vectors                                0x08000000   Data           4  startup_stm32f103xe.o(RESET)
    __Vectors_End                            0x08000130   Data           0  startup_stm32f103xe.o(RESET)
    __main                                   0x08000131   Thumb Code     0  entry.o(.ARM.Collect$$$$00000000)
    _main_stk                                0x08000131   Thumb Code     0  entry2.o(.ARM.Collect$$$$00000001)
    _main_scatterload                        0x08000135   Thumb Code     0  entry5.o(.ARM.Collect$$$$00000004)
    __main_after_scatterload                 0x08000139   Thumb Code     0  entry5.o(.ARM.Collect$$$$00000004)
    _main_clock                              0x08000139   Thumb Code     0  entry7b.o(.ARM.Collect$$$$00000008)
    _main_cpp_init                           0x08000139   Thumb Code     0  entry8b.o(.ARM.Collect$$$$0000000A)
    _main_init                               0x08000139   Thumb Code     0  entry9a.o(.ARM.Collect$$$$0000000B)
    __rt_final_cpp                           0x08000141   Thumb Code     0  entry10a.o(.ARM.Collect$$$$0000000D)
    __rt_final_exit                          0x08000141   Thumb Code     0  entry11a.o(.ARM.Collect$$$$0000000F)
    MSR_MSP                                  0x08000145   Thumb Code     6  iap.o(.emb_text)
    Reset_Handler                            0x0800014d   Thumb Code     8  startup_stm32f103xe.o(.text)
    ADC1_2_IRQHandler                        0x08000167   Thumb Code     0  startup_stm32f103xe.o(.text)
    ADC3_IRQHandler                          0x08000167   Thumb Code     0  startup_stm32f103xe.o(.text)
    CAN1_RX1_IRQHandler                      0x08000167   Thumb Code     0  startup_stm32f103xe.o(.text)
    CAN1_SCE_IRQHandler                      0x08000167   Thumb Code     0  startup_stm32f103xe.o(.text)
    DMA1_Channel1_IRQHandler                 0x08000167   Thumb Code     0  startup_stm32f103xe.o(.text)
    DMA1_Channel2_IRQHandler                 0x08000167   Thumb Code     0  startup_stm32f103xe.o(.text)
    DMA1_Channel3_IRQHandler                 0x08000167   Thumb Code     0  startup_stm32f103xe.o(.text)
    DMA1_Channel4_IRQHandler                 0x08000167   Thumb Code     0  startup_stm32f103xe.o(.text)
    DMA1_Channel5_IRQHandler                 0x08000167   Thumb Code     0  startup_stm32f103xe.o(.text)
    DMA1_Channel6_IRQHandler                 0x08000167   Thumb Code     0  startup_stm32f103xe.o(.text)
    DMA1_Channel7_IRQHandler                 0x08000167   Thumb Code     0  startup_stm32f103xe.o(.text)
    DMA2_Channel1_IRQHandler                 0x08000167   Thumb Code     0  startup_stm32f103xe.o(.text)
    DMA2_Channel2_IRQHandler                 0x08000167   Thumb Code     0  startup_stm32f103xe.o(.text)
    DMA2_Channel3_IRQHandler                 0x08000167   Thumb Code     0  startup_stm32f103xe.o(.text)
    DMA2_Channel4_5_IRQHandler               0x08000167   Thumb Code     0  startup_stm32f103xe.o(.text)
    EXTI0_IRQHandler                         0x08000167   Thumb Code     0  startup_stm32f103xe.o(.text)
    EXTI15_10_IRQHandler                     0x08000167   Thumb Code     0  startup_stm32f103xe.o(.text)
    EXTI1_IRQHandler                         0x08000167   Thumb Code     0  startup_stm32f103xe.o(.text)
    EXTI2_IRQHandler                         0x08000167   Thumb Code     0  startup_stm32f103xe.o(.text)
    EXTI3_IRQHandler                         0x08000167   Thumb Code     0  startup_stm32f103xe.o(.text)
    EXTI4_IRQHandler                         0x08000167   Thumb Code     0  startup_stm32f103xe.o(.text)
    EXTI9_5_IRQHandler                       0x08000167   Thumb Code     0  startup_stm32f103xe.o(.text)
    FLASH_IRQHandler                         0x08000167   Thumb Code     0  startup_stm32f103xe.o(.text)
    FSMC_IRQHandler                          0x08000167   Thumb Code     0  startup_stm32f103xe.o(.text)
    I2C1_ER_IRQHandler                       0x08000167   Thumb Code     0  startup_stm32f103xe.o(.text)
    I2C1_EV_IRQHandler                       0x08000167   Thumb Code     0  startup_stm32f103xe.o(.text)
    I2C2_ER_IRQHandler                       0x08000167   Thumb Code     0  startup_stm32f103xe.o(.text)
    I2C2_EV_IRQHandler                       0x08000167   Thumb Code     0  startup_stm32f103xe.o(.text)
    PVD_IRQHandler                           0x08000167   Thumb Code     0  startup_stm32f103xe.o(.text)
    RCC_IRQHandler                           0x08000167   Thumb Code     0  startup_stm32f103xe.o(.text)
    RTC_Alarm_IRQHandler                     0x08000167   Thumb Code     0  startup_stm32f103xe.o(.text)
    RTC_IRQHandler                           0x08000167   Thumb Code     0  startup_stm32f103xe.o(.text)
    SDIO_IRQHandler                          0x08000167   Thumb Code     0  startup_stm32f103xe.o(.text)
    SPI1_IRQHandler                          0x08000167   Thumb Code     0  startup_stm32f103xe.o(.text)
    SPI2_IRQHandler                          0x08000167   Thumb Code     0  startup_stm32f103xe.o(.text)
    SPI3_IRQHandler                          0x08000167   Thumb Code     0  startup_stm32f103xe.o(.text)
    TAMPER_IRQHandler                        0x08000167   Thumb Code     0  startup_stm32f103xe.o(.text)
    TIM1_BRK_IRQHandler                      0x08000167   Thumb Code     0  startup_stm32f103xe.o(.text)
    TIM1_CC_IRQHandler                       0x08000167   Thumb Code     0  startup_stm32f103xe.o(.text)
    TIM1_TRG_COM_IRQHandler                  0x08000167   Thumb Code     0  startup_stm32f103xe.o(.text)
    TIM1_UP_IRQHandler                       0x08000167   Thumb Code     0  startup_stm32f103xe.o(.text)
    TIM2_IRQHandler                          0x08000167   Thumb Code     0  startup_stm32f103xe.o(.text)
    TIM3_IRQHandler                          0x08000167   Thumb Code     0  startup_stm32f103xe.o(.text)
    TIM4_IRQHandler                          0x08000167   Thumb Code     0  startup_stm32f103xe.o(.text)
    TIM5_IRQHandler                          0x08000167   Thumb Code     0  startup_stm32f103xe.o(.text)
    TIM7_IRQHandler                          0x08000167   Thumb Code     0  startup_stm32f103xe.o(.text)
    TIM8_BRK_IRQHandler                      0x08000167   Thumb Code     0  startup_stm32f103xe.o(.text)
    TIM8_CC_IRQHandler                       0x08000167   Thumb Code     0  startup_stm32f103xe.o(.text)
    TIM8_TRG_COM_IRQHandler                  0x08000167   Thumb Code     0  startup_stm32f103xe.o(.text)
    TIM8_UP_IRQHandler                       0x08000167   Thumb Code     0  startup_stm32f103xe.o(.text)
    UART4_IRQHandler                         0x08000167   Thumb Code     0  startup_stm32f103xe.o(.text)
    UART5_IRQHandler                         0x08000167   Thumb Code     0  startup_stm32f103xe.o(.text)
    USART1_IRQHandler                        0x08000167   Thumb Code     0  startup_stm32f103xe.o(.text)
    USART3_IRQHandler                        0x08000167   Thumb Code     0  startup_stm32f103xe.o(.text)
    USBWakeUp_IRQHandler                     0x08000167   Thumb Code     0  startup_stm32f103xe.o(.text)
    USB_HP_CAN1_TX_IRQHandler                0x08000167   Thumb Code     0  startup_stm32f103xe.o(.text)
    USB_LP_CAN1_RX0_IRQHandler               0x08000167   Thumb Code     0  startup_stm32f103xe.o(.text)
    WWDG_IRQHandler                          0x08000167   Thumb Code     0  startup_stm32f103xe.o(.text)
    __aeabi_llsr                             0x08000171   Thumb Code    32  llushr.o(.text)
    _ll_ushift_r                             0x08000171   Thumb Code     0  llushr.o(.text)
    rand                                     0x08000191   Thumb Code    20  rand.o(.text)
    srand                                    0x080001a5   Thumb Code     6  rand.o(.text)
    __aeabi_memset                           0x080001b5   Thumb Code    14  memseta.o(.text)
    __aeabi_memset4                          0x080001b5   Thumb Code     0  memseta.o(.text)
    __aeabi_memset8                          0x080001b5   Thumb Code     0  memseta.o(.text)
    __aeabi_memclr                           0x080001c3   Thumb Code     4  memseta.o(.text)
    __aeabi_memclr4                          0x080001c3   Thumb Code     0  memseta.o(.text)
    __aeabi_memclr8                          0x080001c3   Thumb Code     0  memseta.o(.text)
    _memset$wrapper                          0x080001c7   Thumb Code    18  memseta.o(.text)
    __aeabi_uldivmod                         0x080001d9   Thumb Code    98  uldiv.o(.text)
    __scatterload                            0x0800023d   Thumb Code    28  init.o(.text)
    __scatterload_rt2                        0x0800023d   Thumb Code     0  init.o(.text)
    __aeabi_llsl                             0x08000261   Thumb Code    30  llshl.o(.text)
    _ll_shift_l                              0x08000261   Thumb Code     0  llshl.o(.text)
    AT24Cxx_ReadOneByte                      0x0800027f   Thumb Code    70  at24c02.o(i.AT24Cxx_ReadOneByte)
    AT24Cxx_WriteOneByte                     0x080002c5   Thumb Code    62  at24c02.o(i.AT24Cxx_WriteOneByte)
    BT_APP_Check                             0x08000305   Thumb Code   100  iap.o(i.BT_APP_Check)
    BT_APP_Init                              0x0800039d   Thumb Code   256  boot_protocol.o(i.BT_APP_Init)
    BT_CRC16_XMODEM                          0x08000525   Thumb Code    54  boot_crc16.o(i.BT_CRC16_XMODEM)
    BT_Clear_DP_Copy_Flag                    0x0800055b   Thumb Code    44  boot_mem.o(i.BT_Clear_DP_Copy_Flag)
    BT_Copy_DataPack                         0x08000589   Thumb Code   110  boot_protocol.o(i.BT_Copy_DataPack)
    BT_Cycle_Query_SW_Version                0x08000629   Thumb Code   316  boot_protocol.o(i.BT_Cycle_Query_SW_Version)
    BT_DataPack_Handler                      0x08000825   Thumb Code   658  boot_protocol.o(i.BT_DataPack_Handler)
    BT_Dec_To_Hex                            0x08000c91   Thumb Code    38  boot_protocol.o(i.BT_Dec_To_Hex)
    BT_Exception_trigger                     0x08000cb9   Thumb Code    22  boot_protocol.o(i.BT_Exception_trigger)
    BT_Fill_ReservedByte                     0x08000f2d   Thumb Code    62  main.o(i.BT_Fill_ReservedByte)
    BT_Frame_Check                           0x08000f6d   Thumb Code    64  boot_protocol.o(i.BT_Frame_Check)
    BT_Frame_Format_Check                    0x08000fb1   Thumb Code   250  boot_protocol.o(i.BT_Frame_Format_Check)
    BT_GetCRC8                               0x0800112d   Thumb Code    44  boot_crc8.o(i.BT_GetCRC8)
    BT_Get_Rcv_Reserved                      0x08001159   Thumb Code   200  boot_protocol.o(i.BT_Get_Rcv_Reserved)
    BT_Hex_To_Dec                            0x080012e9   Thumb Code    34  boot_protocol.o(i.BT_Hex_To_Dec)
    BT_Jump_APP_Handler                      0x0800130b   Thumb Code     4  iap.o(i.BT_Jump_APP_Handler)
    BT_MEM_Read_Bytes                        0x0800130f   Thumb Code    38  app_mem.o(i.BT_MEM_Read_Bytes)
    BT_MEM_Write_Bytes                       0x08001335   Thumb Code    46  app_mem.o(i.BT_MEM_Write_Bytes)
    BT_Mount_Dev_And_Init                    0x08001365   Thumb Code   160  boot_protocol.o(i.BT_Mount_Dev_And_Init)
    BT_Read_DP_Copy_Flag                     0x080014ad   Thumb Code    18  boot_mem.o(i.BT_Read_DP_Copy_Flag)
    BT_Read_DP_From_Flash                    0x080014bf   Thumb Code    10  iap.o(i.BT_Read_DP_From_Flash)
    BT_Read_DataPack_Index                   0x080014c9   Thumb Code    78  boot_mem.o(i.BT_Read_DataPack_Index)
    BT_Read_GetDP_Cycle                      0x08001517   Thumb Code    78  boot_mem.o(i.BT_Read_GetDP_Cycle)
    BT_Read_Query_Cycle_Value                0x08001565   Thumb Code    82  boot_mem.o(i.BT_Read_Query_Cycle_Value)
    BT_Read_S_Version                        0x080015b7   Thumb Code    90  boot_mem.o(i.BT_Read_S_Version)
    BT_Read_SaveArea_DP_Size                 0x08001611   Thumb Code   104  boot_mem.o(i.BT_Read_SaveArea_DP_Size)
    BT_Read_Temp_S_Version                   0x08001679   Thumb Code    90  boot_mem.o(i.BT_Read_Temp_S_Version)
    BT_Read_Write_Flash_Addr                 0x080016d5   Thumb Code   108  boot_mem.o(i.BT_Read_Write_Flash_Addr)
    BT_Receive_Protocol_Msg                  0x08001745   Thumb Code   472  boot_protocol.o(i.BT_Receive_Protocol_Msg)
    BT_ReservedByte_Check                    0x080019c9   Thumb Code    22  boot_protocol.o(i.BT_ReservedByte_Check)
    BT_Save_DataPack_Index                   0x08001a21   Thumb Code   114  boot_mem.o(i.BT_Save_DataPack_Index)
    BT_Save_GetDP_Cycle                      0x08001a93   Thumb Code   128  boot_mem.o(i.BT_Save_GetDP_Cycle)
    BT_Save_Query_Cycle_Value                0x08001b13   Thumb Code   128  boot_mem.o(i.BT_Save_Query_Cycle_Value)
    BT_Save_S_Version                        0x08001b93   Thumb Code   108  boot_mem.o(i.BT_Save_S_Version)
    BT_Save_Temp_S_Version                   0x08001bff   Thumb Code   108  boot_mem.o(i.BT_Save_Temp_S_Version)
    BT_Save_Write_Flash_Addr                 0x08001c6b   Thumb Code    92  boot_mem.o(i.BT_Save_Write_Flash_Addr)
    BT_Send_Protocol_Msg                     0x08001cc9   Thumb Code   148  boot_protocol.o(i.BT_Send_Protocol_Msg)
    BT_Start_Interrupt                       0x08001de5   Thumb Code    22  boot_protocol.o(i.BT_Start_Interrupt)
    BT_Stop_Interrupt                        0x08001e39   Thumb Code    18  lora_timer.o(i.BT_Stop_Interrupt)
    BT_Timer_Handler                         0x08001e51   Thumb Code   150  boot_protocol.o(i.BT_Timer_Handler)
    BT_Version_Handle                        0x08001f6d   Thumb Code   218  boot_protocol.o(i.BT_Version_Handle)
    BT_Write_DP_To_Flash                     0x080020f5   Thumb Code    10  iap.o(i.BT_Write_DP_To_Flash)
    BusFault_Handler                         0x080020ff   Thumb Code     2  stm32f1xx_it.o(i.BusFault_Handler)
    Config_LoRa_Delay                        0x08002101   Thumb Code    84  lora.o(i.Config_LoRa_Delay)
    DebugMon_Handler                         0x08002159   Thumb Code     2  stm32f1xx_it.o(i.DebugMon_Handler)
    Debug_Print_Init                         0x0800215d   Thumb Code   112  debug_uart.o(i.Debug_Print_Init)
    Delay_us                                 0x080021dd   Thumb Code    18  i2c.o(i.Delay_us)
    EEPROM_WP_Dis                            0x080021f1   Thumb Code    10  at24c02.o(i.EEPROM_WP_Dis)
    EEPROM_WP_En                             0x08002201   Thumb Code    10  at24c02.o(i.EEPROM_WP_En)
    EEPROM_WP_Init                           0x08002211   Thumb Code    58  at24c02.o(i.EEPROM_WP_Init)
    EP_Clear_LoRa_Addr_Flag                  0x08002255   Thumb Code    34  lora.o(i.EP_Clear_LoRa_Addr_Flag)
    EP_Read_LoRa_Addr                        0x08002279   Thumb Code    72  lora.o(i.EP_Read_LoRa_Addr)
    EP_Read_LoRa_Com_Mode                    0x080022d9   Thumb Code    48  lora.o(i.EP_Read_LoRa_Com_Mode)
    EP_Save_LoRa_Addr                        0x08002309   Thumb Code   108  lora.o(i.EP_Save_LoRa_Addr)
    EP_Save_LoRa_Addr_Flag                   0x0800238d   Thumb Code    34  lora.o(i.EP_Save_LoRa_Addr_Flag)
    EP_Save_LoRa_Com_Mode                    0x080023b1   Thumb Code   102  lora.o(i.EP_Save_LoRa_Com_Mode)
    EP_Save_LoRa_Com_Mode_Flag               0x08002451   Thumb Code    42  lora.o(i.EP_Save_LoRa_Com_Mode_Flag)
    EP_Verify_LoRa_Addr_Flag                 0x0800247b   Thumb Code    20  lora.o(i.EP_Verify_LoRa_Addr_Flag)
    FLASH_PageErase                          0x080024b5   Thumb Code    28  stm32f1xx_hal_flash_ex.o(i.FLASH_PageErase)
    FLASH_WaitForLastOperation               0x08002551   Thumb Code    80  stm32f1xx_hal_flash.o(i.FLASH_WaitForLastOperation)
    GetCRC8                                  0x080025a5   Thumb Code    44  crc8.o(i.GetCRC8)
    HAL_DMA_Abort_IT                         0x080025d1   Thumb Code   296  stm32f1xx_hal_dma.o(i.HAL_DMA_Abort_IT)
    HAL_Delay                                0x08002701   Thumb Code    32  stm32f1xx_hal.o(i.HAL_Delay)
    HAL_FLASHEx_Erase                        0x08002725   Thumb Code   160  stm32f1xx_hal_flash_ex.o(i.HAL_FLASHEx_Erase)
    HAL_FLASH_Lock                           0x080027cd   Thumb Code    14  stm32f1xx_hal_flash.o(i.HAL_FLASH_Lock)
    HAL_FLASH_Program                        0x080027e1   Thumb Code   120  stm32f1xx_hal_flash.o(i.HAL_FLASH_Program)
    HAL_FLASH_Unlock                         0x08002861   Thumb Code    28  stm32f1xx_hal_flash.o(i.HAL_FLASH_Unlock)
    HAL_GPIO_DeInit                          0x08002889   Thumb Code   256  stm32f1xx_hal_gpio.o(i.HAL_GPIO_DeInit)
    HAL_GPIO_Init                            0x080029a9   Thumb Code   462  stm32f1xx_hal_gpio.o(i.HAL_GPIO_Init)
    HAL_GPIO_ReadPin                         0x08002ba1   Thumb Code    10  stm32f1xx_hal_gpio.o(i.HAL_GPIO_ReadPin)
    HAL_GPIO_WritePin                        0x08002bab   Thumb Code    10  stm32f1xx_hal_gpio.o(i.HAL_GPIO_WritePin)
    HAL_GetTick                              0x08002bb5   Thumb Code     6  stm32f1xx_hal.o(i.HAL_GetTick)
    HAL_IncTick                              0x08002bc1   Thumb Code    12  stm32f1xx_hal.o(i.HAL_IncTick)
    HAL_Init                                 0x08002bd1   Thumb Code    32  stm32f1xx_hal.o(i.HAL_Init)
    HAL_InitTick                             0x08002bf5   Thumb Code    54  stm32f1xx_hal.o(i.HAL_InitTick)
    HAL_MspInit                              0x08002c35   Thumb Code    52  stm32f1xx_hal_msp.o(i.HAL_MspInit)
    HAL_NVIC_DisableIRQ                      0x08002c71   Thumb Code    34  stm32f1xx_hal_cortex.o(i.HAL_NVIC_DisableIRQ)
    HAL_NVIC_EnableIRQ                       0x08002c93   Thumb Code    26  stm32f1xx_hal_cortex.o(i.HAL_NVIC_EnableIRQ)
    HAL_NVIC_SetPriority                     0x08002cad   Thumb Code    60  stm32f1xx_hal_cortex.o(i.HAL_NVIC_SetPriority)
    HAL_NVIC_SetPriorityGrouping             0x08002ced   Thumb Code    26  stm32f1xx_hal_cortex.o(i.HAL_NVIC_SetPriorityGrouping)
    HAL_RCC_ClockConfig                      0x08002d11   Thumb Code   280  stm32f1xx_hal_rcc.o(i.HAL_RCC_ClockConfig)
    HAL_RCC_GetPCLK1Freq                     0x08002e3d   Thumb Code    20  stm32f1xx_hal_rcc.o(i.HAL_RCC_GetPCLK1Freq)
    HAL_RCC_GetPCLK2Freq                     0x08002e5d   Thumb Code    20  stm32f1xx_hal_rcc.o(i.HAL_RCC_GetPCLK2Freq)
    HAL_RCC_GetSysClockFreq                  0x08002e7d   Thumb Code    74  stm32f1xx_hal_rcc.o(i.HAL_RCC_GetSysClockFreq)
    HAL_RCC_OscConfig                        0x08002ee9   Thumb Code   778  stm32f1xx_hal_rcc.o(i.HAL_RCC_OscConfig)
    HAL_SYSTICK_Config                       0x08003209   Thumb Code    40  stm32f1xx_hal_cortex.o(i.HAL_SYSTICK_Config)
    HAL_TIMEx_BreakCallback                  0x08003231   Thumb Code     2  stm32f1xx_hal_tim_ex.o(i.HAL_TIMEx_BreakCallback)
    HAL_TIMEx_CommutCallback                 0x08003233   Thumb Code     2  stm32f1xx_hal_tim_ex.o(i.HAL_TIMEx_CommutCallback)
    HAL_TIMEx_MasterConfigSynchronization    0x08003235   Thumb Code    66  stm32f1xx_hal_tim_ex.o(i.HAL_TIMEx_MasterConfigSynchronization)
    HAL_TIM_Base_Init                        0x08003277   Thumb Code    54  stm32f1xx_hal_tim.o(i.HAL_TIM_Base_Init)
    HAL_TIM_Base_MspInit                     0x080032ad   Thumb Code     2  stm32f1xx_hal_tim.o(i.HAL_TIM_Base_MspInit)
    HAL_TIM_Base_Start_IT                    0x080032af   Thumb Code    34  stm32f1xx_hal_tim.o(i.HAL_TIM_Base_Start_IT)
    HAL_TIM_Base_Stop_IT                     0x080032d1   Thumb Code    42  stm32f1xx_hal_tim.o(i.HAL_TIM_Base_Stop_IT)
    HAL_TIM_IC_CaptureCallback               0x080032fb   Thumb Code     2  stm32f1xx_hal_tim.o(i.HAL_TIM_IC_CaptureCallback)
    HAL_TIM_IRQHandler                       0x080032fd   Thumb Code   358  stm32f1xx_hal_tim.o(i.HAL_TIM_IRQHandler)
    HAL_TIM_OC_DelayElapsedCallback          0x08003463   Thumb Code     2  stm32f1xx_hal_tim.o(i.HAL_TIM_OC_DelayElapsedCallback)
    HAL_TIM_PWM_PulseFinishedCallback        0x08003465   Thumb Code     2  stm32f1xx_hal_tim.o(i.HAL_TIM_PWM_PulseFinishedCallback)
    HAL_TIM_PeriodElapsedCallback            0x08003469   Thumb Code    70  lora_timer.o(i.HAL_TIM_PeriodElapsedCallback)
    HAL_TIM_TriggerCallback                  0x080034cd   Thumb Code     2  stm32f1xx_hal_tim.o(i.HAL_TIM_TriggerCallback)
    HAL_UART_ErrorCallback                   0x080034cf   Thumb Code     2  stm32f1xx_hal_uart.o(i.HAL_UART_ErrorCallback)
    HAL_UART_IRQHandler                      0x080034d1   Thumb Code   266  stm32f1xx_hal_uart.o(i.HAL_UART_IRQHandler)
    HAL_UART_Init                            0x080035e1   Thumb Code    98  stm32f1xx_hal_uart.o(i.HAL_UART_Init)
    HAL_UART_MspInit                         0x08003643   Thumb Code     2  stm32f1xx_hal_uart.o(i.HAL_UART_MspInit)
    HAL_UART_Receive_IT                      0x08003645   Thumb Code    82  stm32f1xx_hal_uart.o(i.HAL_UART_Receive_IT)
    HAL_UART_RxCpltCallback                  0x08003699   Thumb Code    58  lora_timer.o(i.HAL_UART_RxCpltCallback)
    HAL_UART_Transmit                        0x080036fd   Thumb Code   186  stm32f1xx_hal_uart.o(i.HAL_UART_Transmit)
    HAL_UART_TxCpltCallback                  0x080037b7   Thumb Code     2  stm32f1xx_hal_uart.o(i.HAL_UART_TxCpltCallback)
    HardFault_Handler                        0x080037b9   Thumb Code     2  stm32f1xx_it.o(i.HardFault_Handler)
    I2C_Ack                                  0x080037bd   Thumb Code    64  i2c.o(i.I2C_Ack)
    I2C_Init                                 0x08003801   Thumb Code    96  i2c.o(i.I2C_Init)
    I2C_NAck                                 0x08003869   Thumb Code    64  i2c.o(i.I2C_NAck)
    I2C_Read_Byte                            0x080038ad   Thumb Code    92  i2c.o(i.I2C_Read_Byte)
    I2C_SDA_In                               0x0800390d   Thumb Code    20  i2c.o(i.I2C_SDA_In)
    I2C_SDA_Out                              0x08003925   Thumb Code    24  i2c.o(i.I2C_SDA_Out)
    I2C_Send_Byte                            0x08003941   Thumb Code    86  i2c.o(i.I2C_Send_Byte)
    I2C_Start                                0x0800399d   Thumb Code    64  i2c.o(i.I2C_Start)
    I2C_Stop                                 0x080039e1   Thumb Code    64  i2c.o(i.I2C_Stop)
    I2C_Wait_Ack                             0x08003a25   Thumb Code    86  i2c.o(i.I2C_Wait_Ack)
    IAP_Load_APP                             0x08003a81   Thumb Code    36  iap.o(i.IAP_Load_APP)
    LoRaSerial_End                           0x08003aad   Thumb Code    40  lora.o(i.LoRaSerial_End)
    LoRaUart_Baud_Config                     0x08003add   Thumb Code   182  lora.o(i.LoRaUart_Baud_Config)
    LoRa_AT                                  0x08003c45   Thumb Code   124  lora.o(i.LoRa_AT)
    LoRa_AT_Config_Cmd                       0x08003cf5   Thumb Code   234  lora.o(i.LoRa_AT_Config_Cmd)
    LoRa_AT_Query_Cmd                        0x08003e05   Thumb Code   160  lora.o(i.LoRa_AT_Query_Cmd)
    LoRa_Baud_Change_Cmd                     0x08003ec9   Thumb Code    96  lora.o(i.LoRa_Baud_Change_Cmd)
    LoRa_Check_Err_Msg                       0x08003f2d   Thumb Code    50  lora.o(i.LoRa_Check_Err_Msg)
    LoRa_Check_OK_Msg                        0x08003f75   Thumb Code    26  lora.o(i.LoRa_Check_OK_Msg)
    LoRa_GPIO_Config                         0x08003f91   Thumb Code   170  lora.o(i.LoRa_GPIO_Config)
    LoRa_Get_CSQ                             0x08004045   Thumb Code    20  lora.o(i.LoRa_Get_CSQ)
    LoRa_Mode                                0x08004059   Thumb Code    64  lora.o(i.LoRa_Mode)
    LoRa_Param_Check                         0x080040a5   Thumb Code   280  lora.o(i.LoRa_Param_Check)
    LoRa_Parameter_Init                      0x08004225   Thumb Code   368  lora.o(i.LoRa_Parameter_Init)
    LoRa_Parse_Command                       0x080044e1   Thumb Code   100  lora.o(i.LoRa_Parse_Command)
    LoRa_Reset                               0x08004545   Thumb Code    38  lora.o(i.LoRa_Reset)
    LoRa_Restart                             0x08004571   Thumb Code    30  lora.o(i.LoRa_Restart)
    LoRa_Send_Data                           0x08004595   Thumb Code    62  lora_timer.o(i.LoRa_Send_Data)
    LoRa_Shutdown                            0x08004611   Thumb Code    56  lora.o(i.LoRa_Shutdown)
    LoRa_Tim_Init                            0x08004651   Thumb Code    82  lora_timer.o(i.LoRa_Tim_Init)
    LoRa_UART_Init                           0x080046b1   Thumb Code   138  lora.o(i.LoRa_UART_Init)
    MemManage_Handler                        0x08004751   Thumb Code     2  stm32f1xx_it.o(i.MemManage_Handler)
    NMI_Handler                              0x08004753   Thumb Code     2  stm32f1xx_it.o(i.NMI_Handler)
    PendSV_Handler                           0x08004755   Thumb Code     2  stm32f1xx_it.o(i.PendSV_Handler)
    Read_Flash                               0x08004759   Thumb Code    24  prh_flash.o(i.Read_Flash)
    Rewrite_ID                               0x08004771   Thumb Code   190  lora.o(i.Rewrite_ID)
    SVC_Handler                              0x08004921   Thumb Code     2  stm32f1xx_it.o(i.SVC_Handler)
    SysTick_Handler                          0x08004923   Thumb Code     4  stm32f1xx_it.o(i.SysTick_Handler)
    SystemClock_Config                       0x08004927   Thumb Code    78  main.o(i.SystemClock_Config)
    SystemInit                               0x08004975   Thumb Code    56  system_stm32f1xx.o(i.SystemInit)
    TIM6_IRQHandler                          0x080049bd   Thumb Code     6  lora_timer.o(i.TIM6_IRQHandler)
    TIM_Base_SetConfig                       0x080049c9   Thumb Code   120  stm32f1xx_hal_tim.o(i.TIM_Base_SetConfig)
    USART2_IRQHandler                        0x08004c99   Thumb Code     6  lora_timer.o(i.USART2_IRQHandler)
    UsageFault_Handler                       0x08004ca5   Thumb Code     2  stm32f1xx_it.o(i.UsageFault_Handler)
    Write_Flash_Buffer                       0x08004ca9   Thumb Code   224  prh_flash.o(i.Write_Flash_Buffer)
    Write_Flash_NoCheck                      0x08004dc5   Thumb Code    42  prh_flash.o(i.Write_Flash_NoCheck)
    __0printf$5                              0x08004df1   Thumb Code    22  printf5.o(i.__0printf$5)
    __1printf$5                              0x08004df1   Thumb Code     0  printf5.o(i.__0printf$5)
    __2printf                                0x08004df1   Thumb Code     0  printf5.o(i.__0printf$5)
    __0sprintf$5                             0x08004e11   Thumb Code    34  printf5.o(i.__0sprintf$5)
    __1sprintf$5                             0x08004e11   Thumb Code     0  printf5.o(i.__0sprintf$5)
    __2sprintf                               0x08004e11   Thumb Code     0  printf5.o(i.__0sprintf$5)
    __scatterload_copy                       0x08004e59   Thumb Code    14  handlers.o(i.__scatterload_copy)
    __scatterload_null                       0x08004e67   Thumb Code     2  handlers.o(i.__scatterload_null)
    __scatterload_zeroinit                   0x08004e69   Thumb Code    14  handlers.o(i.__scatterload_zeroinit)
    app_mem_Is_Saved_Check                   0x08005143   Thumb Code     4  app_mem.o(i.app_mem_Is_Saved_Check)
    app_mem_Read_SN_Code                     0x08005147   Thumb Code    46  app_mem.o(i.app_mem_Read_SN_Code)
    app_mem_check_crc                        0x08005175   Thumb Code    76  app_mem.o(i.app_mem_check_crc)
    fputc                                    0x080051c1   Thumb Code    20  debug_uart.o(i.fputc)
    free                                     0x080051d9   Thumb Code    76  malloc.o(i.free)
    main                                     0x08005229   Thumb Code    78  main.o(i.main)
    malloc                                   0x08005289   Thumb Code    92  malloc.o(i.malloc)
    AHBPrescTable                            0x080052f4   Data          16  system_stm32f1xx.o(.constdata)
    APBPrescTable                            0x08005304   Data           8  system_stm32f1xx.o(.constdata)
    Region$$Table$$Base                      0x08005734   Number         0  anon$$obj.o(Region$$Table)
    Region$$Table$$Limit                     0x08005754   Number         0  anon$$obj.o(Region$$Table)
    uwTickFreq                               0x20000000   Data           1  stm32f1xx_hal.o(.data)
    uwTickPrio                               0x20000004   Data           4  stm32f1xx_hal.o(.data)
    uwTick                                   0x20000008   Data           4  stm32f1xx_hal.o(.data)
    SystemCoreClock                          0x2000000c   Data           4  system_stm32f1xx.o(.data)
    Jump_APP                                 0x20000010   Data           4  iap.o(.data)
    gLoRa_Rcv_Temp                           0x20000014   Data           1  lora.o(.data)
    gLoRa_Wait_Relay_Delay                   0x20000016   Data           2  lora.o(.data)
    gLoRa_Rcv_Len                            0x20000018   Data           2  lora.o(.data)
    SOFT_AT                                  0x2000001a   Data           3  lora.o(.data)
    gLoRa_BaudRate                           0x20000020   Data           4  lora.o(.data)
    SOFT_PATH                                0x20000024   Data           5  lora.o(.data)
    gLoRa_Rcv_IRQ_Num                        0x2000002c   Data           4  lora_timer.o(.data)
    SECTORError                              0x20000030   Data           4  prh_flash.o(.data)
    BT_Rcv_Tim_Num                           0x20000038   Data           2  boot_protocol.o(.data)
    BT_Query_CycVal                          0x2000003c   Data           4  boot_protocol.o(.data)
    BT_Rand_Seed_Num                         0x20000048   Data           4  boot_protocol.o(.data)
    __stdout                                 0x20000050   Data           4  stdout.o(.data)
    __microlib_freelist                      0x20000054   Data           4  mvars.o(.data)
    __microlib_freelist_initialised          0x20000058   Data           4  mvars.o(.data)
    pFlash                                   0x20000060   Data          32  stm32f1xx_hal_flash.o(.bss)
    huart1                                   0x20000080   Data          64  debug_uart.o(.bss)
    gLoRa_Rcv_Buf                            0x200000c0   Data         256  lora.o(.bss)
    hLoRaSerial                              0x200001c0   Data          64  lora.o(.bss)
    hlora_tim                                0x20000200   Data          64  lora_timer.o(.bss)
    EraseInitStruct                          0x20000240   Data          16  prh_flash.o(.bss)
    FLASH_Page_Buffer                        0x20000250   Data        2048  prh_flash.o(.bss)
    BT_PrintDBG_Buf                          0x20000a50   Data         500  boot_protocol.o(.bss)
    __heap_base                              0x20000fa8   Data           0  startup_stm32f103xe.o(HEAP)
    __heap_limit                             0x200011a8   Data           0  startup_stm32f103xe.o(HEAP)
    __initial_sp                             0x200015a8   Data           0  startup_stm32f103xe.o(STACK)



==============================================================================

Memory Map of the image

  Image Entry point : 0x08000131

  Load Region LR_IROM1 (Base: 0x08000000, Size: 0x000057b0, Max: 0x00040000, ABSOLUTE)

    Execution Region ER_IROM1 (Base: 0x08000000, Size: 0x00005754, Max: 0x00040000, ABSOLUTE)

    Base Addr    Size         Type   Attr      Idx    E Section Name        Object

    0x08000000   0x00000130   Data   RO            3    RESET               startup_stm32f103xe.o
    0x08000130   0x00000000   Code   RO         3662  * .ARM.Collect$$$$00000000  mc_w.l(entry.o)
    0x08000130   0x00000004   Code   RO         3961    .ARM.Collect$$$$00000001  mc_w.l(entry2.o)
    0x08000134   0x00000004   Code   RO         3964    .ARM.Collect$$$$00000004  mc_w.l(entry5.o)
    0x08000138   0x00000000   Code   RO         3966    .ARM.Collect$$$$00000008  mc_w.l(entry7b.o)
    0x08000138   0x00000000   Code   RO         3968    .ARM.Collect$$$$0000000A  mc_w.l(entry8b.o)
    0x08000138   0x00000008   Code   RO         3969    .ARM.Collect$$$$0000000B  mc_w.l(entry9a.o)
    0x08000140   0x00000000   Code   RO         3971    .ARM.Collect$$$$0000000D  mc_w.l(entry10a.o)
    0x08000140   0x00000000   Code   RO         3973    .ARM.Collect$$$$0000000F  mc_w.l(entry11a.o)
    0x08000140   0x00000004   Code   RO         3962    .ARM.Collect$$$$00002712  mc_w.l(entry2.o)
    0x08000144   0x00000006   Code   RO         2904    .emb_text           iap.o
    0x0800014a   0x00000002   PAD
    0x0800014c   0x00000024   Code   RO            4    .text               startup_stm32f103xe.o
    0x08000170   0x00000020   Code   RO         3665    .text               mc_w.l(llushr.o)
    0x08000190   0x00000024   Code   RO         3667    .text               mc_w.l(rand.o)
    0x080001b4   0x00000024   Code   RO         3670    .text               mc_w.l(memseta.o)
    0x080001d8   0x00000062   Code   RO         3978    .text               mc_w.l(uldiv.o)
    0x0800023a   0x00000002   PAD
    0x0800023c   0x00000024   Code   RO         3997    .text               mc_w.l(init.o)
    0x08000260   0x0000001e   Code   RO         3999    .text               mc_w.l(llshl.o)
    0x0800027e   0x00000046   Code   RO         2738    i.AT24Cxx_ReadOneByte  at24c02.o
    0x080002c4   0x0000003e   Code   RO         2739    i.AT24Cxx_WriteOneByte  at24c02.o
    0x08000302   0x00000002   PAD
    0x08000304   0x00000098   Code   RO         2905    i.BT_APP_Check      iap.o
    0x0800039c   0x00000188   Code   RO         3463    i.BT_APP_Init       boot_protocol.o
    0x08000524   0x00000036   Code   RO         3299    i.BT_CRC16_XMODEM   boot_crc16.o
    0x0800055a   0x0000002c   Code   RO         3317    i.BT_Clear_DP_Copy_Flag  boot_mem.o
    0x08000586   0x00000002   PAD
    0x08000588   0x000000a0   Code   RO         3464    i.BT_Copy_DataPack  boot_protocol.o
    0x08000628   0x000001fc   Code   RO         3465    i.BT_Cycle_Query_SW_Version  boot_protocol.o
    0x08000824   0x0000046c   Code   RO         3466    i.BT_DataPack_Handler  boot_protocol.o
    0x08000c90   0x00000026   Code   RO         3467    i.BT_Dec_To_Hex     boot_protocol.o
    0x08000cb6   0x00000002   PAD
    0x08000cb8   0x00000058   Code   RO         3468    i.BT_Exception_trigger  boot_protocol.o
    0x08000d10   0x0000021c   Code   RO         3469    i.BT_Fill_Frame_Content  boot_protocol.o
    0x08000f2c   0x0000003e   Code   RO           13    i.BT_Fill_ReservedByte  main.o
    0x08000f6a   0x00000002   PAD
    0x08000f6c   0x00000044   Code   RO         3471    i.BT_Frame_Check    boot_protocol.o
    0x08000fb0   0x0000017c   Code   RO         3472    i.BT_Frame_Format_Check  boot_protocol.o
    0x0800112c   0x0000002c   Code   RO         3284    i.BT_GetCRC8        boot_crc8.o
    0x08001158   0x00000190   Code   RO         3473    i.BT_Get_Rcv_Reserved  boot_protocol.o
    0x080012e8   0x00000022   Code   RO         3475    i.BT_Hex_To_Dec     boot_protocol.o
    0x0800130a   0x00000004   Code   RO         2906    i.BT_Jump_APP_Handler  iap.o
    0x0800130e   0x00000026   Code   RO         2639    i.BT_MEM_Read_Bytes  app_mem.o
    0x08001334   0x0000002e   Code   RO         2640    i.BT_MEM_Write_Bytes  app_mem.o
    0x08001362   0x00000002   PAD
    0x08001364   0x00000148   Code   RO         3480    i.BT_Mount_Dev_And_Init  boot_protocol.o
    0x080014ac   0x00000012   Code   RO         3320    i.BT_Read_DP_Copy_Flag  boot_mem.o
    0x080014be   0x0000000a   Code   RO         2907    i.BT_Read_DP_From_Flash  iap.o
    0x080014c8   0x0000004e   Code   RO         3321    i.BT_Read_DataPack_Index  boot_mem.o
    0x08001516   0x0000004e   Code   RO         3322    i.BT_Read_GetDP_Cycle  boot_mem.o
    0x08001564   0x00000052   Code   RO         3323    i.BT_Read_Query_Cycle_Value  boot_mem.o
    0x080015b6   0x0000005a   Code   RO         3324    i.BT_Read_S_Version  boot_mem.o
    0x08001610   0x00000068   Code   RO         3325    i.BT_Read_SaveArea_DP_Size  boot_mem.o
    0x08001678   0x0000005a   Code   RO         3326    i.BT_Read_Temp_S_Version  boot_mem.o
    0x080016d2   0x00000002   PAD
    0x080016d4   0x00000070   Code   RO         3327    i.BT_Read_Write_Flash_Addr  boot_mem.o
    0x08001744   0x00000284   Code   RO         3482    i.BT_Receive_Protocol_Msg  boot_protocol.o
    0x080019c8   0x00000058   Code   RO         3483    i.BT_ReservedByte_Check  boot_protocol.o
    0x08001a20   0x00000072   Code   RO         3328    i.BT_Save_DataPack_Index  boot_mem.o
    0x08001a92   0x00000080   Code   RO         3329    i.BT_Save_GetDP_Cycle  boot_mem.o
    0x08001b12   0x00000080   Code   RO         3330    i.BT_Save_Query_Cycle_Value  boot_mem.o
    0x08001b92   0x0000006c   Code   RO         3331    i.BT_Save_S_Version  boot_mem.o
    0x08001bfe   0x0000006c   Code   RO         3333    i.BT_Save_Temp_S_Version  boot_mem.o
    0x08001c6a   0x0000005c   Code   RO         3334    i.BT_Save_Write_Flash_Addr  boot_mem.o
    0x08001cc6   0x00000002   PAD
    0x08001cc8   0x0000011c   Code   RO         3484    i.BT_Send_Protocol_Msg  boot_protocol.o
    0x08001de4   0x00000054   Code   RO         3486    i.BT_Start_Interrupt  boot_protocol.o
    0x08001e38   0x00000018   Code   RO         3168    i.BT_Stop_Interrupt  lora_timer.o
    0x08001e50   0x0000011c   Code   RO         3488    i.BT_Timer_Handler  boot_protocol.o
    0x08001f6c   0x00000188   Code   RO         3489    i.BT_Version_Handle  boot_protocol.o
    0x080020f4   0x0000000a   Code   RO         2908    i.BT_Write_DP_To_Flash  iap.o
    0x080020fe   0x00000002   Code   RO          191    i.BusFault_Handler  stm32f1xx_it.o
    0x08002100   0x00000058   Code   RO         2970    i.Config_LoRa_Delay  lora.o
    0x08002158   0x00000002   Code   RO          192    i.DebugMon_Handler  stm32f1xx_it.o
    0x0800215a   0x00000002   PAD
    0x0800215c   0x00000080   Code   RO         2593    i.Debug_Print_Init  debug_uart.o
    0x080021dc   0x00000012   Code   RO         2819    i.Delay_us          i2c.o
    0x080021ee   0x00000002   PAD
    0x080021f0   0x00000010   Code   RO         2740    i.EEPROM_WP_Dis     at24c02.o
    0x08002200   0x00000010   Code   RO         2741    i.EEPROM_WP_En      at24c02.o
    0x08002210   0x00000044   Code   RO         2742    i.EEPROM_WP_Init    at24c02.o
    0x08002254   0x00000022   Code   RO         2971    i.EP_Clear_LoRa_Addr_Flag  lora.o
    0x08002276   0x00000002   PAD
    0x08002278   0x00000060   Code   RO         2973    i.EP_Read_LoRa_Addr  lora.o
    0x080022d8   0x00000030   Code   RO         2974    i.EP_Read_LoRa_Com_Mode  lora.o
    0x08002308   0x00000084   Code   RO         2975    i.EP_Save_LoRa_Addr  lora.o
    0x0800238c   0x00000022   Code   RO         2976    i.EP_Save_LoRa_Addr_Flag  lora.o
    0x080023ae   0x00000002   PAD
    0x080023b0   0x000000a0   Code   RO         2977    i.EP_Save_LoRa_Com_Mode  lora.o
    0x08002450   0x0000002a   Code   RO         2978    i.EP_Save_LoRa_Com_Mode_Flag  lora.o
    0x0800247a   0x00000014   Code   RO         2979    i.EP_Verify_LoRa_Addr_Flag  lora.o
    0x0800248e   0x00000002   PAD
    0x08002490   0x00000024   Code   RO         2072    i.FLASH_MassErase   stm32f1xx_hal_flash_ex.o
    0x080024b4   0x00000024   Code   RO         2077    i.FLASH_PageErase   stm32f1xx_hal_flash_ex.o
    0x080024d8   0x0000001c   Code   RO         1969    i.FLASH_Program_HalfWord  stm32f1xx_hal_flash.o
    0x080024f4   0x0000005c   Code   RO         1970    i.FLASH_SetErrorCode  stm32f1xx_hal_flash.o
    0x08002550   0x00000054   Code   RO         1971    i.FLASH_WaitForLastOperation  stm32f1xx_hal_flash.o
    0x080025a4   0x0000002c   Code   RO         2786    i.GetCRC8           crc8.o
    0x080025d0   0x00000130   Code   RO         1634    i.HAL_DMA_Abort_IT  stm32f1xx_hal_dma.o
    0x08002700   0x00000024   Code   RO         1261    i.HAL_Delay         stm32f1xx_hal.o
    0x08002724   0x000000a8   Code   RO         2078    i.HAL_FLASHEx_Erase  stm32f1xx_hal_flash_ex.o
    0x080027cc   0x00000014   Code   RO         1975    i.HAL_FLASH_Lock    stm32f1xx_hal_flash.o
    0x080027e0   0x00000080   Code   RO         1980    i.HAL_FLASH_Program  stm32f1xx_hal_flash.o
    0x08002860   0x00000028   Code   RO         1982    i.HAL_FLASH_Unlock  stm32f1xx_hal_flash.o
    0x08002888   0x00000120   Code   RO         1566    i.HAL_GPIO_DeInit   stm32f1xx_hal_gpio.o
    0x080029a8   0x000001f8   Code   RO         1569    i.HAL_GPIO_Init     stm32f1xx_hal_gpio.o
    0x08002ba0   0x0000000a   Code   RO         1571    i.HAL_GPIO_ReadPin  stm32f1xx_hal_gpio.o
    0x08002baa   0x0000000a   Code   RO         1573    i.HAL_GPIO_WritePin  stm32f1xx_hal_gpio.o
    0x08002bb4   0x0000000c   Code   RO         1265    i.HAL_GetTick       stm32f1xx_hal.o
    0x08002bc0   0x00000010   Code   RO         1271    i.HAL_IncTick       stm32f1xx_hal.o
    0x08002bd0   0x00000024   Code   RO         1272    i.HAL_Init          stm32f1xx_hal.o
    0x08002bf4   0x00000040   Code   RO         1273    i.HAL_InitTick      stm32f1xx_hal.o
    0x08002c34   0x0000003c   Code   RO          266    i.HAL_MspInit       stm32f1xx_hal_msp.o
    0x08002c70   0x00000022   Code   RO         1728    i.HAL_NVIC_DisableIRQ  stm32f1xx_hal_cortex.o
    0x08002c92   0x0000001a   Code   RO         1729    i.HAL_NVIC_EnableIRQ  stm32f1xx_hal_cortex.o
    0x08002cac   0x00000040   Code   RO         1735    i.HAL_NVIC_SetPriority  stm32f1xx_hal_cortex.o
    0x08002cec   0x00000024   Code   RO         1736    i.HAL_NVIC_SetPriorityGrouping  stm32f1xx_hal_cortex.o
    0x08002d10   0x0000012c   Code   RO         1429    i.HAL_RCC_ClockConfig  stm32f1xx_hal_rcc.o
    0x08002e3c   0x00000020   Code   RO         1436    i.HAL_RCC_GetPCLK1Freq  stm32f1xx_hal_rcc.o
    0x08002e5c   0x00000020   Code   RO         1437    i.HAL_RCC_GetPCLK2Freq  stm32f1xx_hal_rcc.o
    0x08002e7c   0x0000006c   Code   RO         1438    i.HAL_RCC_GetSysClockFreq  stm32f1xx_hal_rcc.o
    0x08002ee8   0x00000320   Code   RO         1441    i.HAL_RCC_OscConfig  stm32f1xx_hal_rcc.o
    0x08003208   0x00000028   Code   RO         1740    i.HAL_SYSTICK_Config  stm32f1xx_hal_cortex.o
    0x08003230   0x00000002   Code   RO         1003    i.HAL_TIMEx_BreakCallback  stm32f1xx_hal_tim_ex.o
    0x08003232   0x00000002   Code   RO         1004    i.HAL_TIMEx_CommutCallback  stm32f1xx_hal_tim_ex.o
    0x08003234   0x00000042   Code   RO         1021    i.HAL_TIMEx_MasterConfigSynchronization  stm32f1xx_hal_tim_ex.o
    0x08003276   0x00000036   Code   RO          328    i.HAL_TIM_Base_Init  stm32f1xx_hal_tim.o
    0x080032ac   0x00000002   Code   RO          330    i.HAL_TIM_Base_MspInit  stm32f1xx_hal_tim.o
    0x080032ae   0x00000022   Code   RO          333    i.HAL_TIM_Base_Start_IT  stm32f1xx_hal_tim.o
    0x080032d0   0x0000002a   Code   RO          336    i.HAL_TIM_Base_Stop_IT  stm32f1xx_hal_tim.o
    0x080032fa   0x00000002   Code   RO          357    i.HAL_TIM_IC_CaptureCallback  stm32f1xx_hal_tim.o
    0x080032fc   0x00000166   Code   RO          371    i.HAL_TIM_IRQHandler  stm32f1xx_hal_tim.o
    0x08003462   0x00000002   Code   RO          374    i.HAL_TIM_OC_DelayElapsedCallback  stm32f1xx_hal_tim.o
    0x08003464   0x00000002   Code   RO          401    i.HAL_TIM_PWM_PulseFinishedCallback  stm32f1xx_hal_tim.o
    0x08003466   0x00000002   PAD
    0x08003468   0x00000064   Code   RO         3169    i.HAL_TIM_PeriodElapsedCallback  lora_timer.o
    0x080034cc   0x00000002   Code   RO          414    i.HAL_TIM_TriggerCallback  stm32f1xx_hal_tim.o
    0x080034ce   0x00000002   Code   RO         2250    i.HAL_UART_ErrorCallback  stm32f1xx_hal_uart.o
    0x080034d0   0x00000110   Code   RO         2253    i.HAL_UART_IRQHandler  stm32f1xx_hal_uart.o
    0x080035e0   0x00000062   Code   RO         2254    i.HAL_UART_Init     stm32f1xx_hal_uart.o
    0x08003642   0x00000002   Code   RO         2256    i.HAL_UART_MspInit  stm32f1xx_hal_uart.o
    0x08003644   0x00000052   Code   RO         2259    i.HAL_UART_Receive_IT  stm32f1xx_hal_uart.o
    0x08003696   0x00000002   PAD
    0x08003698   0x00000064   Code   RO         3170    i.HAL_UART_RxCpltCallback  lora_timer.o
    0x080036fc   0x000000ba   Code   RO         2262    i.HAL_UART_Transmit  stm32f1xx_hal_uart.o
    0x080037b6   0x00000002   Code   RO         2265    i.HAL_UART_TxCpltCallback  stm32f1xx_hal_uart.o
    0x080037b8   0x00000002   Code   RO          193    i.HardFault_Handler  stm32f1xx_it.o
    0x080037ba   0x00000002   PAD
    0x080037bc   0x00000044   Code   RO         2820    i.I2C_Ack           i2c.o
    0x08003800   0x00000068   Code   RO         2821    i.I2C_Init          i2c.o
    0x08003868   0x00000044   Code   RO         2822    i.I2C_NAck          i2c.o
    0x080038ac   0x00000060   Code   RO         2823    i.I2C_Read_Byte     i2c.o
    0x0800390c   0x00000018   Code   RO         2824    i.I2C_SDA_In        i2c.o
    0x08003924   0x0000001c   Code   RO         2825    i.I2C_SDA_Out       i2c.o
    0x08003940   0x0000005c   Code   RO         2826    i.I2C_Send_Byte     i2c.o
    0x0800399c   0x00000044   Code   RO         2827    i.I2C_Start         i2c.o
    0x080039e0   0x00000044   Code   RO         2828    i.I2C_Stop          i2c.o
    0x08003a24   0x0000005c   Code   RO         2829    i.I2C_Wait_Ack      i2c.o
    0x08003a80   0x0000002c   Code   RO         2909    i.IAP_Load_APP      iap.o
    0x08003aac   0x00000030   Code   RO         2980    i.LoRaSerial_End    lora.o
    0x08003adc   0x00000168   Code   RO         2981    i.LoRaUart_Baud_Config  lora.o
    0x08003c44   0x000000b0   Code   RO         2982    i.LoRa_AT           lora.o
    0x08003cf4   0x00000110   Code   RO         2983    i.LoRa_AT_Config_Cmd  lora.o
    0x08003e04   0x000000c4   Code   RO         2984    i.LoRa_AT_Query_Cmd  lora.o
    0x08003ec8   0x00000064   Code   RO         2985    i.LoRa_Baud_Change_Cmd  lora.o
    0x08003f2c   0x00000048   Code   RO         2986    i.LoRa_Check_Err_Msg  lora.o
    0x08003f74   0x0000001a   Code   RO         2987    i.LoRa_Check_OK_Msg  lora.o
    0x08003f8e   0x00000002   PAD
    0x08003f90   0x000000b4   Code   RO         2988    i.LoRa_GPIO_Config  lora.o
    0x08004044   0x00000014   Code   RO         2989    i.LoRa_Get_CSQ      lora.o
    0x08004058   0x0000004c   Code   RO         2990    i.LoRa_Mode         lora.o
    0x080040a4   0x00000180   Code   RO         2991    i.LoRa_Param_Check  lora.o
    0x08004224   0x000002bc   Code   RO         2992    i.LoRa_Parameter_Init  lora.o
    0x080044e0   0x00000064   Code   RO         2993    i.LoRa_Parse_Command  lora.o
    0x08004544   0x0000002c   Code   RO         2994    i.LoRa_Reset        lora.o
    0x08004570   0x00000024   Code   RO         2995    i.LoRa_Restart      lora.o
    0x08004594   0x0000007c   Code   RO         3171    i.LoRa_Send_Data    lora_timer.o
    0x08004610   0x00000040   Code   RO         2996    i.LoRa_Shutdown     lora.o
    0x08004650   0x00000060   Code   RO         3172    i.LoRa_Tim_Init     lora_timer.o
    0x080046b0   0x000000a0   Code   RO         2997    i.LoRa_UART_Init    lora.o
    0x08004750   0x00000002   Code   RO          194    i.MemManage_Handler  stm32f1xx_it.o
    0x08004752   0x00000002   Code   RO          195    i.NMI_Handler       stm32f1xx_it.o
    0x08004754   0x00000002   Code   RO          196    i.PendSV_Handler    stm32f1xx_it.o
    0x08004756   0x00000002   PAD
    0x08004758   0x00000018   Code   RO         3240    i.Read_Flash        prh_flash.o
    0x08004770   0x000001b0   Code   RO         2998    i.Rewrite_ID        lora.o
    0x08004920   0x00000002   Code   RO          197    i.SVC_Handler       stm32f1xx_it.o
    0x08004922   0x00000004   Code   RO          198    i.SysTick_Handler   stm32f1xx_it.o
    0x08004926   0x0000004e   Code   RO           17    i.SystemClock_Config  main.o
    0x08004974   0x00000048   Code   RO         2556    i.SystemInit        system_stm32f1xx.o
    0x080049bc   0x0000000c   Code   RO         3173    i.TIM6_IRQHandler   lora_timer.o
    0x080049c8   0x0000008c   Code   RO          416    i.TIM_Base_SetConfig  stm32f1xx_hal_tim.o
    0x08004a54   0x00000010   Code   RO         2267    i.UART_DMAAbortOnError  stm32f1xx_hal_uart.o
    0x08004a64   0x0000001c   Code   RO         2277    i.UART_EndRxTransfer  stm32f1xx_hal_uart.o
    0x08004a80   0x00000096   Code   RO         2279    i.UART_Receive_IT   stm32f1xx_hal_uart.o
    0x08004b16   0x00000002   PAD
    0x08004b18   0x000000b8   Code   RO         2280    i.UART_SetConfig    stm32f1xx_hal_uart.o
    0x08004bd0   0x00000062   Code   RO         2281    i.UART_Transmit_IT  stm32f1xx_hal_uart.o
    0x08004c32   0x00000064   Code   RO         2282    i.UART_WaitOnFlagUntilTimeout  stm32f1xx_hal_uart.o
    0x08004c96   0x00000002   PAD
    0x08004c98   0x0000000c   Code   RO         3174    i.USART2_IRQHandler  lora_timer.o
    0x08004ca4   0x00000002   Code   RO          199    i.UsageFault_Handler  stm32f1xx_it.o
    0x08004ca6   0x00000002   PAD
    0x08004ca8   0x0000011c   Code   RO         3242    i.Write_Flash_Buffer  prh_flash.o
    0x08004dc4   0x0000002a   Code   RO         3243    i.Write_Flash_NoCheck  prh_flash.o
    0x08004dee   0x00000002   PAD
    0x08004df0   0x00000020   Code   RO         3805    i.__0printf$5       mc_w.l(printf5.o)
    0x08004e10   0x00000028   Code   RO         3807    i.__0sprintf$5      mc_w.l(printf5.o)
    0x08004e38   0x00000020   Code   RO         1742    i.__NVIC_SetPriority  stm32f1xx_hal_cortex.o
    0x08004e58   0x0000000e   Code   RO         4007    i.__scatterload_copy  mc_w.l(handlers.o)
    0x08004e66   0x00000002   Code   RO         4008    i.__scatterload_null  mc_w.l(handlers.o)
    0x08004e68   0x0000000e   Code   RO         4009    i.__scatterload_zeroinit  mc_w.l(handlers.o)
    0x08004e76   0x00000002   PAD
    0x08004e78   0x000002c0   Code   RO         3812    i._printf_core      mc_w.l(printf5.o)
    0x08005138   0x0000000a   Code   RO         3814    i._sputc            mc_w.l(printf5.o)
    0x08005142   0x00000004   Code   RO         2641    i.app_mem_Is_Saved_Check  app_mem.o
    0x08005146   0x0000002e   Code   RO         2644    i.app_mem_Read_SN_Code  app_mem.o
    0x08005174   0x0000004c   Code   RO         2648    i.app_mem_check_crc  app_mem.o
    0x080051c0   0x00000018   Code   RO         2595    i.fputc             debug_uart.o
    0x080051d8   0x00000050   Code   RO         3933    i.free              mc_w.l(malloc.o)
    0x08005228   0x00000060   Code   RO           18    i.main              main.o
    0x08005288   0x0000006c   Code   RO         3934    i.malloc            mc_w.l(malloc.o)
    0x080052f4   0x00000010   Data   RO         2557    .constdata          system_stm32f1xx.o
    0x08005304   0x00000008   Data   RO         2558    .constdata          system_stm32f1xx.o
    0x0800530c   0x000000ea   Data   RO         2910    .conststring        iap.o
    0x080053f6   0x00000002   PAD
    0x080053f8   0x00000058   Data   RO         3001    .conststring        lora.o
    0x08005450   0x000002e2   Data   RO         3492    .conststring        boot_protocol.o
    0x08005732   0x00000002   PAD
    0x08005734   0x00000020   Data   RO         4005    Region$$Table       anon$$obj.o


    Execution Region RW_IRAM1 (Base: 0x20000000, Size: 0x000015a8, Max: 0x0000c000, ABSOLUTE)

    Base Addr    Size         Type   Attr      Idx    E Section Name        Object

    0x20000000   0x0000000c   Data   RW         1279    .data               stm32f1xx_hal.o
    0x2000000c   0x00000004   Data   RW         2559    .data               system_stm32f1xx.o
    0x20000010   0x00000004   Data   RW         2911    .data               iap.o
    0x20000014   0x00000015   Data   RW         3002    .data               lora.o
    0x20000029   0x00000003   PAD
    0x2000002c   0x00000004   Data   RW         3176    .data               lora_timer.o
    0x20000030   0x00000004   Data   RW         3245    .data               prh_flash.o
    0x20000034   0x00000018   Data   RW         3493    .data               boot_protocol.o
    0x2000004c   0x00000004   Data   RW         3668    .data               mc_w.l(rand.o)
    0x20000050   0x00000004   Data   RW         3975    .data               mc_w.l(stdout.o)
    0x20000054   0x00000004   Data   RW         3984    .data               mc_w.l(mvars.o)
    0x20000058   0x00000004   Data   RW         3985    .data               mc_w.l(mvars.o)
    0x2000005c   0x00000004   PAD
    0x20000060   0x00000020   Zero   RW         1983    .bss                stm32f1xx_hal_flash.o
    0x20000080   0x00000040   Zero   RW         2596    .bss                debug_uart.o
    0x200000c0   0x00000140   Zero   RW         3000    .bss                lora.o
    0x20000200   0x00000040   Zero   RW         3175    .bss                lora_timer.o
    0x20000240   0x00000810   Zero   RW         3244    .bss                prh_flash.o
    0x20000a50   0x00000554   Zero   RW         3491    .bss                boot_protocol.o
    0x20000fa4   0x00000004   PAD
    0x20000fa8   0x00000200   Zero   RW            2    HEAP                startup_stm32f103xe.o
    0x200011a8   0x00000400   Zero   RW            1    STACK               startup_stm32f103xe.o


==============================================================================

Image component sizes


      Code (inc. data)   RO Data    RW Data    ZI Data      Debug   Object Name

       210          0          0          0          0       4197   app_mem.o
       232         22          0          0          0       3505   at24c02.o
        54          0          0          0          0        850   boot_crc16.o
        44          0          0          0          0        829   boot_crc8.o
      1374          4          0          0          0      12870   boot_mem.o
      5844       2174        738         24       1364      21895   boot_protocol.o
        44          0          0          0          0        834   crc8.o
       152         20          0          0         64       3702   debug_uart.o
       726         48          0          0          0       7068   i2c.o
       226         60        234          4          0       7840   iap.o
      4100       1198         88         21        320      26909   lora.o
       468        166          0          4         64       5123   lora_timer.o
       236         18          0          0          0     492307   main.o
       350         60          0          4       2064       3646   prh_flash.o
        36          8        304          0       1536        868   startup_stm32f103xe.o
       164         28          0         12          0       7053   stm32f1xx_hal.o
       232         14          0          0          0      30089   stm32f1xx_hal_cortex.o
       304          8          0          0          0       1303   stm32f1xx_hal_dma.o
       392         46          0          0         32       5282   stm32f1xx_hal_flash.o
       240         26          0          0          0       3525   stm32f1xx_hal_flash_ex.o
       812         74          0          0          0       4853   stm32f1xx_hal_gpio.o
        60          8          0          0          0        982   stm32f1xx_hal_msp.o
      1272        100          0          0          0       5604   stm32f1xx_hal_rcc.o
       638         20          0          0          0       8275   stm32f1xx_hal_tim.o
        70          0          0          0          0       2625   stm32f1xx_hal_tim_ex.o
      1220         12          0          0          0      10786   stm32f1xx_hal_uart.o
        20          0          0          0          0       4406   stm32f1xx_it.o
        72         16         24          4          0       1367   system_stm32f1xx.o

    ----------------------------------------------------------------------
     19636       4130       1424         76       5448     678593   Object Totals
         0          0         32          0          0          0   (incl. Generated)
        44          0          4          3          4          0   (incl. Padding)

    ----------------------------------------------------------------------

      Code (inc. data)   RO Data    RW Data    ZI Data      Debug   Library Member Name

         0          0          0          0          0          0   entry.o
         0          0          0          0          0          0   entry10a.o
         0          0          0          0          0          0   entry11a.o
         8          4          0          0          0          0   entry2.o
         4          0          0          0          0          0   entry5.o
         0          0          0          0          0          0   entry7b.o
         0          0          0          0          0          0   entry8b.o
         8          4          0          0          0          0   entry9a.o
        30          0          0          0          0          0   handlers.o
        36          8          0          0          0         68   init.o
        30          0          0          0          0         68   llshl.o
        32          0          0          0          0         68   llushr.o
       188         20          0          0          0        160   malloc.o
        36          0          0          0          0        108   memseta.o
         0          0          0          8          0          0   mvars.o
       786         62          0          0          0        336   printf5.o
        36         10          0          4          0        136   rand.o
         0          0          0          4          0          0   stdout.o
        98          0          0          0          0         92   uldiv.o

    ----------------------------------------------------------------------
      1296        108          0         16          4       1036   Library Totals
         4          0          0          0          4          0   (incl. Padding)

    ----------------------------------------------------------------------

      Code (inc. data)   RO Data    RW Data    ZI Data      Debug   Library Name

      1292        108          0         16          0       1036   mc_w.l

    ----------------------------------------------------------------------
      1296        108          0         16          4       1036   Library Totals

    ----------------------------------------------------------------------

==============================================================================


      Code (inc. data)   RO Data    RW Data    ZI Data      Debug   

     20932       4238       1424         92       5452     670473   Grand Totals
     20932       4238       1424         92       5452     670473   ELF Image Totals
     20932       4238       1424         92          0          0   ROM Totals

==============================================================================

    Total RO  Size (Code + RO Data)                22356 (  21.83kB)
    Total RW  Size (RW Data + ZI Data)              5544 (   5.41kB)
    Total ROM Size (Code + RO Data + RW Data)      22448 (  21.92kB)

==============================================================================

