<html>
<body>
<pre>
<h1>µVision Build Log</h1>
<h2>Tool Versions:</h2>
IDE-Version: ¦ÌVision V5.23.0.0
Copyright (C) 2017 ARM Ltd and ARM Germany GmbH. All rights reserved.
License Information: LJH Administrator, LJH, LIC=TIVFW-QQB98-QCCJ5-G62TK-HSE4N-4YYA8
 
Tool Versions:
Toolchain:       MDK-ARM Plus  Version: 5.23
Toolchain Path:  D:\keil5\ARM\ARMCC\Bin
C Compiler:      Armcc.exe V5.06 update 4 (build 422)
Assembler:       Armasm.exe V5.06 update 4 (build 422)
Linker/Locator:  ArmLink.exe V5.06 update 4 (build 422)
Library Manager: ArmAr.exe V5.06 update 4 (build 422)
Hex Converter:   FromElf.exe V5.06 update 4 (build 422)
CPU DLL:         SARMCM3.DLL V5.23
Dialog DLL:      DCM.DLL V1.15.0.0
Target DLL:      STLink\ST-LINKIII-KEIL_SWO.dll V2.0.18.0
Dialog DLL:      TCM.DLL V1.27.0.0
 
<h2>Project:</h2>
C:\Users\Administrator\Desktop\Áõ¼Ò»Ô\´úÂë\STM32_12Way_Irrigation_Controller\KeeganLu_BootV1.0\BootForSTM32F103RCT6\MDK-ARM\BootForSTM32F103RCT6.uvprojx
Project File Date:  05/13/2020

<h2>Output:</h2>
*** Using Compiler 'V5.06 update 4 (build 422)', folder: 'D:\keil5\ARM\ARMCC\Bin'
Build target 'BootForSTM32F103RCT6'
compiling debug_uart.c...
compiling main.c...
compiling app_mem.c...
compiling iap.c...
compiling at24c02.c...
compiling i2c.c...
compiling prh_flash.c...
compiling lora_timer.c...
compiling lora.c...
compiling boot_mem.c...
compiling boot_protocol.c...
linking...
Program Size: Code=20932 RO-data=1424 RW-data=92 ZI-data=5452  
FromELF: creating hex file...
After Build - User command #1: fromelf.exe --bin -o "BootForSTM32F103RCT6\BootForSTM32F103RCT6.bin" "BootForSTM32F103RCT6\BootForSTM32F103RCT6.axf"
"BootForSTM32F103RCT6\BootForSTM32F103RCT6.axf" - 0 Error(s), 0 Warning(s).

<h2>Software Packages used:</h2>

Package Vendor: ARM
                http://www.keil.com/pack/ARM.CMSIS.5.0.1.pack
                ARM::CMSIS:CORE:5.0.1
                CMSIS (Cortex Microcontroller Software Interface Standard)
   * Component: CORE Version: 5.0.1

<h2>Collection of Component include folders:</h2>
  .\RTE\_BootForSTM32F103RCT6
  D:\keil5\ARM\PACK\ARM\CMSIS\5.0.1\CMSIS\Include
  D:\keil5\ARM\PACK\Keil\STM32F1xx_DFP\2.2.0\Device\Include

<h2>Collection of Component Files used:</h2>

   * Component: ARM::CMSIS:CORE:5.0.1
Build Time Elapsed:  00:00:09
</pre>
</body>
</html>
