Archive member included because of file (symbol)

C:\Users\Administrator\AppData\Local\Temp\VMBuilds\STM32_12Way_Irrigation_ControllerV1.1.0_alpha\stm32_genericSTM32F103R\Release/core.a(exc.S.o)
                              (__exc_hardfault)
C:\Users\Administrator\AppData\Local\Temp\VMBuilds\STM32_12Way_Irrigation_ControllerV1.1.0_alpha\stm32_genericSTM32F103R\Release/core.a(isrs.S.o)
                              (__stm32reservedexception7)
C:\Users\Administrator\AppData\Local\Temp\VMBuilds\STM32_12Way_Irrigation_ControllerV1.1.0_alpha\stm32_genericSTM32F103R\Release/core.a(vector_table.S.o)
                              (__stm32_vector_table)
C:\Users\Administrator\AppData\Local\Temp\VMBuilds\STM32_12Way_Irrigation_ControllerV1.1.0_alpha\stm32_genericSTM32F103R\Release/core.a(adc.c.o)
                              C:\Users\Administrator\AppData\Local\Temp\VMBCore\arduino16x\79f59199ad23b1693307dbc53bed82ea\variant\boards.cpp.o (adc_set_sample_rate)
C:\Users\Administrator\AppData\Local\Temp\VMBuilds\STM32_12Way_Irrigation_ControllerV1.1.0_alpha\stm32_genericSTM32F103R\Release/core.a(adc_f1.c.o)
                              C:\Users\Administrator\AppData\Local\Temp\VMBCore\arduino16x\79f59199ad23b1693307dbc53bed82ea\variant\boards.cpp.o (adc_set_prescaler)
C:\Users\Administrator\AppData\Local\Temp\VMBuilds\STM32_12Way_Irrigation_ControllerV1.1.0_alpha\stm32_genericSTM32F103R\Release/core.a(bkp_f1.c.o)
                              STM32_12Way_Irrigation_ControllerV1.1.0_alpha.cpp.o (bkp_init)
C:\Users\Administrator\AppData\Local\Temp\VMBuilds\STM32_12Way_Irrigation_ControllerV1.1.0_alpha\stm32_genericSTM32F103R\Release/core.a(flash.c.o)
                              C:\Users\Administrator\AppData\Local\Temp\VMBCore\arduino16x\79f59199ad23b1693307dbc53bed82ea\variant\boards.cpp.o (flash_set_latency)
C:\Users\Administrator\AppData\Local\Temp\VMBuilds\STM32_12Way_Irrigation_ControllerV1.1.0_alpha\stm32_genericSTM32F103R\Release/core.a(gpio_f1.c.o)
                              C:\Users\Administrator\AppData\Local\Temp\VMBCore\arduino16x\79f59199ad23b1693307dbc53bed82ea\variant\boards_setup.cpp.o (gpio_init_all)
C:\Users\Administrator\AppData\Local\Temp\VMBuilds\STM32_12Way_Irrigation_ControllerV1.1.0_alpha\stm32_genericSTM32F103R\Release/core.a(iwdg.c.o)
                              STM32_12Way_Irrigation_ControllerV1.1.0_alpha.cpp.o (iwdg_init)
C:\Users\Administrator\AppData\Local\Temp\VMBuilds\STM32_12Way_Irrigation_ControllerV1.1.0_alpha\stm32_genericSTM32F103R\Release/core.a(nvic.c.o)
                              C:\Users\Administrator\AppData\Local\Temp\VMBCore\arduino16x\79f59199ad23b1693307dbc53bed82ea\variant\boards.cpp.o (nvic_init)
C:\Users\Administrator\AppData\Local\Temp\VMBuilds\STM32_12Way_Irrigation_ControllerV1.1.0_alpha\stm32_genericSTM32F103R\Release/core.a(rcc.c.o)
                              C:\Users\Administrator\AppData\Local\Temp\VMBCore\arduino16x\79f59199ad23b1693307dbc53bed82ea\variant\boards.cpp.o (rcc_switch_sysclk)
C:\Users\Administrator\AppData\Local\Temp\VMBuilds\STM32_12Way_Irrigation_ControllerV1.1.0_alpha\stm32_genericSTM32F103R\Release/core.a(rcc_f1.c.o)
                              C:\Users\Administrator\AppData\Local\Temp\VMBCore\arduino16x\79f59199ad23b1693307dbc53bed82ea\variant\boards.cpp.o (rcc_configure_pll)
C:\Users\Administrator\AppData\Local\Temp\VMBuilds\STM32_12Way_Irrigation_ControllerV1.1.0_alpha\stm32_genericSTM32F103R\Release/core.a(systick.c.o)
                              C:\Users\Administrator\AppData\Local\Temp\VMBCore\arduino16x\79f59199ad23b1693307dbc53bed82ea\variant\boards.cpp.o (systick_init)
C:\Users\Administrator\AppData\Local\Temp\VMBuilds\STM32_12Way_Irrigation_ControllerV1.1.0_alpha\stm32_genericSTM32F103R\Release/core.a(timer.c.o)
                              C:\Users\Administrator\AppData\Local\Temp\VMBCore\arduino16x\79f59199ad23b1693307dbc53bed82ea\variant\boards.cpp.o (timer_foreach)
C:\Users\Administrator\AppData\Local\Temp\VMBuilds\STM32_12Way_Irrigation_ControllerV1.1.0_alpha\stm32_genericSTM32F103R\Release/core.a(usart_f1.c.o)
                              C:\Users\Administrator\AppData\Local\Temp\VMBCore\arduino16x\79f59199ad23b1693307dbc53bed82ea\variant\board.cpp.o (UART5)
C:\Users\Administrator\AppData\Local\Temp\VMBuilds\STM32_12Way_Irrigation_ControllerV1.1.0_alpha\stm32_genericSTM32F103R\Release/core.a(usart_private.c.o)
                              C:\Users\Administrator\AppData\Local\Temp\VMBuilds\STM32_12Way_Irrigation_ControllerV1.1.0_alpha\stm32_genericSTM32F103R\Release/core.a(usart_f1.c.o) (_usart_clock_freq)
C:\Users\Administrator\AppData\Local\Temp\VMBuilds\STM32_12Way_Irrigation_ControllerV1.1.0_alpha\stm32_genericSTM32F103R\Release/core.a(util.c.o)
                              C:\Users\Administrator\AppData\Local\Temp\VMBuilds\STM32_12Way_Irrigation_ControllerV1.1.0_alpha\stm32_genericSTM32F103R\Release/core.a(exc.S.o) (__error)
[...]
Memory Configuration

Name             Origin             Length             Attributes
ram              0x20000000         0x0000c000         xrw
rom              0x08000000         0x00040000         xr
*default*        0x00000000         0xffffffff

Linker script and memory map

LOAD c:/users/administrator/appdata/local/arduino15/packages/arduino/tools/arm-none-eabi-gcc/4.8.3-2014q1/bin/../lib/gcc/arm-none-eabi/4.8.3/armv7-m/crti.o
LOAD c:/users/administrator/appdata/local/arduino15/packages/arduino/tools/arm-none-eabi-gcc/4.8.3-2014q1/bin/../lib/gcc/arm-none-eabi/4.8.3/armv7-m/crtbegin.o
LOAD c:/users/administrator/appdata/local/arduino15/packages/arduino/tools/arm-none-eabi-gcc/4.8.3-2014q1/bin/../lib/gcc/arm-none-eabi/4.8.3/../../../../arm-none-eabi/lib/armv7-m/crt0.o
LOAD c:/users/administrator/appdata/local/arduino15/packages/arduino/tools/arm-none-eabi-gcc/4.8.3-2014q1/bin/../lib/gcc/arm-none-eabi/4.8.3/armv7-m\libgcc.a
START GROUP
LOAD STM32_12Way_Irrigation_ControllerV1.1.0_alpha.cpp.o
LOAD User_Clock.c.o
LOAD AT24CXX.cpp.o
LOAD BCD_CON.cpp.o
LOAD Command_Analysis.cpp.o
LOAD fun_periph.cpp.o
LOAD i2c.cpp.o
LOAD LoRa.cpp.o
LOAD Memory.cpp.o
LOAD Modbus.cpp.o
LOAD ModbusSerial.cpp.o
LOAD Private_RTC.cpp.o
LOAD Private_Timer.cpp.o
LOAD public.cpp.o
LOAD receipt.cpp.o
LOAD Security.cpp.o
LOAD Set_coil.cpp.o
LOAD User_CRC8.cpp.o
LOAD RTClock\RTClock.cpp.o
LOAD RTClock\utility\rtc_util.c.o
LOAD C:\Users\Administrator\AppData\Local\Temp\VMBCore\arduino16x\79f59199ad23b1693307dbc53bed82ea\variant\board.cpp.o
LOAD C:\Users\Administrator\AppData\Local\Temp\VMBCore\arduino16x\79f59199ad23b1693307dbc53bed82ea\variant\boards.cpp.o
LOAD C:\Users\Administrator\AppData\Local\Temp\VMBCore\arduino16x\79f59199ad23b1693307dbc53bed82ea\variant\boards_setup.cpp.o
LOAD C:\Users\Administrator\AppData\Local\Temp\VMBCore\arduino16x\79f59199ad23b1693307dbc53bed82ea\variant\start.S.o
LOAD C:\Users\Administrator\AppData\Local\Temp\VMBCore\arduino16x\79f59199ad23b1693307dbc53bed82ea\variant\start_c.c.o
LOAD C:\Users\Administrator\AppData\Local\Temp\VMBCore\arduino16x\79f59199ad23b1693307dbc53bed82ea\variant\syscalls.c.o
LOAD C:\Users\Administrator\AppData\Local\Temp\VMBuilds\STM32_12Way_Irrigation_ControllerV1.1.0_alpha\stm32_genericSTM32F103R\Release/core.a
END GROUP
LOAD c:/users/administrator/appdata/local/arduino15/packages/arduino/tools/arm-none-eabi-gcc/4.8.3-2014q1/bin/../lib/gcc/arm-none-eabi/4.8.3/../../../../arm-none-eabi/lib/armv7-m\libstdc++.a
LOAD c:/users/administrator/appdata/local/arduino15/packages/arduino/tools/arm-none-eabi-gcc/4.8.3-2014q1/bin/../lib/gcc/arm-none-eabi/4.8.3/../../../../arm-none-eabi/lib/armv7-m\libm.a
START GROUP
LOAD c:/users/administrator/appdata/local/arduino15/packages/arduino/tools/arm-none-eabi-gcc/4.8.3-2014q1/bin/../lib/gcc/arm-none-eabi/4.8.3/armv7-m\libgcc.a
LOAD c:/users/administrator/appdata/local/arduino15/packages/arduino/tools/arm-none-eabi-gcc/4.8.3-2014q1/bin/../lib/gcc/arm-none-eabi/4.8.3/../../../../arm-none-eabi/lib/armv7-m\libc.a
END GROUP
LOAD c:/users/administrator/appdata/local/arduino15/packages/arduino/tools/arm-none-eabi-gcc/4.8.3-2014q1/bin/../lib/gcc/arm-none-eabi/4.8.3/armv7-m/crtend.o
LOAD c:/users/administrator/appdata/local/arduino15/packages/arduino/tools/arm-none-eabi-gcc/4.8.3-2014q1/bin/../lib/gcc/arm-none-eabi/4.8.3/armv7-m/crtn.o
START GROUP
LOAD c:/users/administrator/appdata/local/arduino15/packages/arduino/tools/arm-none-eabi-gcc/4.8.3-2014q1/bin/../lib/gcc/arm-none-eabi/4.8.3/armv7-m\libgcc.a
LOAD c:/users/administrator/appdata/local/arduino15/packages/arduino/tools/arm-none-eabi-gcc/4.8.3-2014q1/bin/../lib/gcc/arm-none-eabi/4.8.3/../../../../arm-none-eabi/lib/armv7-m\libc.a
LOAD c:/users/administrator/appdata/local/arduino15/packages/arduino/tools/arm-none-eabi-gcc/4.8.3-2014q1/bin/../lib/gcc/arm-none-eabi/4.8.3/../../../../arm-none-eabi/lib/armv7-m\libm.a
END GROUP
START GROUP
LOAD c:/users/administrator/appdata/local/arduino15/packages/arduino/tools/arm-none-eabi-gcc/4.8.3-2014q1/bin/../lib/gcc/arm-none-eabi/4.8.3/../../../../arm-none-eabi/lib/armv7-m\libnosys.a
END GROUP
                0x2000c000                PROVIDE (__msp_init, (ORIGIN (ram) + 0xc000))
                0x08007670                PROVIDE (__exc_reset, __start__)

.text           0x08000000     0xb3a4
                0x08000000                __text_start__ = .
 *(.stm32.interrupt_vector)
 .stm32.interrupt_vector
                0x08000000      0x130 C:\Users\Administrator\AppData\Local\Temp\VMBuilds\STM32_12Way_Irrigation_ControllerV1.1.0_alpha\stm32_genericSTM32F103R\Release/core.a(vector_table.S.o)
                0x08000000                __stm32_vector_table
 *(.text .text.* .gnu.linkonce.t.*)
 .text          0x08000130       0x54 c:/users/administrator/appdata/local/arduino15/packages/arduino/tools/arm-none-eabi-gcc/4.8.3-2014q1/bin/../lib/gcc/arm-none-eabi/4.8.3/armv7-m/crtbegin.o
 .text._Z21Regular_status_reportv
                0x08000184       0xd8 STM32_12Way_Irrigation_ControllerV1.1.0_alpha.cpp.o
                0x08000184                Regular_status_report()
 .text._Z20Change_status_reportv
                0x0800025c      0x108 STM32_12Way_Irrigation_ControllerV1.1.0_alpha.cpp.o
                0x0800025c                Change_status_report()
 .text._Z28Irrigation_time_sharing_onV2v
                0x08000364        0x2 STM32_12Way_Irrigation_ControllerV1.1.0_alpha.cpp.o
                0x08000364                Irrigation_time_sharing_onV2()
 *fill*         0x08000366        0x2 
 .text._Z6DO_OFFh
                0x08000368      0x240 STM32_12Way_Irrigation_ControllerV1.1.0_alpha.cpp.o
                0x08000368                DO_OFF(unsigned char)
 .text._Z28Irrigation_time_sharing_onV3v
                0x080005a8      0x2d0 STM32_12Way_Irrigation_ControllerV1.1.0_alpha.cpp.o
                0x080005a8                Irrigation_time_sharing_onV3()
 .text.startup._GLOBAL__sub_I_comdata
                0x08000878       0x2c STM32_12Way_Irrigation_ControllerV1.1.0_alpha.cpp.o
 .text._Z22Request_Access_Networkv
                0x080008a4      0x168 STM32_12Way_Irrigation_ControllerV1.1.0_alpha.cpp.o
                0x080008a4                Request_Access_Network()
 .text._Z5setupv
                0x08000a0c      0x2cc STM32_12Way_Irrigation_ControllerV1.1.0_alpha.cpp.o
                0x08000a0c                setup()
 .text._Z23Com_Set_Cyclic_intervalv
                0x08000cd8      0x100 STM32_12Way_Irrigation_ControllerV1.1.0_alpha.cpp.o
                0x08000cd8                Com_Set_Cyclic_interval()
 .text._Z22Key_cycle_irrigationV3v
                0x08000dd8      0x22c STM32_12Way_Irrigation_ControllerV1.1.0_alpha.cpp.o
                0x08000dd8                Key_cycle_irrigationV3()
 .text._Z4loopv
                0x08001004       0x2c STM32_12Way_Irrigation_ControllerV1.1.0_alpha.cpp.o
                0x08001004                loop()
 .text.monthLength
                0x08001030       0x20 User_Clock.c.o
 .text.osal_ConvertUTCTime
                0x08001050      0x118 User_Clock.c.o
                0x08001050                osal_ConvertUTCTime
 .text.osal_ConvertUTCSecs
                0x08001168       0xbc User_Clock.c.o
                0x08001168                osal_ConvertUTCSecs
 .text._ZN7AT24Cxx8I2C_InitEv
                0x08001224        0x4 AT24CXX.cpp.o
                0x08001224                AT24Cxx::I2C_Init()
 .text._ZN7AT24Cxx19AT24CXX_ReadOneByteEj
                0x08001228       0x5c AT24CXX.cpp.o
                0x08001228                AT24Cxx::AT24CXX_ReadOneByte(unsigned int)
 .text._ZN7AT24Cxx20AT24CXX_WriteOneByteEjh
                0x08001284       0x4e AT24CXX.cpp.o
                0x08001284                AT24Cxx::AT24CXX_WriteOneByte(unsigned int, unsigned char)
 *fill*         0x080012d2        0x2 
 .text._ZN16Command_Analysis16FrameID_AnalysisEv
                0x080012d4       0x60 Command_Analysis.cpp.o
                0x080012d4                Command_Analysis::FrameID_Analysis()
 .text._ZN16Command_Analysis11Verify_CRC8Ehh
                0x08001334       0x28 Command_Analysis.cpp.o
                0x08001334                Command_Analysis::Verify_CRC8(unsigned char, unsigned char)
 .text._ZN16Command_Analysis21Verify_Device_Type_IDEv
                0x0800135c       0x28 Command_Analysis.cpp.o
                0x0800135c                Command_Analysis::Verify_Device_Type_ID()
 .text._ZN16Command_Analysis20Verify_Mass_CommandsEv
                0x08001384       0x1c Command_Analysis.cpp.o
                0x08001384                Command_Analysis::Verify_Mass_Commands()
 .text._ZN16Command_Analysis18Verify_Area_NumberEv
                0x080013a0       0x2c Command_Analysis.cpp.o
                0x080013a0                Command_Analysis::Verify_Area_Number()
 .text._ZN16Command_Analysis17Verify_Work_GroupEv
                0x080013cc       0x40 Command_Analysis.cpp.o
                0x080013cc                Command_Analysis::Verify_Work_Group()
 .text._ZN16Command_Analysis21Verify_Frame_ValidityEhhbb
                0x0800140c       0xa4 Command_Analysis.cpp.o
                0x0800140c                Command_Analysis::Verify_Frame_Validity(unsigned char, unsigned char, bool, bool)
 .text._ZN16Command_Analysis24Query_Current_Work_ParamEv
                0x080014b0       0x90 Command_Analysis.cpp.o
                0x080014b0                Command_Analysis::Query_Current_Work_Param()
 .text._ZN16Command_Analysis16Set_Group_NumberEv
                0x08001540       0x80 Command_Analysis.cpp.o
                0x08001540                Command_Analysis::Set_Group_Number()
 .text._ZN16Command_Analysis19Set_SN_Area_ChannelEv
                0x080015c0       0xa4 Command_Analysis.cpp.o
                0x080015c0                Command_Analysis::Set_SN_Area_Channel()
 .text._ZN16Command_Analysis20Detailed_Work_StatusEv
                0x08001664       0xd4 Command_Analysis.cpp.o
                0x08001664                Command_Analysis::Detailed_Work_Status()
 .text._ZN16Command_Analysis34General_controller_control_commandEv
                0x08001738      0x25c Command_Analysis.cpp.o
                0x08001738                Command_Analysis::General_controller_control_command()
 .text._ZN16Command_Analysis36R_General_controller_control_commandEv
                0x08001994       0xbc Command_Analysis.cpp.o
                0x08001994                Command_Analysis::R_General_controller_control_command()
 .text._ZN16Command_Analysis34Set_General_controller_output_initEv
                0x08001a50      0x214 Command_Analysis.cpp.o
                0x08001a50                Command_Analysis::Set_General_controller_output_init()
 .text._ZN16Command_Analysis37Irrigation_Controllor_control_commandEv
                0x08001c64      0x230 Command_Analysis.cpp.o
                0x08001c64                Command_Analysis::Irrigation_Controllor_control_command()
 .text._ZN16Command_Analysis21Receive_Data_AnalysisEv
                0x08001e94       0x6c Command_Analysis.cpp.o
                0x08001e94                Command_Analysis::Receive_Data_Analysis()
 .text._ZN16Command_Analysis16Receive_LoRa_CmdEv
                0x08001f00      0x15c Command_Analysis.cpp.o
                0x08001f00                Command_Analysis::Receive_LoRa_Cmd()
 .text._ZN16Some_Peripherals23Peripheral_GPIO_PinmodeEv
                0x0800205c      0x146 fun_periph.cpp.o
                0x0800205c                Some_Peripherals::Peripheral_GPIO_Pinmode()
 *fill*         0x080021a2        0x2 
 .text._ZN16Some_Peripherals22Peripheral_GPIO_ConfigEv
                0x080021a4       0x78 fun_periph.cpp.o
                0x080021a4                Some_Peripherals::Peripheral_GPIO_Config()
 .text._ZN16Some_Peripherals8Stop_LEDEv
                0x0800221c        0x2 fun_periph.cpp.o
                0x0800221c                Some_Peripherals::Stop_LED()
 .text._ZN16Some_Peripherals9Start_LEDEv
                0x0800221e        0x2 fun_periph.cpp.o
                0x0800221e                Some_Peripherals::Start_LED()
 .text._ZN3I2C4InitEv
                0x08002220       0x26 i2c.cpp.o
                0x08002220                I2C::Init()
 .text._ZN3I2C7SDA_OutEv
                0x08002246        0x8 i2c.cpp.o
                0x08002246                I2C::SDA_Out()
 .text._ZN3I2C6SDA_InEv
                0x0800224e        0x8 i2c.cpp.o
                0x0800224e                I2C::SDA_In()
 .text._ZN3I2C5StartEv
                0x08002256       0x36 i2c.cpp.o
                0x08002256                I2C::Start()
 .text._ZN3I2C4StopEv
                0x0800228c       0x36 i2c.cpp.o
                0x0800228c                I2C::Stop()
 .text._ZN3I2C3AckEv
                0x080022c2       0x3a i2c.cpp.o
                0x080022c2                I2C::Ack()
 .text._ZN3I2C4NAckEv
                0x080022fc       0x3a i2c.cpp.o
                0x080022fc                I2C::NAck()
 .text._ZN3I2C8Wait_AckEv
                0x08002336       0x4e i2c.cpp.o
                0x08002336                I2C::Wait_Ack()
 .text._ZN3I2C9Send_ByteEh
                0x08002384       0x4e i2c.cpp.o
                0x08002384                I2C::Send_Byte(unsigned char)
 .text._ZN3I2C9Read_ByteEh
                0x080023d2       0x54 i2c.cpp.o
                0x080023d2                I2C::Read_Byte(unsigned char)
 .text._ZN4LoRa16LoRa_GPIO_ConfigEv
                0x08002426       0x46 LoRa.cpp.o
                0x08002426                LoRa::LoRa_GPIO_Config()
 .text._ZN4LoRa8BaudRateEj
                0x0800246c        0xc LoRa.cpp.o
                0x0800246c                LoRa::BaudRate(unsigned int)
 .text._ZN4LoRa7IsResetEb
                0x08002478       0x20 LoRa.cpp.o
                0x08002478                LoRa::IsReset(bool)
 .text._ZN4LoRa13LoRa_ShutdownEv
                0x08002498       0x40 LoRa.cpp.o
                0x08002498                LoRa::LoRa_Shutdown()
 .text._ZN4LoRa20Detect_Error_ReceiptEPh
                0x080024d8       0x38 LoRa.cpp.o
                0x080024d8                LoRa::Detect_Error_Receipt(unsigned char*)
 .text._ZN4LoRa17Detect_OK_ReceiptEPhS0_
                0x08002510       0x1a LoRa.cpp.o
                0x08002510                LoRa::Detect_OK_Receipt(unsigned char*, unsigned char*)
 *fill*         0x0800252a        0x2 
 .text._ZN4LoRa7Get_CSQEPhhS0_
                0x0800252c      0x1c4 LoRa.cpp.o
                0x0800252c                LoRa::Get_CSQ(unsigned char*, unsigned char, unsigned char*)
 .text._ZN4LoRa13Parse_CommandEPhhS0_PS0_
                0x080026f0       0x6c LoRa.cpp.o
                0x080026f0                LoRa::Parse_Command(unsigned char*, unsigned char, unsigned char*, unsigned char**)
 .text._ZN4LoRa4ModeE9LoRa_Mode
                0x0800275c       0x64 LoRa.cpp.o
                0x0800275c                LoRa::Mode(LoRa_Mode)
 .text._ZN4LoRa12LoRa_RestartEv
                0x080027c0       0x30 LoRa.cpp.o
                0x080027c0                LoRa::LoRa_Restart()
 .text._ZN4LoRa12AT_Query_CmdEPKcPhS2_
                0x080027f0       0xdc LoRa.cpp.o
                0x080027f0                LoRa::AT_Query_Cmd(char const*, unsigned char*, unsigned char*)
 .text._ZN4LoRa13AT_Config_CmdEPKcS1_Ph
                0x080028cc      0x124 LoRa.cpp.o
                0x080028cc                LoRa::AT_Config_Cmd(char const*, char const*, unsigned char*)
 .text._ZN4LoRa7LoRa_ATEPhbPKcS2_
                0x080029f0       0xb0 LoRa.cpp.o
                0x080029f0                LoRa::LoRa_AT(unsigned char*, bool, char const*, char const*)
 .text._ZN4LoRa10Rewrite_IDEv
                0x08002aa0       0xf8 LoRa.cpp.o
                0x08002aa0                LoRa::Rewrite_ID()
 .text._ZN4LoRa11Param_CheckEPKcS1_b
                0x08002b98      0x15c LoRa.cpp.o
                0x08002b98                LoRa::Param_Check(char const*, char const*, bool)
 .text._ZN4LoRa14Parameter_InitEb
                0x08002cf4      0x208 LoRa.cpp.o
                0x08002cf4                LoRa::Parameter_Init(bool)
 .text._Z20EEPROM_Write_Disablev
                0x08002efc        0x8 Memory.cpp.o
                0x08002efc                EEPROM_Write_Disable()
 .text._Z19EEPROM_Write_Enablev
                0x08002f04        0x8 Memory.cpp.o
                0x08002f04                EEPROM_Write_Enable()
 .text._ZN17EEPROM_Operations18EEPROM_GPIO_ConfigEv
                0x08002f0c       0x1e Memory.cpp.o
                0x08002f0c                EEPROM_Operations::EEPROM_GPIO_Config()
 .text._ZN13SN_Operations12Save_SN_CodeEPh
                0x08002f2a       0x80 Memory.cpp.o
                0x08002f2a                SN_Operations::Save_SN_Code(unsigned char*)
 .text._ZN13SN_Operations16Save_BKP_SN_CodeEPh
                0x08002faa       0x80 Memory.cpp.o
                0x08002faa                SN_Operations::Save_BKP_SN_Code(unsigned char*)
 .text._ZN13SN_Operations12Read_SN_CodeEPh
                0x0800302a       0x58 Memory.cpp.o
                0x0800302a                SN_Operations::Read_SN_Code(unsigned char*)
 .text._ZN13SN_Operations16Read_BKP_SN_CodeEPh
                0x08003082       0x58 Memory.cpp.o
                0x08003082                SN_Operations::Read_BKP_SN_Code(unsigned char*)
 .text._ZN13SN_Operations16Read_Random_SeedEPh
                0x080030da       0x2a Memory.cpp.o
                0x080030da                SN_Operations::Read_Random_Seed(unsigned char*)
 .text._ZN13SN_Operations18Clear_SN_Save_FlagEv
                0x08003104       0x34 Memory.cpp.o
                0x08003104                SN_Operations::Clear_SN_Save_Flag()
 .text._ZN13SN_Operations22Clear_BKP_SN_Save_FlagEv
                0x08003138       0x34 Memory.cpp.o
                0x08003138                SN_Operations::Clear_BKP_SN_Save_Flag()
 .text._ZN13SN_Operations26Set_SN_Access_Network_FlagEv
                0x0800316c       0x36 Memory.cpp.o
                0x0800316c                SN_Operations::Set_SN_Access_Network_Flag()
 .text._ZN13SN_Operations29Verify_SN_Access_Network_FlagEv
                0x080031a2       0x12 Memory.cpp.o
                0x080031a2                SN_Operations::Verify_SN_Access_Network_Flag()
 .text._ZN13SN_Operations10Self_checkEPh
                0x080031b4       0x8c Memory.cpp.o
                0x080031b4                SN_Operations::Self_check(unsigned char*)
 .text._ZN13SN_Operations17Save_Group_NumberEPh
                0x08003240       0x9c Memory.cpp.o
                0x08003240                SN_Operations::Save_Group_Number(unsigned char*)
 .text._ZN13SN_Operations17Read_Group_NumberEPh
                0x080032dc       0x4e Memory.cpp.o
                0x080032dc                SN_Operations::Read_Group_Number(unsigned char*)
 .text._ZN13SN_Operations18Check_Group_NumberEv
                0x0800332a       0x38 Memory.cpp.o
                0x0800332a                SN_Operations::Check_Group_Number()
 .text._ZN13SN_Operations18Clear_Group_NumberEv
                0x08003362       0x52 Memory.cpp.o
                0x08003362                SN_Operations::Clear_Group_Number()
 .text._ZN13SN_Operations16Save_Area_NumberEh
                0x080033b4       0x72 Memory.cpp.o
                0x080033b4                SN_Operations::Save_Area_Number(unsigned char)
 .text._ZN13SN_Operations16Read_Area_NumberEv
                0x08003426        0x6 Memory.cpp.o
                0x08003426                SN_Operations::Read_Area_Number()
 .text._ZN13SN_Operations17Check_Area_NumberEv
                0x0800342c       0x2c Memory.cpp.o
                0x0800342c                SN_Operations::Check_Area_Number()
 .text._ZN13SN_Operations17Clear_Area_NumberEv
                0x08003458       0x34 Memory.cpp.o
                0x08003458                SN_Operations::Clear_Area_Number()
 .text._ZN11LoRa_Config21Save_LoRa_Config_FlagEv
                0x0800348c       0x36 Memory.cpp.o
                0x0800348c                LoRa_Config::Save_LoRa_Config_Flag()
 .text._ZN11LoRa_Config23Save_LoRa_Com_Mode_FlagEv
                0x080034c2       0x34 Memory.cpp.o
                0x080034c2                LoRa_Config::Save_LoRa_Com_Mode_Flag()
 *fill*         0x080034f6        0x2 
 .text._ZN11LoRa_Config18Save_LoRa_Com_ModeEh
                0x080034f8       0x80 Memory.cpp.o
                0x080034f8                LoRa_Config::Save_LoRa_Com_Mode(unsigned char)
 .text._ZN11LoRa_Config18Read_LoRa_Com_ModeEv
                0x08003578       0x3a Memory.cpp.o
                0x08003578                LoRa_Config::Read_LoRa_Com_Mode()
 *fill*         0x080035b2        0x2 
 .text._ZN11LoRa_Config14Read_LoRa_AddrEPh
                0x080035b4       0x5c Memory.cpp.o
                0x080035b4                LoRa_Config::Read_LoRa_Addr(unsigned char*)
 .text._ZN11LoRa_Config19Save_LoRa_Addr_FlagEv
                0x08003610       0x22 Memory.cpp.o
                0x08003610                LoRa_Config::Save_LoRa_Addr_Flag()
 .text._ZN11LoRa_Config20Clear_LoRa_Addr_FlagEv
                0x08003632       0x20 Memory.cpp.o
                0x08003632                LoRa_Config::Clear_LoRa_Addr_Flag()
 *fill*         0x08003652        0x2 
 .text._ZN11LoRa_Config14Save_LoRa_AddrEPh
                0x08003654       0x84 Memory.cpp.o
                0x08003654                LoRa_Config::Save_LoRa_Addr(unsigned char*)
 .text._ZN11LoRa_Config21Verify_LoRa_Addr_FlagEv
                0x080036d8       0x12 Memory.cpp.o
                0x080036d8                LoRa_Config::Verify_LoRa_Addr_Flag()
 .text._ZN17Soft_Hard_Vertion21Save_Software_versionEhh
                0x080036ea       0x26 Memory.cpp.o
                0x080036ea                Soft_Hard_Vertion::Save_Software_version(unsigned char, unsigned char)
 .text._ZN17Soft_Hard_Vertion21Read_hardware_versionEh
                0x08003710        0x4 Memory.cpp.o
                0x08003710                Soft_Hard_Vertion::Read_hardware_version(unsigned char)
 .text._ZN17Soft_Hard_Vertion21Read_Software_versionEh
                0x08003714        0x4 Memory.cpp.o
                0x08003714                Soft_Hard_Vertion::Read_Software_version(unsigned char)
 .text._ZN17Soft_Hard_Vertion21Save_hardware_versionEhh
                0x08003718       0x26 Memory.cpp.o
                0x08003718                Soft_Hard_Vertion::Save_hardware_version(unsigned char, unsigned char)
 .text._ZN26ModbusController_InitState19Save_InitState_FlagEv
                0x0800373e       0x28 Memory.cpp.o
                0x0800373e                ModbusController_InitState::Save_InitState_Flag()
 .text._ZN26ModbusController_InitState19Read_InitState_FlagEv
                0x08003766       0x12 Memory.cpp.o
                0x08003766                ModbusController_InitState::Read_InitState_Flag()
 .text._ZN26ModbusController_InitState20Clean_InitState_FlagEv
                0x08003778       0x28 Memory.cpp.o
                0x08003778                ModbusController_InitState::Clean_InitState_Flag()
 .text._ZN26ModbusController_InitState17Save_DO_InitStateEPh
                0x080037a0       0x88 Memory.cpp.o
                0x080037a0                ModbusController_InitState::Save_DO_InitState(unsigned char*)
 .text._ZN26ModbusController_InitState17Read_DO_InitStateEv
                0x08003828       0x34 Memory.cpp.o
                0x08003828                ModbusController_InitState::Read_DO_InitState()
 .text._ZN26ModbusController_InitState17Save_AO_InitStateEPh
                0x0800385c       0x88 Memory.cpp.o
                0x0800385c                ModbusController_InitState::Save_AO_InitState(unsigned char*)
 .text._ZN26ModbusController_InitState12Save_TimeoutEhh
                0x080038e4       0x78 Memory.cpp.o
                0x080038e4                ModbusController_InitState::Save_Timeout(unsigned char, unsigned char)
 .text._ZN26ModbusController_InitState12Read_TimeoutEv
                0x0800395c       0x1a Memory.cpp.o
                0x0800395c                ModbusController_InitState::Read_Timeout()
 *fill*         0x08003976        0x2 
 .text._ZN26ModbusController_InitState13Clean_TimeoutEv
                0x08003978       0x58 Memory.cpp.o
                0x08003978                ModbusController_InitState::Clean_Timeout()
 .text._ZN26ModbusController_InitState17Save_E000IntervalEhh
                0x080039d0       0x78 Memory.cpp.o
                0x080039d0                ModbusController_InitState::Save_E000Interval(unsigned char, unsigned char)
 .text._ZN26ModbusController_InitState17Read_E000IntervalEv
                0x08003a48       0x1a Memory.cpp.o
                0x08003a48                ModbusController_InitState::Read_E000Interval()
 *fill*         0x08003a62        0x2 
 .text._ZN26ModbusController_InitState20Save_E014Auto_reportEhh
                0x08003a64       0x78 Memory.cpp.o
                0x08003a64                ModbusController_InitState::Save_E014Auto_report(unsigned char, unsigned char)
 .text._ZN26ModbusController_InitState20Read_E014Auto_reportEv
                0x08003adc       0x1a Memory.cpp.o
                0x08003adc                ModbusController_InitState::Read_E014Auto_report()
 *fill*         0x08003af6        0x2 
 .text._ZN26ModbusController_InitState17Save_E014IntervalEhh
                0x08003af8       0x78 Memory.cpp.o
                0x08003af8                ModbusController_InitState::Save_E014Interval(unsigned char, unsigned char)
 .text._ZN26ModbusController_InitState17Read_E014IntervalEv
                0x08003b70       0x1a Memory.cpp.o
                0x08003b70                ModbusController_InitState::Read_E014Interval()
 *fill*         0x08003b8a        0x2 
 .text._ZN26ModbusController_InitState19Save_CyclicIntervalEhh
                0x08003b8c       0x78 Memory.cpp.o
                0x08003b8c                ModbusController_InitState::Save_CyclicInterval(unsigned char, unsigned char)
 .text._ZN26ModbusController_InitState19Read_CyclicIntervalEv
                0x08003c04       0x1a Memory.cpp.o
                0x08003c04                ModbusController_InitState::Read_CyclicInterval()
 .text._ZN6ModbusC2Ev
                0x08003c1e        0x8 Modbus.cpp.o
                0x08003c1e                Modbus::Modbus()
                0x08003c1e                Modbus::Modbus()
 .text._ZN6Modbus14searchRegisterEj
                0x08003c26       0x10 Modbus.cpp.o
                0x08003c26                Modbus::searchRegister(unsigned int)
 .text._ZN6Modbus6addRegEjj
                0x08003c36       0x26 Modbus.cpp.o
                0x08003c36                Modbus::addReg(unsigned int, unsigned int)
 .text._ZN6Modbus3RegEjj
                0x08003c5c       0x10 Modbus.cpp.o
                0x08003c5c                Modbus::Reg(unsigned int, unsigned int)
 .text._ZN6Modbus3RegEj
                0x08003c6c        0xc Modbus.cpp.o
                0x08003c6c                Modbus::Reg(unsigned int)
 .text._ZN6Modbus7addHregEjj
                0x08003c78        0xa Modbus.cpp.o
                0x08003c78                Modbus::addHreg(unsigned int, unsigned int)
 .text._ZN6Modbus4HregEjj
                0x08003c82        0xa Modbus.cpp.o
                0x08003c82                Modbus::Hreg(unsigned int, unsigned int)
 .text._ZN6Modbus4HregEj
                0x08003c8c        0xa Modbus.cpp.o
                0x08003c8c                Modbus::Hreg(unsigned int)
 .text._ZN6Modbus7addCoilEjb
                0x08003c96       0x12 Modbus.cpp.o
                0x08003c96                Modbus::addCoil(unsigned int, bool)
 .text._ZN6Modbus7addIstsEjb
                0x08003ca8       0x16 Modbus.cpp.o
                0x08003ca8                Modbus::addIsts(unsigned int, bool)
 .text._ZN6Modbus7addIregEjj
                0x08003cbe        0xa Modbus.cpp.o
                0x08003cbe                Modbus::addIreg(unsigned int, unsigned int)
 .text._ZN6Modbus4CoilEjb
                0x08003cc8       0x5c Modbus.cpp.o
                0x08003cc8                Modbus::Coil(unsigned int, bool)
 .text._ZN6Modbus4IstsEjb
                0x08003d24       0x16 Modbus.cpp.o
                0x08003d24                Modbus::Ists(unsigned int, bool)
 .text._ZN6Modbus4IregEjj
                0x08003d3a        0xa Modbus.cpp.o
                0x08003d3a                Modbus::Ireg(unsigned int, unsigned int)
 .text._ZN6Modbus4CoilEj
                0x08003d44       0x12 Modbus.cpp.o
                0x08003d44                Modbus::Coil(unsigned int)
 .text._ZN6Modbus4IstsEj
                0x08003d56       0x16 Modbus.cpp.o
                0x08003d56                Modbus::Ists(unsigned int)
 .text._ZN6Modbus4IregEj
                0x08003d6c        0xa Modbus.cpp.o
                0x08003d6c                Modbus::Ireg(unsigned int)
 *fill*         0x08003d76        0x2 
 .text._ZN6Modbus17exceptionResponseEhh
                0x08003d78       0x34 Modbus.cpp.o
                0x08003d78                Modbus::exceptionResponse(unsigned char, unsigned char)
 .text._ZN6Modbus13readRegistersEjj
                0x08003dac       0x7c Modbus.cpp.o
                0x08003dac                Modbus::readRegisters(unsigned int, unsigned int)
 .text._ZN6Modbus19writeSingleRegisterEjj
                0x08003e28       0x36 Modbus.cpp.o
                0x08003e28                Modbus::writeSingleRegister(unsigned int, unsigned int)
 .text._ZN6Modbus22writeMultipleRegistersEPhjjh
                0x08003e5e       0xa8 Modbus.cpp.o
                0x08003e5e                Modbus::writeMultipleRegisters(unsigned char*, unsigned int, unsigned int, unsigned char)
 .text._ZN6Modbus9readCoilsEjj
                0x08003f06       0xac Modbus.cpp.o
                0x08003f06                Modbus::readCoils(unsigned int, unsigned int)
 *fill*         0x08003fb2        0x2 
 .text._ZN6Modbus15readInputStatusEjj
                0x08003fb4       0xc0 Modbus.cpp.o
                0x08003fb4                Modbus::readInputStatus(unsigned int, unsigned int)
 .text._ZN6Modbus18readInputRegistersEjj
                0x08004074       0x7c Modbus.cpp.o
                0x08004074                Modbus::readInputRegisters(unsigned int, unsigned int)
 .text._ZN6Modbus15writeSingleCoilEjj
                0x080040f0       0x88 Modbus.cpp.o
                0x080040f0                Modbus::writeSingleCoil(unsigned int, unsigned int)
 .text._ZN6Modbus18writeMultipleCoilsEPhjjh
                0x08004178      0x1e0 Modbus.cpp.o
                0x08004178                Modbus::writeMultipleCoils(unsigned char*, unsigned int, unsigned int, unsigned char)
 .text._ZN6Modbus10receivePDUEPh
                0x08004358      0x17c Modbus.cpp.o
                0x08004358                Modbus::receivePDU(unsigned char*)
 .text._ZN12ModbusSerialC2Ev
                0x080044d4        0xc ModbusSerial.cpp.o
                0x080044d4                ModbusSerial::ModbusSerial()
                0x080044d4                ModbusSerial::ModbusSerial()
 .text._ZN12ModbusSerial10setSlaveIdEh
                0x080044e0        0x8 ModbusSerial.cpp.o
                0x080044e0                ModbusSerial::setSlaveId(unsigned char)
 .text._ZN12ModbusSerial6configEP14HardwareSeriallji
                0x080044e8       0x64 ModbusSerial.cpp.o
                0x080044e8                ModbusSerial::config(HardwareSerial*, long, unsigned int, int)
 .text._ZN12ModbusSerial4sendEPh
                0x0800454c       0xa4 ModbusSerial.cpp.o
                0x0800454c                ModbusSerial::send(unsigned char*)
 .text._ZN12ModbusSerial7calcCrcEhPhh
                0x080045f0       0x3c ModbusSerial.cpp.o
                0x080045f0                ModbusSerial::calcCrc(unsigned char, unsigned char*, unsigned char)
 .text._ZN12ModbusSerial7receiveEPh
                0x0800462c       0x74 ModbusSerial.cpp.o
                0x0800462c                ModbusSerial::receive(unsigned char*)
 .text._ZN12ModbusSerial7sendPDUEPh
                0x080046a0       0x90 ModbusSerial.cpp.o
                0x080046a0                ModbusSerial::sendPDU(unsigned char*)
 .text._ZN12ModbusSerial4taskEPhi
                0x08004730       0x9c ModbusSerial.cpp.o
                0x08004730                ModbusSerial::task(unsigned char*, int)
 .text._Z13RTC_Interruptv
                0x080047cc       0x14 Private_RTC.cpp.o
                0x080047cc                RTC_Interrupt()
 .text._ZN4date10Update_RTCEPh
                0x080047e0      0x1ac Private_RTC.cpp.o
                0x080047e0                date::Update_RTC(unsigned char*)
 .text._ZN4date9Set_AlarmEv
                0x0800498c       0x88 Private_RTC.cpp.o
                0x0800498c                date::Set_Alarm()
 .text.startup._GLOBAL__sub_I_Date
                0x08004a14        0xc Private_RTC.cpp.o
 .text._Z16Timer3_Interruptv
                0x08004a20       0x24 Private_Timer.cpp.o
                0x08004a20                Timer3_Interrupt()
 .text._Z16Timer4_Interruptv
                0x08004a44       0x48 Private_Timer.cpp.o
                0x08004a44                Timer4_Interrupt()
 .text._Z16Timer2_Interruptv
                0x08004a8c       0x48 Private_Timer.cpp.o
                0x08004a8c                Timer2_Interrupt()
 .text._Z36Realtime_Status_Reporting_Timer_Initv
                0x08004ad4       0x30 Private_Timer.cpp.o
                0x08004ad4                Realtime_Status_Reporting_Timer_Init()
 .text._Z31Self_Check_Parameter_Timer_Initv
                0x08004b04       0x30 Private_Timer.cpp.o
                0x08004b04                Self_Check_Parameter_Timer_Init()
 .text._Z21Irrigation_Timer_Initv
                0x08004b34       0x30 Private_Timer.cpp.o
                0x08004b34                Irrigation_Timer_Init()
 .text._Z26Start_Status_Report_Timingv
                0x08004b64       0x1c Private_Timer.cpp.o
                0x08004b64                Start_Status_Report_Timing()
 .text._Z23Start_Self_Check_Timingv
                0x08004b80       0x1c Private_Timer.cpp.o
                0x08004b80                Start_Self_Check_Timing()
 .text._Z12Start_Timer4v
                0x08004b9c       0x24 Private_Timer.cpp.o
                0x08004b9c                Start_Timer4()
 .text._Z25Stop_Status_Report_Timingv
                0x08004bc0        0xc Private_Timer.cpp.o
                0x08004bc0                Stop_Status_Report_Timing()
 .text._Z22Stop_Self_Check_Timingv
                0x08004bcc        0xc Private_Timer.cpp.o
                0x08004bcc                Stop_Self_Check_Timing()
 .text._Z11Stop_Timer4v
                0x08004bd8       0x18 Private_Timer.cpp.o
                0x08004bd8                Stop_Timer4()
 .text._ZN8TypeConv10Hex_To_DecEh
                0x08004bf0       0x12 public.cpp.o
                0x08004bf0                TypeConv::Hex_To_Dec(unsigned char)
 .text._ZN8TypeConv10Dec_To_HexEh
                0x08004c02       0x12 public.cpp.o
                0x08004c02                TypeConv::Dec_To_Hex(unsigned char)
 .text._Z9MyDelayMsj
                0x08004c14       0x24 public.cpp.o
                0x08004c14                MyDelayMs(unsigned int)
 .text._ZN7Receipt25Receipt_Random_Wait_ValueEPm
                0x08004c38       0x44 receipt.cpp.o
                0x08004c38                Receipt::Receipt_Random_Wait_Value(unsigned long*)
 .text._ZN7Receipt11Print_DebugEPhh
                0x08004c7c       0x34 receipt.cpp.o
                0x08004c7c                Receipt::Print_Debug(unsigned char*, unsigned char)
 .text._ZN7Receipt24Report_General_ParameterEv
                0x08004cb0      0x154 receipt.cpp.o
                0x08004cb0                Receipt::Report_General_Parameter()
 .text._ZN7Receipt24Request_Set_Group_NumberEv
                0x08004e04       0xdc receipt.cpp.o
                0x08004e04                Receipt::Request_Set_Group_Number()
 .text._ZN7Receipt29Request_Device_SN_and_ChannelEv
                0x08004ee0       0xdc receipt.cpp.o
                0x08004ee0                Receipt::Request_Device_SN_and_Channel()
 .text._ZN7Receipt25Working_Parameter_ReceiptEbhhh
                0x08004fbc      0x2f8 receipt.cpp.o
                0x08004fbc                Receipt::Working_Parameter_Receipt(bool, unsigned char, unsigned char, unsigned char)
 .text._ZN7Receipt15General_ReceiptEhh
                0x080052b4      0x13c receipt.cpp.o
                0x080052b4                Receipt::General_Receipt(unsigned char, unsigned char)
 .text._ZN7Receipt23Control_command_ReceiptEhhhhh
                0x080053f0      0x20c receipt.cpp.o
                0x080053f0                Receipt::Control_command_Receipt(unsigned char, unsigned char, unsigned char, unsigned char, unsigned char)
 .text._ZN7Receipt19Output_init_ReceiptEhhhhPhi
                0x080055fc       0xe8 receipt.cpp.o
                0x080055fc                Receipt::Output_init_Receipt(unsigned char, unsigned char, unsigned char, unsigned char, unsigned char*, int)
 .text._ZN7Receipt26Irrigation_control_ReceiptEhPh
                0x080056e4      0x12c receipt.cpp.o
                0x080056e4                Receipt::Irrigation_control_Receipt(unsigned char, unsigned char*)
 .text._Z20Check_LoRa_Parameterv
                0x08005810        0xc Security.cpp.o
                0x08005810                Check_LoRa_Parameter()
 .text._Z21Check_Store_Parameterv
                0x0800581c       0xe4 Security.cpp.o
                0x0800581c                Check_Store_Parameter()
 .text._Z26Check_Store_Param_And_LoRav
                0x08005900       0x38 Security.cpp.o
                0x08005900                Check_Store_Param_And_LoRa()
 .text._ZN12Modbus_Coils13Modbus_ConfigEv
                0x08005938      0x35c Set_coil.cpp.o
                0x08005938                Modbus_Coils::Modbus_Config()
 .text._ZN12Modbus_Coils18Modbus_RealizationEPhi
                0x08005c94      0x224 Set_coil.cpp.o
                0x08005c94                Modbus_Coils::Modbus_Realization(unsigned char*, int)
 .text._ZN12Modbus_Coils21Set_Coil_DefaultValueEv
                0x08005eb8       0xf4 Set_coil.cpp.o
                0x08005eb8                Modbus_Coils::Set_Coil_DefaultValue()
 .text._ZN12Modbus_Coils12Init_DO_1to8Eh
                0x08005fac      0xa28 Set_coil.cpp.o
                0x08005fac                Modbus_Coils::Init_DO_1to8(unsigned char)
 .text._ZN12Modbus_Coils13Init_DO_9to16Eh
                0x080069d4      0x358 Set_coil.cpp.o
                0x080069d4                Modbus_Coils::Init_DO_9to16(unsigned char)
 .text._ZN12Modbus_Coils18Set_Coil_InitValueEv
                0x08006d2c       0x64 Set_coil.cpp.o
                0x08006d2c                Modbus_Coils::Set_Coil_InitValue()
 .text._ZN12Modbus_Coils11Get_DI_1to8Ev
                0x08006d90       0xd0 Set_coil.cpp.o
                0x08006d90                Modbus_Coils::Get_DI_1to8()
 .text._ZN12Modbus_Coils11Get_DO_1to8Ev
                0x08006e60       0xd0 Set_coil.cpp.o
                0x08006e60                Modbus_Coils::Get_DO_1to8()
 .text._ZN12Modbus_Coils12Get_DO_9to16Ev
                0x08006f30       0x94 Set_coil.cpp.o
                0x08006f30                Modbus_Coils::Get_DO_9to16()
 .text._ZN12Modbus_Coils11Get_AI_1to8Ev
                0x08006fc4       0x70 Set_coil.cpp.o
                0x08006fc4                Modbus_Coils::Get_AI_1to8()
 .text._Z20Set_Irrigation_relayhb
                0x08007034       0x58 Set_coil.cpp.o
                0x08007034                Set_Irrigation_relay(unsigned char, bool)
 .text.startup._GLOBAL__sub_I_Modbus_Coil
                0x0800708c        0xc Set_coil.cpp.o
 .text._Z7GetCrc8Phi
                0x08007098       0x2e User_CRC8.cpp.o
                0x08007098                GetCrc8(unsigned char*, int)
 .text._ZN7RTClockC2E11rtc_clk_srct
                0x080070c6       0x46 RTClock\RTClock.cpp.o
                0x080070c6                RTClock::RTClock(rtc_clk_src, unsigned short)
                0x080070c6                RTClock::RTClock(rtc_clk_src, unsigned short)
 .text._ZN7RTClockC2E11rtc_clk_src
                0x0800710c       0x12 RTClock\RTClock.cpp.o
                0x0800710c                RTClock::RTClock(rtc_clk_src)
                0x0800710c                RTClock::RTClock(rtc_clk_src)
 .text._ZN7RTClock7setTimeEl
                0x0800711e        0x6 RTClock\RTClock.cpp.o
                0x0800711e                RTClock::setTime(long)
 .text._ZN7RTClock7getTimeEv
                0x08007124        0x4 RTClock\RTClock.cpp.o
                0x08007124                RTClock::getTime()
 .text._ZN7RTClock11createAlarmEPFvvEl
                0x08007128       0x16 RTClock\RTClock.cpp.o
                0x08007128                RTClock::createAlarm(void (*)(), long)
 *fill*         0x0800713e        0x2 
 .text.rtc_wait_finished
                0x08007140       0x1c RTClock\utility\rtc_util.c.o
 .text.rtc_wait_sync
                0x0800715c       0x1c RTClock\utility\rtc_util.c.o
 .text.rtc_clear_sync
                0x08007178       0x20 RTClock\utility\rtc_util.c.o
 .text.rtc_enter_config_mode
                0x08007198       0x20 RTClock\utility\rtc_util.c.o
 .text.rtc_exit_config_mode
                0x080071b8       0x20 RTClock\utility\rtc_util.c.o
 .text.rtc_init
                0x080071d8       0xac RTClock\utility\rtc_util.c.o
                0x080071d8                rtc_init
 .text.rtc_attach_interrupt
                0x08007284       0x60 RTClock\utility\rtc_util.c.o
                0x08007284                rtc_attach_interrupt
 .text.rtc_detach_interrupt
                0x080072e4       0x40 RTClock\utility\rtc_util.c.o
                0x080072e4                rtc_detach_interrupt
 .text.__irq_rtc
                0x08007324       0x48 RTClock\utility\rtc_util.c.o
                0x08007324                __irq_rtc
 .text.__irq_rtcalarm
                0x0800736c       0x1c RTClock\utility\rtc_util.c.o
                0x0800736c                __irq_rtcalarm
 .text.rtc_get_count
                0x08007388       0x24 RTClock\utility\rtc_util.c.o
                0x08007388                rtc_get_count
 .text.rtc_set_count
                0x080073ac       0x34 RTClock\utility\rtc_util.c.o
                0x080073ac                rtc_set_count
 .text.rtc_set_prescaler_load
                0x080073e0       0x34 RTClock\utility\rtc_util.c.o
                0x080073e0                rtc_set_prescaler_load
 .text.rtc_set_alarm
                0x08007414       0x34 RTClock\utility\rtc_util.c.o
                0x08007414                rtc_set_alarm
 .text.startup._GLOBAL__sub_I_PIN_MAP
                0x08007448       0x74 C:\Users\Administrator\AppData\Local\Temp\VMBCore\arduino16x\79f59199ad23b1693307dbc53bed82ea\variant\board.cpp.o
 .text._ZL18adc_default_configP7adc_dev
                0x080074bc       0x1c C:\Users\Administrator\AppData\Local\Temp\VMBCore\arduino16x\79f59199ad23b1693307dbc53bed82ea\variant\boards.cpp.o
 .text._ZL20timer_default_configP9timer_dev
                0x080074d8       0x9e C:\Users\Administrator\AppData\Local\Temp\VMBCore\arduino16x\79f59199ad23b1693307dbc53bed82ea\variant\boards.cpp.o
 .text._Z9boardInitv
                0x08007576        0x2 C:\Users\Administrator\AppData\Local\Temp\VMBCore\arduino16x\79f59199ad23b1693307dbc53bed82ea\variant\boards.cpp.o
                0x08007576                boardInit()
 .text._Z4initv
                0x08007578       0xbc C:\Users\Administrator\AppData\Local\Temp\VMBCore\arduino16x\79f59199ad23b1693307dbc53bed82ea\variant\boards.cpp.o
                0x08007578                init()
 .text._ZN6wirish4priv15board_reset_pllEv
                0x08007634        0x2 C:\Users\Administrator\AppData\Local\Temp\VMBCore\arduino16x\79f59199ad23b1693307dbc53bed82ea\variant\boards_setup.cpp.o
                0x08007634                wirish::priv::board_reset_pll()
 .text._ZN6wirish4priv28board_setup_clock_prescalersEv
                0x08007636       0x2e C:\Users\Administrator\AppData\Local\Temp\VMBCore\arduino16x\79f59199ad23b1693307dbc53bed82ea\variant\boards_setup.cpp.o
                0x08007636                wirish::priv::board_setup_clock_prescalers()
 .text._ZN6wirish4priv16board_setup_gpioEv
                0x08007664        0x4 C:\Users\Administrator\AppData\Local\Temp\VMBCore\arduino16x\79f59199ad23b1693307dbc53bed82ea\variant\boards_setup.cpp.o
                0x08007664                wirish::priv::board_setup_gpio()
 .text._ZN6wirish4priv15board_setup_usbEv
                0x08007668        0x2 C:\Users\Administrator\AppData\Local\Temp\VMBCore\arduino16x\79f59199ad23b1693307dbc53bed82ea\variant\boards_setup.cpp.o
                0x08007668                wirish::priv::board_setup_usb()
 .text._ZN6wirish4priv11series_initEv
                0x0800766a        0x4 C:\Users\Administrator\AppData\Local\Temp\VMBCore\arduino16x\79f59199ad23b1693307dbc53bed82ea\variant\boards_setup.cpp.o
                0x0800766a                wirish::priv::series_init()
 *fill*         0x0800766e        0x2 
 .text          0x08007670       0x10 C:\Users\Administrator\AppData\Local\Temp\VMBCore\arduino16x\79f59199ad23b1693307dbc53bed82ea\variant\start.S.o
                0x08007670                __start__
 .text.start_c  0x08007680       0x64 C:\Users\Administrator\AppData\Local\Temp\VMBCore\arduino16x\79f59199ad23b1693307dbc53bed82ea\variant\start_c.c.o
                0x08007680                start_c
 .text._sbrk    0x080076e4       0x44 C:\Users\Administrator\AppData\Local\Temp\VMBCore\arduino16x\79f59199ad23b1693307dbc53bed82ea\variant\syscalls.c.o
                0x080076e4                _sbrk
 .text._exit    0x08007728        0x2 C:\Users\Administrator\AppData\Local\Temp\VMBCore\arduino16x\79f59199ad23b1693307dbc53bed82ea\variant\syscalls.c.o
                0x08007728                _exit
 *fill*         0x0800772a        0x6 
 .text          0x08007730       0x60 C:\Users\Administrator\AppData\Local\Temp\VMBuilds\STM32_12Way_Irrigation_ControllerV1.1.0_alpha\stm32_genericSTM32F103R\Release/core.a(exc.S.o)
                0x08007730                __exc_nmi
                0x08007734                __exc_hardfault
                0x08007738                __exc_memmanage
                0x0800773c                __exc_busfault
                0x08007740                __exc_usagefault
 .text          0x08007790        0x2 C:\Users\Administrator\AppData\Local\Temp\VMBuilds\STM32_12Way_Irrigation_ControllerV1.1.0_alpha\stm32_genericSTM32F103R\Release/core.a(isrs.S.o)
                0x08007790                __stm32reservedexception9
                0x08007790                __irq_dma1_channel3
                0x08007790                __irq_i2c2_er
                0x08007790                __irq_i2c1_er
                0x08007790                __irq_sdio
                0x08007790                __irq_fsmc
                0x08007790                __irq_usb_lp_can_rx0
                0x08007790                __irq_dma1_channel6
                0x08007790                __exc_debug_monitor
                0x08007790                __irq_dma1_channel1
                0x08007790                __irq_dma2_channel2
                0x08007790                __exc_svc
                0x08007790                __irq_dma1_channel4
                0x08007790                __irq_dma1_channel7
                0x08007790                __irq_exti0
                0x08007790                __irq_can_rx1
                0x08007790                __irq_spi2
                0x08007790                __irq_can_sce
                0x08007790                __irq_exti2
                0x08007790                __irq_exti3
                0x08007790                __irq_exti9_5
                0x08007790                __irq_dma2_channel4_5
                0x08007790                __irq_pvd
                0x08007790                __irq_tamper
                0x08007790                __default_handler
                0x08007790                __irq_wwdg
                0x08007790                __stm32reservedexception10
                0x08007790                __irq_flash
                0x08007790                __irq_i2c2_ev
                0x08007790                __irq_dma1_channel2
                0x08007790                __irq_dma1_channel5
                0x08007790                __stm32reservedexception13
                0x08007790                __irq_spi1
                0x08007790                __stm32reservedexception7
                0x08007790                __irq_usb_hp_can_tx
                0x08007790                __irq_exti15_10
                0x08007790                __irq_exti4
                0x08007790                __irq_dma2_channel3
                0x08007790                __irq_spi3
                0x08007790                __stm32reservedexception8
                0x08007790                __irq_dma2_channel1
                0x08007790                __exc_pendsv
                0x08007790                __irq_i2c1_ev
                0x08007790                __irq_usbwakeup
                0x08007790                __irq_exti1
                0x08007790                __irq_rcc
 .text.adc_init
                0x08007792       0x14 C:\Users\Administrator\AppData\Local\Temp\VMBuilds\STM32_12Way_Irrigation_ControllerV1.1.0_alpha\stm32_genericSTM32F103R\Release/core.a(adc.c.o)
                0x08007792                adc_init
 .text.adc_set_extsel
                0x080077a6       0x12 C:\Users\Administrator\AppData\Local\Temp\VMBuilds\STM32_12Way_Irrigation_ControllerV1.1.0_alpha\stm32_genericSTM32F103R\Release/core.a(adc.c.o)
                0x080077a6                adc_set_extsel
 .text.adc_set_sample_rate
                0x080077b8       0x30 C:\Users\Administrator\AppData\Local\Temp\VMBuilds\STM32_12Way_Irrigation_ControllerV1.1.0_alpha\stm32_genericSTM32F103R\Release/core.a(adc.c.o)
                0x080077b8                adc_set_sample_rate
 .text.adc_read
                0x080077e8       0x20 C:\Users\Administrator\AppData\Local\Temp\VMBuilds\STM32_12Way_Irrigation_ControllerV1.1.0_alpha\stm32_genericSTM32F103R\Release/core.a(adc.c.o)
                0x080077e8                adc_read
 .text.__irq_adc
                0x08007808       0x50 C:\Users\Administrator\AppData\Local\Temp\VMBuilds\STM32_12Way_Irrigation_ControllerV1.1.0_alpha\stm32_genericSTM32F103R\Release/core.a(adc_f1.c.o)
                0x08007808                __irq_adc
 .text.__irq_adc3
                0x08007858       0x50 C:\Users\Administrator\AppData\Local\Temp\VMBuilds\STM32_12Way_Irrigation_ControllerV1.1.0_alpha\stm32_genericSTM32F103R\Release/core.a(adc_f1.c.o)
                0x08007858                __irq_adc3
 .text.adc_calibrate
                0x080078a8       0x24 C:\Users\Administrator\AppData\Local\Temp\VMBuilds\STM32_12Way_Irrigation_ControllerV1.1.0_alpha\stm32_genericSTM32F103R\Release/core.a(adc_f1.c.o)
                0x080078a8                adc_calibrate
 .text.adc_set_prescaler
                0x080078cc        0x8 C:\Users\Administrator\AppData\Local\Temp\VMBuilds\STM32_12Way_Irrigation_ControllerV1.1.0_alpha\stm32_genericSTM32F103R\Release/core.a(adc_f1.c.o)
                0x080078cc                adc_set_prescaler
 .text.adc_foreach
                0x080078d4       0x24 C:\Users\Administrator\AppData\Local\Temp\VMBuilds\STM32_12Way_Irrigation_ControllerV1.1.0_alpha\stm32_genericSTM32F103R\Release/core.a(adc_f1.c.o)
                0x080078d4                adc_foreach
 .text.adc_enable_single_swstart
                0x080078f8       0x36 C:\Users\Administrator\AppData\Local\Temp\VMBuilds\STM32_12Way_Irrigation_ControllerV1.1.0_alpha\stm32_genericSTM32F103R\Release/core.a(adc_f1.c.o)
                0x080078f8                adc_enable_single_swstart
 .text.bkp_init
                0x0800792e       0x18 C:\Users\Administrator\AppData\Local\Temp\VMBuilds\STM32_12Way_Irrigation_ControllerV1.1.0_alpha\stm32_genericSTM32F103R\Release/core.a(bkp_f1.c.o)
                0x0800792e                bkp_init
 *fill*         0x08007946        0x2 
 .text.bkp_enable_writes
                0x08007948        0xc C:\Users\Administrator\AppData\Local\Temp\VMBuilds\STM32_12Way_Irrigation_ControllerV1.1.0_alpha\stm32_genericSTM32F103R\Release/core.a(bkp_f1.c.o)
                0x08007948                bkp_enable_writes
 .text.bkp_disable_writes
                0x08007954        0xc C:\Users\Administrator\AppData\Local\Temp\VMBuilds\STM32_12Way_Irrigation_ControllerV1.1.0_alpha\stm32_genericSTM32F103R\Release/core.a(bkp_f1.c.o)
                0x08007954                bkp_disable_writes
 .text.flash_set_latency
                0x08007960       0x14 C:\Users\Administrator\AppData\Local\Temp\VMBuilds\STM32_12Way_Irrigation_ControllerV1.1.0_alpha\stm32_genericSTM32F103R\Release/core.a(flash.c.o)
                0x08007960                flash_set_latency
 .text.gpio_init_all
                0x08007974       0x4c C:\Users\Administrator\AppData\Local\Temp\VMBuilds\STM32_12Way_Irrigation_ControllerV1.1.0_alpha\stm32_genericSTM32F103R\Release/core.a(gpio_f1.c.o)
                0x08007974                gpio_init_all
 .text.gpio_set_mode
                0x080079c0       0x50 C:\Users\Administrator\AppData\Local\Temp\VMBuilds\STM32_12Way_Irrigation_ControllerV1.1.0_alpha\stm32_genericSTM32F103R\Release/core.a(gpio_f1.c.o)
                0x080079c0                gpio_set_mode
 .text.afio_init
                0x08007a10       0x12 C:\Users\Administrator\AppData\Local\Temp\VMBuilds\STM32_12Way_Irrigation_ControllerV1.1.0_alpha\stm32_genericSTM32F103R\Release/core.a(gpio_f1.c.o)
                0x08007a10                afio_init
 *fill*         0x08007a22        0x2 
 .text.iwdg_init
                0x08007a24       0x20 C:\Users\Administrator\AppData\Local\Temp\VMBuilds\STM32_12Way_Irrigation_ControllerV1.1.0_alpha\stm32_genericSTM32F103R\Release/core.a(iwdg.c.o)
                0x08007a24                iwdg_init
 .text.iwdg_feed
                0x08007a44       0x10 C:\Users\Administrator\AppData\Local\Temp\VMBuilds\STM32_12Way_Irrigation_ControllerV1.1.0_alpha\stm32_genericSTM32F103R\Release/core.a(iwdg.c.o)
                0x08007a44                iwdg_feed
 .text.nvic_irq_set_priority
                0x08007a54       0x28 C:\Users\Administrator\AppData\Local\Temp\VMBuilds\STM32_12Way_Irrigation_ControllerV1.1.0_alpha\stm32_genericSTM32F103R\Release/core.a(nvic.c.o)
                0x08007a54                nvic_irq_set_priority
 .text.nvic_init
                0x08007a7c       0x30 C:\Users\Administrator\AppData\Local\Temp\VMBuilds\STM32_12Way_Irrigation_ControllerV1.1.0_alpha\stm32_genericSTM32F103R\Release/core.a(nvic.c.o)
                0x08007a7c                nvic_init
 .text.nvic_sys_reset
                0x08007aac       0x1c C:\Users\Administrator\AppData\Local\Temp\VMBuilds\STM32_12Way_Irrigation_ControllerV1.1.0_alpha\stm32_genericSTM32F103R\Release/core.a(nvic.c.o)
                0x08007aac                nvic_sys_reset
 .text.rcc_dev_clk
                0x08007ac8        0xc C:\Users\Administrator\AppData\Local\Temp\VMBuilds\STM32_12Way_Irrigation_ControllerV1.1.0_alpha\stm32_genericSTM32F103R\Release/core.a(rcc.c.o)
                0x08007ac8                rcc_dev_clk
 .text.rcc_switch_sysclk
                0x08007ad4       0x20 C:\Users\Administrator\AppData\Local\Temp\VMBuilds\STM32_12Way_Irrigation_ControllerV1.1.0_alpha\stm32_genericSTM32F103R\Release/core.a(rcc.c.o)
                0x08007ad4                rcc_switch_sysclk
 .text.rcc_turn_on_clk
                0x08007af4       0x1a C:\Users\Administrator\AppData\Local\Temp\VMBuilds\STM32_12Way_Irrigation_ControllerV1.1.0_alpha\stm32_genericSTM32F103R\Release/core.a(rcc.c.o)
                0x08007af4                rcc_turn_on_clk
 .text.rcc_turn_off_clk
                0x08007b0e       0x1c C:\Users\Administrator\AppData\Local\Temp\VMBuilds\STM32_12Way_Irrigation_ControllerV1.1.0_alpha\stm32_genericSTM32F103R\Release/core.a(rcc.c.o)
                0x08007b0e                rcc_turn_off_clk
 .text.rcc_is_clk_ready
                0x08007b2a       0x18 C:\Users\Administrator\AppData\Local\Temp\VMBuilds\STM32_12Way_Irrigation_ControllerV1.1.0_alpha\stm32_genericSTM32F103R\Release/core.a(rcc.c.o)
                0x08007b2a                rcc_is_clk_ready
 *fill*         0x08007b42        0x2 
 .text.rcc_configure_pll
                0x08007b44       0x18 C:\Users\Administrator\AppData\Local\Temp\VMBuilds\STM32_12Way_Irrigation_ControllerV1.1.0_alpha\stm32_genericSTM32F103R\Release/core.a(rcc_f1.c.o)
                0x08007b44                rcc_configure_pll
 .text.rcc_clk_enable
                0x08007b5c       0x30 C:\Users\Administrator\AppData\Local\Temp\VMBuilds\STM32_12Way_Irrigation_ControllerV1.1.0_alpha\stm32_genericSTM32F103R\Release/core.a(rcc_f1.c.o)
                0x08007b5c                rcc_clk_enable
 .text.rcc_reset_dev
                0x08007b8c       0x34 C:\Users\Administrator\AppData\Local\Temp\VMBuilds\STM32_12Way_Irrigation_ControllerV1.1.0_alpha\stm32_genericSTM32F103R\Release/core.a(rcc_f1.c.o)
                0x08007b8c                rcc_reset_dev
 .text.rcc_set_prescaler
                0x08007bc0       0x20 C:\Users\Administrator\AppData\Local\Temp\VMBuilds\STM32_12Way_Irrigation_ControllerV1.1.0_alpha\stm32_genericSTM32F103R\Release/core.a(rcc_f1.c.o)
                0x08007bc0                rcc_set_prescaler
 .text.rcc_clk_disable
                0x08007be0       0x30 C:\Users\Administrator\AppData\Local\Temp\VMBuilds\STM32_12Way_Irrigation_ControllerV1.1.0_alpha\stm32_genericSTM32F103R\Release/core.a(rcc_f1.c.o)
                0x08007be0                rcc_clk_disable
 .text.systick_init
                0x08007c10       0x10 C:\Users\Administrator\AppData\Local\Temp\VMBuilds\STM32_12Way_Irrigation_ControllerV1.1.0_alpha\stm32_genericSTM32F103R\Release/core.a(systick.c.o)
                0x08007c10                systick_init
 .text.__exc_systick
                0x08007c20       0x1c C:\Users\Administrator\AppData\Local\Temp\VMBuilds\STM32_12Way_Irrigation_ControllerV1.1.0_alpha\stm32_genericSTM32F103R\Release/core.a(systick.c.o)
                0x08007c20                __exc_systick
 .text.timer_oc_set_mode
                0x08007c3c       0x3a C:\Users\Administrator\AppData\Local\Temp\VMBuilds\STM32_12Way_Irrigation_ControllerV1.1.0_alpha\stm32_genericSTM32F103R\Release/core.a(timer.c.o)
 *fill*         0x08007c76        0x2 
 .text.timer_foreach
                0x08007c78       0x48 C:\Users\Administrator\AppData\Local\Temp\VMBuilds\STM32_12Way_Irrigation_ControllerV1.1.0_alpha\stm32_genericSTM32F103R\Release/core.a(timer.c.o)
                0x08007c78                timer_foreach
 .text.timer_init
                0x08007cc0       0x14 C:\Users\Administrator\AppData\Local\Temp\VMBuilds\STM32_12Way_Irrigation_ControllerV1.1.0_alpha\stm32_genericSTM32F103R\Release/core.a(timer.c.o)
                0x08007cc0                timer_init
 .text.timer_has_cc_channel
                0x08007cd4       0x30 C:\Users\Administrator\AppData\Local\Temp\VMBuilds\STM32_12Way_Irrigation_ControllerV1.1.0_alpha\stm32_genericSTM32F103R\Release/core.a(timer.c.o)
                0x08007cd4                timer_has_cc_channel
 .text.timer_attach_interrupt
                0x08007d04       0xc0 C:\Users\Administrator\AppData\Local\Temp\VMBuilds\STM32_12Way_Irrigation_ControllerV1.1.0_alpha\stm32_genericSTM32F103R\Release/core.a(timer.c.o)
                0x08007d04                timer_attach_interrupt
 .text.timer_detach_interrupt
                0x08007dc4       0x1e C:\Users\Administrator\AppData\Local\Temp\VMBuilds\STM32_12Way_Irrigation_ControllerV1.1.0_alpha\stm32_genericSTM32F103R\Release/core.a(timer.c.o)
                0x08007dc4                timer_detach_interrupt
 .text.timer_set_mode
                0x08007de2       0x86 C:\Users\Administrator\AppData\Local\Temp\VMBuilds\STM32_12Way_Irrigation_ControllerV1.1.0_alpha\stm32_genericSTM32F103R\Release/core.a(timer.c.o)
                0x08007de2                timer_set_mode
 .text.__irq_tim1_brk
                0x08007e68       0x24 C:\Users\Administrator\AppData\Local\Temp\VMBuilds\STM32_12Way_Irrigation_ControllerV1.1.0_alpha\stm32_genericSTM32F103R\Release/core.a(timer.c.o)
                0x08007e68                __irq_tim1_brk
 .text.__irq_tim1_up
                0x08007e8c       0x24 C:\Users\Administrator\AppData\Local\Temp\VMBuilds\STM32_12Way_Irrigation_ControllerV1.1.0_alpha\stm32_genericSTM32F103R\Release/core.a(timer.c.o)
                0x08007e8c                __irq_tim1_up
 .text.__irq_tim1_trg_com
                0x08007eb0       0x38 C:\Users\Administrator\AppData\Local\Temp\VMBuilds\STM32_12Way_Irrigation_ControllerV1.1.0_alpha\stm32_genericSTM32F103R\Release/core.a(timer.c.o)
                0x08007eb0                __irq_tim1_trg_com
 .text.__irq_tim1_cc
                0x08007ee8       0x54 C:\Users\Administrator\AppData\Local\Temp\VMBuilds\STM32_12Way_Irrigation_ControllerV1.1.0_alpha\stm32_genericSTM32F103R\Release/core.a(timer.c.o)
                0x08007ee8                __irq_tim1_cc
 .text.__irq_tim2
                0x08007f3c       0x70 C:\Users\Administrator\AppData\Local\Temp\VMBuilds\STM32_12Way_Irrigation_ControllerV1.1.0_alpha\stm32_genericSTM32F103R\Release/core.a(timer.c.o)
                0x08007f3c                __irq_tim2
 .text.__irq_tim3
                0x08007fac       0x70 C:\Users\Administrator\AppData\Local\Temp\VMBuilds\STM32_12Way_Irrigation_ControllerV1.1.0_alpha\stm32_genericSTM32F103R\Release/core.a(timer.c.o)
                0x08007fac                __irq_tim3
 .text.__irq_tim4
                0x0800801c       0x70 C:\Users\Administrator\AppData\Local\Temp\VMBuilds\STM32_12Way_Irrigation_ControllerV1.1.0_alpha\stm32_genericSTM32F103R\Release/core.a(timer.c.o)
                0x0800801c                __irq_tim4
 .text.__irq_tim5
                0x0800808c       0x70 C:\Users\Administrator\AppData\Local\Temp\VMBuilds\STM32_12Way_Irrigation_ControllerV1.1.0_alpha\stm32_genericSTM32F103R\Release/core.a(timer.c.o)
                0x0800808c                __irq_tim5
 .text.__irq_tim6
                0x080080fc       0x24 C:\Users\Administrator\AppData\Local\Temp\VMBuilds\STM32_12Way_Irrigation_ControllerV1.1.0_alpha\stm32_genericSTM32F103R\Release/core.a(timer.c.o)
                0x080080fc                __irq_tim6
 .text.__irq_tim7
                0x08008120       0x24 C:\Users\Administrator\AppData\Local\Temp\VMBuilds\STM32_12Way_Irrigation_ControllerV1.1.0_alpha\stm32_genericSTM32F103R\Release/core.a(timer.c.o)
                0x08008120                __irq_tim7
 .text.__irq_tim8_brk
                0x08008144       0x24 C:\Users\Administrator\AppData\Local\Temp\VMBuilds\STM32_12Way_Irrigation_ControllerV1.1.0_alpha\stm32_genericSTM32F103R\Release/core.a(timer.c.o)
                0x08008144                __irq_tim8_brk
 .text.__irq_tim8_up
                0x08008168       0x24 C:\Users\Administrator\AppData\Local\Temp\VMBuilds\STM32_12Way_Irrigation_ControllerV1.1.0_alpha\stm32_genericSTM32F103R\Release/core.a(timer.c.o)
                0x08008168                __irq_tim8_up
 .text.__irq_tim8_trg_com
                0x0800818c       0x38 C:\Users\Administrator\AppData\Local\Temp\VMBuilds\STM32_12Way_Irrigation_ControllerV1.1.0_alpha\stm32_genericSTM32F103R\Release/core.a(timer.c.o)
                0x0800818c                __irq_tim8_trg_com
 .text.__irq_tim8_cc
                0x080081c4       0x54 C:\Users\Administrator\AppData\Local\Temp\VMBuilds\STM32_12Way_Irrigation_ControllerV1.1.0_alpha\stm32_genericSTM32F103R\Release/core.a(timer.c.o)
                0x080081c4                __irq_tim8_cc
 .text.rb_remove
                0x08008218       0x24 C:\Users\Administrator\AppData\Local\Temp\VMBuilds\STM32_12Way_Irrigation_ControllerV1.1.0_alpha\stm32_genericSTM32F103R\Release/core.a(usart_f1.c.o)
 .text.rb_push_insert
                0x0800823c       0x52 C:\Users\Administrator\AppData\Local\Temp\VMBuilds\STM32_12Way_Irrigation_ControllerV1.1.0_alpha\stm32_genericSTM32F103R\Release/core.a(usart_f1.c.o)
 .text.usart_config_gpios_async
                0x0800828e       0x4a C:\Users\Administrator\AppData\Local\Temp\VMBuilds\STM32_12Way_Irrigation_ControllerV1.1.0_alpha\stm32_genericSTM32F103R\Release/core.a(usart_f1.c.o)
                0x0800828e                usart_config_gpios_async
 .text.usart_set_baud_rate
                0x080082d8       0x3c C:\Users\Administrator\AppData\Local\Temp\VMBuilds\STM32_12Way_Irrigation_ControllerV1.1.0_alpha\stm32_genericSTM32F103R\Release/core.a(usart_f1.c.o)
                0x080082d8                usart_set_baud_rate
 .text.__irq_usart1
                0x08008314       0x54 C:\Users\Administrator\AppData\Local\Temp\VMBuilds\STM32_12Way_Irrigation_ControllerV1.1.0_alpha\stm32_genericSTM32F103R\Release/core.a(usart_f1.c.o)
                0x08008314                __irq_usart1
 .text.__irq_usart2
                0x08008368       0x54 C:\Users\Administrator\AppData\Local\Temp\VMBuilds\STM32_12Way_Irrigation_ControllerV1.1.0_alpha\stm32_genericSTM32F103R\Release/core.a(usart_f1.c.o)
                0x08008368                __irq_usart2
 .text.__irq_usart3
                0x080083bc       0x54 C:\Users\Administrator\AppData\Local\Temp\VMBuilds\STM32_12Way_Irrigation_ControllerV1.1.0_alpha\stm32_genericSTM32F103R\Release/core.a(usart_f1.c.o)
                0x080083bc                __irq_usart3
 .text.__irq_uart4
                0x08008410       0x54 C:\Users\Administrator\AppData\Local\Temp\VMBuilds\STM32_12Way_Irrigation_ControllerV1.1.0_alpha\stm32_genericSTM32F103R\Release/core.a(usart_f1.c.o)
                0x08008410                __irq_uart4
 .text.__irq_uart5
                0x08008464       0x54 C:\Users\Administrator\AppData\Local\Temp\VMBuilds\STM32_12Way_Irrigation_ControllerV1.1.0_alpha\stm32_genericSTM32F103R\Release/core.a(usart_f1.c.o)
                0x08008464                __irq_uart5
 .text._usart_clock_freq
                0x080084b8       0x24 C:\Users\Administrator\AppData\Local\Temp\VMBuilds\STM32_12Way_Irrigation_ControllerV1.1.0_alpha\stm32_genericSTM32F103R\Release/core.a(usart_private.c.o)
                0x080084b8                _usart_clock_freq
 .text.throb    0x080084dc       0x4c C:\Users\Administrator\AppData\Local\Temp\VMBuilds\STM32_12Way_Irrigation_ControllerV1.1.0_alpha\stm32_genericSTM32F103R\Release/core.a(util.c.o)
                0x080084dc                throb
 .text.__error  0x08008528       0x14 C:\Users\Administrator\AppData\Local\Temp\VMBuilds\STM32_12Way_Irrigation_ControllerV1.1.0_alpha\stm32_genericSTM32F103R\Release/core.a(util.c.o)
                0x08008528                __error
 .text._ZN14HardwareSerial4readEv
                0x0800853c       0x4e C:\Users\Administrator\AppData\Local\Temp\VMBuilds\STM32_12Way_Irrigation_ControllerV1.1.0_alpha\stm32_genericSTM32F103R\Release/core.a(HardwareSerial.cpp.o)
                0x0800853c                HardwareSerial::read()
 .text._ZN14HardwareSerial4peekEv
                0x0800858a       0x22 C:\Users\Administrator\AppData\Local\Temp\VMBuilds\STM32_12Way_Irrigation_ControllerV1.1.0_alpha\stm32_genericSTM32F103R\Release/core.a(HardwareSerial.cpp.o)
                0x0800858a                HardwareSerial::peek()
 .text._ZN14HardwareSerial5flushEv
                0x080085ac       0x1a C:\Users\Administrator\AppData\Local\Temp\VMBuilds\STM32_12Way_Irrigation_ControllerV1.1.0_alpha\stm32_genericSTM32F103R\Release/core.a(HardwareSerial.cpp.o)
                0x080085ac                HardwareSerial::flush()
 .text._ZN14HardwareSerial5writeEh
                0x080085c6       0x1e C:\Users\Administrator\AppData\Local\Temp\VMBuilds\STM32_12Way_Irrigation_ControllerV1.1.0_alpha\stm32_genericSTM32F103R\Release/core.a(HardwareSerial.cpp.o)
                0x080085c6                HardwareSerial::write(unsigned char)
 .text._ZN14HardwareSerial9availableEv
                0x080085e4       0x26 C:\Users\Administrator\AppData\Local\Temp\VMBuilds\STM32_12Way_Irrigation_ControllerV1.1.0_alpha\stm32_genericSTM32F103R\Release/core.a(HardwareSerial.cpp.o)
                0x080085e4                HardwareSerial::available()
 *fill*         0x0800860a        0x2 
 .text._ZN14HardwareSerialC2EP9usart_devhh
                0x0800860c       0x1c C:\Users\Administrator\AppData\Local\Temp\VMBuilds\STM32_12Way_Irrigation_ControllerV1.1.0_alpha\stm32_genericSTM32F103R\Release/core.a(HardwareSerial.cpp.o)
                0x0800860c                HardwareSerial::HardwareSerial(usart_dev*, unsigned char, unsigned char)
                0x0800860c                HardwareSerial::HardwareSerial(usart_dev*, unsigned char, unsigned char)
 .text._ZN14HardwareSerial5beginEmh
                0x08008628       0x78 C:\Users\Administrator\AppData\Local\Temp\VMBuilds\STM32_12Way_Irrigation_ControllerV1.1.0_alpha\stm32_genericSTM32F103R\Release/core.a(HardwareSerial.cpp.o)
                0x08008628                HardwareSerial::begin(unsigned long, unsigned char)
 .text._ZN14HardwareSerial5beginEm
                0x080086a0        0x6 C:\Users\Administrator\AppData\Local\Temp\VMBuilds\STM32_12Way_Irrigation_ControllerV1.1.0_alpha\stm32_genericSTM32F103R\Release/core.a(HardwareSerial.cpp.o)
                0x080086a0                HardwareSerial::begin(unsigned long)
 .text._ZN14HardwareSerial3endEv
                0x080086a6        0x6 C:\Users\Administrator\AppData\Local\Temp\VMBuilds\STM32_12Way_Irrigation_ControllerV1.1.0_alpha\stm32_genericSTM32F103R\Release/core.a(HardwareSerial.cpp.o)
                0x080086a6                HardwareSerial::end()
 .text.set_this_dev
                0x080086ac       0x1c C:\Users\Administrator\AppData\Local\Temp\VMBuilds\STM32_12Way_Irrigation_ControllerV1.1.0_alpha\stm32_genericSTM32F103R\Release/core.a(HardwareTimer.cpp.o)
 .text._ZN13HardwareTimerC2Eh
                0x080086c8       0x2c C:\Users\Administrator\AppData\Local\Temp\VMBuilds\STM32_12Way_Irrigation_ControllerV1.1.0_alpha\stm32_genericSTM32F103R\Release/core.a(HardwareTimer.cpp.o)
                0x080086c8                HardwareTimer::HardwareTimer(unsigned char)
                0x080086c8                HardwareTimer::HardwareTimer(unsigned char)
 .text._ZN13HardwareTimer5pauseEv
                0x080086f4       0x10 C:\Users\Administrator\AppData\Local\Temp\VMBuilds\STM32_12Way_Irrigation_ControllerV1.1.0_alpha\stm32_genericSTM32F103R\Release/core.a(HardwareTimer.cpp.o)
                0x080086f4                HardwareTimer::pause()
 .text._ZN13HardwareTimer6resumeEv
                0x08008704       0x10 C:\Users\Administrator\AppData\Local\Temp\VMBuilds\STM32_12Way_Irrigation_ControllerV1.1.0_alpha\stm32_genericSTM32F103R\Release/core.a(HardwareTimer.cpp.o)
                0x08008704                HardwareTimer::resume()
 .text._ZN13HardwareTimer17setPrescaleFactorEm
                0x08008714        0xc C:\Users\Administrator\AppData\Local\Temp\VMBuilds\STM32_12Way_Irrigation_ControllerV1.1.0_alpha\stm32_genericSTM32F103R\Release/core.a(HardwareTimer.cpp.o)
                0x08008714                HardwareTimer::setPrescaleFactor(unsigned long)
 .text._ZN13HardwareTimer8setCountEt
                0x08008720       0x12 C:\Users\Administrator\AppData\Local\Temp\VMBuilds\STM32_12Way_Irrigation_ControllerV1.1.0_alpha\stm32_genericSTM32F103R\Release/core.a(HardwareTimer.cpp.o)
                0x08008720                HardwareTimer::setCount(unsigned short)
 .text._ZN13HardwareTimer9setPeriodEm
                0x08008732       0x3e C:\Users\Administrator\AppData\Local\Temp\VMBuilds\STM32_12Way_Irrigation_ControllerV1.1.0_alpha\stm32_genericSTM32F103R\Release/core.a(HardwareTimer.cpp.o)
                0x08008732                HardwareTimer::setPeriod(unsigned long)
 .text._ZN13HardwareTimer15attachInterruptEiPFvvE
                0x08008770        0x8 C:\Users\Administrator\AppData\Local\Temp\VMBuilds\STM32_12Way_Irrigation_ControllerV1.1.0_alpha\stm32_genericSTM32F103R\Release/core.a(HardwareTimer.cpp.o)
                0x08008770                HardwareTimer::attachInterrupt(int, void (*)())
 .text.startup._GLOBAL__sub_I__ZN13HardwareTimerC2Eh
                0x08008778       0x68 C:\Users\Administrator\AppData\Local\Temp\VMBuilds\STM32_12Way_Irrigation_ControllerV1.1.0_alpha\stm32_genericSTM32F103R\Release/core.a(HardwareTimer.cpp.o)
 .text.startup._Z7premainv
                0x080087e0        0x4 C:\Users\Administrator\AppData\Local\Temp\VMBuilds\STM32_12Way_Irrigation_ControllerV1.1.0_alpha\stm32_genericSTM32F103R\Release/core.a(main.cpp.o)
                0x080087e0                premain()
 .text.startup.main
                0x080087e4        0xc C:\Users\Administrator\AppData\Local\Temp\VMBuilds\STM32_12Way_Irrigation_ControllerV1.1.0_alpha\stm32_genericSTM32F103R\Release/core.a(main.cpp.o)
                0x080087e4                main
 .text._ZN5Print5writeEPKc
                0x080087f0       0x1c C:\Users\Administrator\AppData\Local\Temp\VMBuilds\STM32_12Way_Irrigation_ControllerV1.1.0_alpha\stm32_genericSTM32F103R\Release/core.a(Print.cpp.o)
                0x080087f0                Print::write(char const*)
 .text._ZN5Print5writeEPKvm
                0x0800880c       0x20 C:\Users\Administrator\AppData\Local\Temp\VMBuilds\STM32_12Way_Irrigation_ControllerV1.1.0_alpha\stm32_genericSTM32F103R\Release/core.a(Print.cpp.o)
                0x0800880c                Print::write(void const*, unsigned long)
 .text._ZN5Print5printERK6String
                0x0800882c       0x10 C:\Users\Administrator\AppData\Local\Temp\VMBuilds\STM32_12Way_Irrigation_ControllerV1.1.0_alpha\stm32_genericSTM32F103R\Release/core.a(Print.cpp.o)
                0x0800882c                Print::print(String const&)
 .text._ZN5Print5printEc
                0x0800883c        0xa C:\Users\Administrator\AppData\Local\Temp\VMBuilds\STM32_12Way_Irrigation_ControllerV1.1.0_alpha\stm32_genericSTM32F103R\Release/core.a(Print.cpp.o)
                0x0800883c                Print::print(char)
 .text._ZN5Print5printEPKc
                0x08008846        0xa C:\Users\Administrator\AppData\Local\Temp\VMBuilds\STM32_12Way_Irrigation_ControllerV1.1.0_alpha\stm32_genericSTM32F103R\Release/core.a(Print.cpp.o)
                0x08008846                Print::print(char const*)
 .text._ZN5Print7printlnEv
                0x08008850       0x18 C:\Users\Administrator\AppData\Local\Temp\VMBuilds\STM32_12Way_Irrigation_ControllerV1.1.0_alpha\stm32_genericSTM32F103R\Release/core.a(Print.cpp.o)
                0x08008850                Print::println()
 .text._ZN5Print7printlnERK6String
                0x08008868       0x14 C:\Users\Administrator\AppData\Local\Temp\VMBuilds\STM32_12Way_Irrigation_ControllerV1.1.0_alpha\stm32_genericSTM32F103R\Release/core.a(Print.cpp.o)
                0x08008868                Print::println(String const&)
 .text._ZN5Print7printlnEPKc
                0x0800887c       0x14 C:\Users\Administrator\AppData\Local\Temp\VMBuilds\STM32_12Way_Irrigation_ControllerV1.1.0_alpha\stm32_genericSTM32F103R\Release/core.a(Print.cpp.o)
                0x0800887c                Print::println(char const*)
 .text._ZN5Print11printNumberEyh
                0x08008890       0x84 C:\Users\Administrator\AppData\Local\Temp\VMBuilds\STM32_12Way_Irrigation_ControllerV1.1.0_alpha\stm32_genericSTM32F103R\Release/core.a(Print.cpp.o)
                0x08008890                Print::printNumber(unsigned long long, unsigned char)
 .text._ZN5Print5printExi
                0x08008914       0x40 C:\Users\Administrator\AppData\Local\Temp\VMBuilds\STM32_12Way_Irrigation_ControllerV1.1.0_alpha\stm32_genericSTM32F103R\Release/core.a(Print.cpp.o)
                0x08008914                Print::print(long long, int)
 .text._ZN5Print5printEii
                0x08008954       0x12 C:\Users\Administrator\AppData\Local\Temp\VMBuilds\STM32_12Way_Irrigation_ControllerV1.1.0_alpha\stm32_genericSTM32F103R\Release/core.a(Print.cpp.o)
                0x08008954                Print::print(int, int)
 .text._ZN5Print7printlnEii
                0x08008966       0x14 C:\Users\Administrator\AppData\Local\Temp\VMBuilds\STM32_12Way_Irrigation_ControllerV1.1.0_alpha\stm32_genericSTM32F103R\Release/core.a(Print.cpp.o)
                0x08008966                Print::println(int, int)
 .text._ZN5Print5printEyi
                0x0800897a       0x1c C:\Users\Administrator\AppData\Local\Temp\VMBuilds\STM32_12Way_Irrigation_ControllerV1.1.0_alpha\stm32_genericSTM32F103R\Release/core.a(Print.cpp.o)
                0x0800897a                Print::print(unsigned long long, int)
 .text._ZN5Print5printEhi
                0x08008996       0x12 C:\Users\Administrator\AppData\Local\Temp\VMBuilds\STM32_12Way_Irrigation_ControllerV1.1.0_alpha\stm32_genericSTM32F103R\Release/core.a(Print.cpp.o)
                0x08008996                Print::print(unsigned char, int)
 .text._ZN5Print7printlnEhi
                0x080089a8       0x14 C:\Users\Administrator\AppData\Local\Temp\VMBuilds\STM32_12Way_Irrigation_ControllerV1.1.0_alpha\stm32_genericSTM32F103R\Release/core.a(Print.cpp.o)
                0x080089a8                Print::println(unsigned char, int)
 .text._Z10analogReadh
                0x080089bc       0x1c C:\Users\Administrator\AppData\Local\Temp\VMBuilds\STM32_12Way_Irrigation_ControllerV1.1.0_alpha\stm32_genericSTM32F103R\Release/core.a(wirish_analog.cpp.o)
                0x080089bc                analogRead(unsigned char)
 .text._Z11digitalReadh
                0x080089d8       0x2c C:\Users\Administrator\AppData\Local\Temp\VMBuilds\STM32_12Way_Irrigation_ControllerV1.1.0_alpha\stm32_genericSTM32F103R\Release/core.a(wirish_digital.cpp.o)
                0x080089d8                digitalRead(unsigned char)
 .text._Z12digitalWritehh
                0x08008a04       0x2c C:\Users\Administrator\AppData\Local\Temp\VMBuilds\STM32_12Way_Irrigation_ControllerV1.1.0_alpha\stm32_genericSTM32F103R\Release/core.a(wirish_digital.cpp.o)
                0x08008a04                digitalWrite(unsigned char, unsigned char)
 .text._Z6randoml
                0x08008a30       0x16 C:\Users\Administrator\AppData\Local\Temp\VMBuilds\STM32_12Way_Irrigation_ControllerV1.1.0_alpha\stm32_genericSTM32F103R\Release/core.a(wirish_math.cpp.o)
                0x08008a30                random(long)
 .text._Z6randomll
                0x08008a46       0x14 C:\Users\Administrator\AppData\Local\Temp\VMBuilds\STM32_12Way_Irrigation_ControllerV1.1.0_alpha\stm32_genericSTM32F103R\Release/core.a(wirish_math.cpp.o)
                0x08008a46                random(long, long)
 *fill*         0x08008a5a        0x2 
 .text._Z5delaym
                0x08008a5c       0x1c C:\Users\Administrator\AppData\Local\Temp\VMBuilds\STM32_12Way_Irrigation_ControllerV1.1.0_alpha\stm32_genericSTM32F103R\Release/core.a(wirish_time.cpp.o)
                0x08008a5c                delay(unsigned long)
 .text._Z17delayMicrosecondsm
                0x08008a78        0xe C:\Users\Administrator\AppData\Local\Temp\VMBuilds\STM32_12Way_Irrigation_ControllerV1.1.0_alpha\stm32_genericSTM32F103R\Release/core.a(wirish_time.cpp.o)
                0x08008a78                delayMicroseconds(unsigned long)
 .text._ZNK6String14StringIfHelperEv
                0x08008a86        0x2 C:\Users\Administrator\AppData\Local\Temp\VMBuilds\STM32_12Way_Irrigation_ControllerV1.1.0_alpha\stm32_genericSTM32F103R\Release/core.a(WString.cpp.o)
                0x08008a86                String::StringIfHelper() const
 .text._ZN6StringD2Ev
                0x08008a88        0xe C:\Users\Administrator\AppData\Local\Temp\VMBuilds\STM32_12Way_Irrigation_ControllerV1.1.0_alpha\stm32_genericSTM32F103R\Release/core.a(WString.cpp.o)
                0x08008a88                String::~String()
                0x08008a88                String::~String()
 .text._ZN6String10invalidateEv
                0x08008a96       0x16 C:\Users\Administrator\AppData\Local\Temp\VMBuilds\STM32_12Way_Irrigation_ControllerV1.1.0_alpha\stm32_genericSTM32F103R\Release/core.a(WString.cpp.o)
                0x08008a96                String::invalidate()
 .text._ZN6String12changeBufferEj
                0x08008aac       0x18 C:\Users\Administrator\AppData\Local\Temp\VMBuilds\STM32_12Way_Irrigation_ControllerV1.1.0_alpha\stm32_genericSTM32F103R\Release/core.a(WString.cpp.o)
                0x08008aac                String::changeBuffer(unsigned int)
 .text._ZN6String7reserveEj
                0x08008ac4       0x22 C:\Users\Administrator\AppData\Local\Temp\VMBuilds\STM32_12Way_Irrigation_ControllerV1.1.0_alpha\stm32_genericSTM32F103R\Release/core.a(WString.cpp.o)
                0x08008ac4                String::reserve(unsigned int)
 .text._ZN6String4copyEPKcj
                0x08008ae6       0x26 C:\Users\Administrator\AppData\Local\Temp\VMBuilds\STM32_12Way_Irrigation_ControllerV1.1.0_alpha\stm32_genericSTM32F103R\Release/core.a(WString.cpp.o)
                0x08008ae6                String::copy(char const*, unsigned int)
 .text._ZN6StringC2EPKc
                0x08008b0c       0x24 C:\Users\Administrator\AppData\Local\Temp\VMBuilds\STM32_12Way_Irrigation_ControllerV1.1.0_alpha\stm32_genericSTM32F103R\Release/core.a(WString.cpp.o)
                0x08008b0c                String::String(char const*)
                0x08008b0c                String::String(char const*)
 .text._ZN6String4moveERS_
                0x08008b30       0x44 C:\Users\Administrator\AppData\Local\Temp\VMBuilds\STM32_12Way_Irrigation_ControllerV1.1.0_alpha\stm32_genericSTM32F103R\Release/core.a(WString.cpp.o)
                0x08008b30                String::move(String&)
 .text._ZN6StringaSERKS_
                0x08008b74       0x1e C:\Users\Administrator\AppData\Local\Temp\VMBuilds\STM32_12Way_Irrigation_ControllerV1.1.0_alpha\stm32_genericSTM32F103R\Release/core.a(WString.cpp.o)
                0x08008b74                String::operator=(String const&)
 .text._ZN6StringC2ERKS_
                0x08008b92       0x14 C:\Users\Administrator\AppData\Local\Temp\VMBuilds\STM32_12Way_Irrigation_ControllerV1.1.0_alpha\stm32_genericSTM32F103R\Release/core.a(WString.cpp.o)
                0x08008b92                String::String(String const&)
                0x08008b92                String::String(String const&)
 .text._ZN6StringaSEOS_
                0x08008ba6       0x10 C:\Users\Administrator\AppData\Local\Temp\VMBuilds\STM32_12Way_Irrigation_ControllerV1.1.0_alpha\stm32_genericSTM32F103R\Release/core.a(WString.cpp.o)
                0x08008ba6                String::operator=(String&&)
 .text._ZN6StringaSEPKc
                0x08008bb6       0x22 C:\Users\Administrator\AppData\Local\Temp\VMBuilds\STM32_12Way_Irrigation_ControllerV1.1.0_alpha\stm32_genericSTM32F103R\Release/core.a(WString.cpp.o)
                0x08008bb6                String::operator=(char const*)
 .text._ZN6StringC2Ehh
                0x08008bd8       0x22 C:\Users\Administrator\AppData\Local\Temp\VMBuilds\STM32_12Way_Irrigation_ControllerV1.1.0_alpha\stm32_genericSTM32F103R\Release/core.a(WString.cpp.o)
                0x08008bd8                String::String(unsigned char, unsigned char)
                0x08008bd8                String::String(unsigned char, unsigned char)
 .text._ZN6StringC2Eih
                0x08008bfa       0x24 C:\Users\Administrator\AppData\Local\Temp\VMBuilds\STM32_12Way_Irrigation_ControllerV1.1.0_alpha\stm32_genericSTM32F103R\Release/core.a(WString.cpp.o)
                0x08008bfa                String::String(int, unsigned char)
                0x08008bfa                String::String(int, unsigned char)
 .text._ZN6StringC2Ejh
                0x08008c1e       0x24 C:\Users\Administrator\AppData\Local\Temp\VMBuilds\STM32_12Way_Irrigation_ControllerV1.1.0_alpha\stm32_genericSTM32F103R\Release/core.a(WString.cpp.o)
                0x08008c1e                String::String(unsigned int, unsigned char)
                0x08008c1e                String::String(unsigned int, unsigned char)
 .text._ZN6String6concatEPKcj
                0x08008c42       0x2e C:\Users\Administrator\AppData\Local\Temp\VMBuilds\STM32_12Way_Irrigation_ControllerV1.1.0_alpha\stm32_genericSTM32F103R\Release/core.a(WString.cpp.o)
                0x08008c42                String::concat(char const*, unsigned int)
 .text._ZN6String6concatERKS_
                0x08008c70        0xa C:\Users\Administrator\AppData\Local\Temp\VMBuilds\STM32_12Way_Irrigation_ControllerV1.1.0_alpha\stm32_genericSTM32F103R\Release/core.a(WString.cpp.o)
                0x08008c70                String::concat(String const&)
 .text._ZN6String6concatEc
                0x08008c7a       0x1a C:\Users\Administrator\AppData\Local\Temp\VMBuilds\STM32_12Way_Irrigation_ControllerV1.1.0_alpha\stm32_genericSTM32F103R\Release/core.a(WString.cpp.o)
                0x08008c7a                String::concat(char)
 .text._ZN6String6concatEh
                0x08008c94       0x22 C:\Users\Administrator\AppData\Local\Temp\VMBuilds\STM32_12Way_Irrigation_ControllerV1.1.0_alpha\stm32_genericSTM32F103R\Release/core.a(WString.cpp.o)
                0x08008c94                String::concat(unsigned char)
 .text._ZN6String6concatEi
                0x08008cb6       0x22 C:\Users\Administrator\AppData\Local\Temp\VMBuilds\STM32_12Way_Irrigation_ControllerV1.1.0_alpha\stm32_genericSTM32F103R\Release/core.a(WString.cpp.o)
                0x08008cb6                String::concat(int)
 .text._ZN6String6concatEj
                0x08008cd8       0x22 C:\Users\Administrator\AppData\Local\Temp\VMBuilds\STM32_12Way_Irrigation_ControllerV1.1.0_alpha\stm32_genericSTM32F103R\Release/core.a(WString.cpp.o)
                0x08008cd8                String::concat(unsigned int)
 .text._ZN6String6concatEm
                0x08008cfa       0x22 C:\Users\Administrator\AppData\Local\Temp\VMBuilds\STM32_12Way_Irrigation_ControllerV1.1.0_alpha\stm32_genericSTM32F103R\Release/core.a(WString.cpp.o)
                0x08008cfa                String::concat(unsigned long)
 .text._ZplRK15StringSumHelperRK6String
                0x08008d1c       0x1a C:\Users\Administrator\AppData\Local\Temp\VMBuilds\STM32_12Way_Irrigation_ControllerV1.1.0_alpha\stm32_genericSTM32F103R\Release/core.a(WString.cpp.o)
                0x08008d1c                operator+(StringSumHelper const&, String const&)
 .text._ZplRK15StringSumHelperPKc
                0x08008d36       0x24 C:\Users\Administrator\AppData\Local\Temp\VMBuilds\STM32_12Way_Irrigation_ControllerV1.1.0_alpha\stm32_genericSTM32F103R\Release/core.a(WString.cpp.o)
                0x08008d36                operator+(StringSumHelper const&, char const*)
 .text._ZplRK15StringSumHelperh
                0x08008d5a       0x14 C:\Users\Administrator\AppData\Local\Temp\VMBuilds\STM32_12Way_Irrigation_ControllerV1.1.0_alpha\stm32_genericSTM32F103R\Release/core.a(WString.cpp.o)
                0x08008d5a                operator+(StringSumHelper const&, unsigned char)
 .text._ZplRK15StringSumHelperi
                0x08008d6e       0x14 C:\Users\Administrator\AppData\Local\Temp\VMBuilds\STM32_12Way_Irrigation_ControllerV1.1.0_alpha\stm32_genericSTM32F103R\Release/core.a(WString.cpp.o)
                0x08008d6e                operator+(StringSumHelper const&, int)
 .text._ZplRK15StringSumHelperj
                0x08008d82       0x14 C:\Users\Administrator\AppData\Local\Temp\VMBuilds\STM32_12Way_Irrigation_ControllerV1.1.0_alpha\stm32_genericSTM32F103R\Release/core.a(WString.cpp.o)
                0x08008d82                operator+(StringSumHelper const&, unsigned int)
 .text._ZplRK15StringSumHelperm
                0x08008d96       0x14 C:\Users\Administrator\AppData\Local\Temp\VMBuilds\STM32_12Way_Irrigation_ControllerV1.1.0_alpha\stm32_genericSTM32F103R\Release/core.a(WString.cpp.o)
                0x08008d96                operator+(StringSumHelper const&, unsigned long)
 .text._ZNK6String9compareToERKS_
                0x08008daa       0x2c C:\Users\Administrator\AppData\Local\Temp\VMBuilds\STM32_12Way_Irrigation_ControllerV1.1.0_alpha\stm32_genericSTM32F103R\Release/core.a(WString.cpp.o)
                0x08008daa                String::compareTo(String const&) const
 .text._ZNK6String6equalsERKS_
                0x08008dd6       0x1c C:\Users\Administrator\AppData\Local\Temp\VMBuilds\STM32_12Way_Irrigation_ControllerV1.1.0_alpha\stm32_genericSTM32F103R\Release/core.a(WString.cpp.o)
                0x08008dd6                String::equals(String const&) const
 .text._ZNK6StringgtERKS_
                0x08008df2       0x10 C:\Users\Administrator\AppData\Local\Temp\VMBuilds\STM32_12Way_Irrigation_ControllerV1.1.0_alpha\stm32_genericSTM32F103R\Release/core.a(WString.cpp.o)
                0x08008df2                String::operator>(String const&) const
 .text._ZNK6String10startsWithERKS_j
                0x08008e02       0x2e C:\Users\Administrator\AppData\Local\Temp\VMBuilds\STM32_12Way_Irrigation_ControllerV1.1.0_alpha\stm32_genericSTM32F103R\Release/core.a(WString.cpp.o)
                0x08008e02                String::startsWith(String const&, unsigned int) const
 .text._ZNK6String10startsWithERKS_
                0x08008e30       0x12 C:\Users\Administrator\AppData\Local\Temp\VMBuilds\STM32_12Way_Irrigation_ControllerV1.1.0_alpha\stm32_genericSTM32F103R\Release/core.a(WString.cpp.o)
                0x08008e30                String::startsWith(String const&) const
 .text._ZNK6String7indexOfERKS_j
                0x08008e42       0x1e C:\Users\Administrator\AppData\Local\Temp\VMBuilds\STM32_12Way_Irrigation_ControllerV1.1.0_alpha\stm32_genericSTM32F103R\Release/core.a(WString.cpp.o)
                0x08008e42                String::indexOf(String const&, unsigned int) const
 .text._ZNK6String7indexOfERKS_
                0x08008e60        0x6 C:\Users\Administrator\AppData\Local\Temp\VMBuilds\STM32_12Way_Irrigation_ControllerV1.1.0_alpha\stm32_genericSTM32F103R\Release/core.a(WString.cpp.o)
                0x08008e60                String::indexOf(String const&) const
 *fill*         0x08008e66        0x2 
 .text._ZNK6String9substringEjj
                0x08008e68       0x4c C:\Users\Administrator\AppData\Local\Temp\VMBuilds\STM32_12Way_Irrigation_ControllerV1.1.0_alpha\stm32_genericSTM32F103R\Release/core.a(WString.cpp.o)
                0x08008e68                String::substring(unsigned int, unsigned int) const
 .text._ZN6String6removeEjj
                0x08008eb4       0x32 C:\Users\Administrator\AppData\Local\Temp\VMBuilds\STM32_12Way_Irrigation_ControllerV1.1.0_alpha\stm32_genericSTM32F103R\Release/core.a(WString.cpp.o)
                0x08008eb4                String::remove(unsigned int, unsigned int)
 .text._ZN6String11toUpperCaseEv
                0x08008ee6       0x18 C:\Users\Administrator\AppData\Local\Temp\VMBuilds\STM32_12Way_Irrigation_ControllerV1.1.0_alpha\stm32_genericSTM32F103R\Release/core.a(WString.cpp.o)
                0x08008ee6                String::toUpperCase()
 .text._ZNK6String5toIntEv
                0x08008efe        0xa C:\Users\Administrator\AppData\Local\Temp\VMBuilds\STM32_12Way_Irrigation_ControllerV1.1.0_alpha\stm32_genericSTM32F103R\Release/core.a(WString.cpp.o)
                0x08008efe                String::toInt() const
 .text._Z7pinModeh13WiringPinMode
                0x08008f08       0x84 C:\Users\Administrator\AppData\Local\Temp\VMBuilds\STM32_12Way_Irrigation_ControllerV1.1.0_alpha\stm32_genericSTM32F103R\Release/core.a(wirish_digital_f1.cpp.o)
                0x08008f08                pinMode(unsigned char, WiringPinMode)
 .text.__empty  0x08008f8c        0x2 C:\Users\Administrator\AppData\Local\Temp\VMBuilds\STM32_12Way_Irrigation_ControllerV1.1.0_alpha\stm32_genericSTM32F103R\Release/core.a(hooks.c.o)
                0x08008f8c                yield
 .text.ltoa     0x08008f8e       0x6e C:\Users\Administrator\AppData\Local\Temp\VMBuilds\STM32_12Way_Irrigation_ControllerV1.1.0_alpha\stm32_genericSTM32F103R\Release/core.a(itoa.c.o)
                0x08008f8e                ltoa
 .text.itoa     0x08008ffc        0x4 C:\Users\Administrator\AppData\Local\Temp\VMBuilds\STM32_12Way_Irrigation_ControllerV1.1.0_alpha\stm32_genericSTM32F103R\Release/core.a(itoa.c.o)
                0x08008ffc                itoa
 .text.ultoa    0x08009000       0x52 C:\Users\Administrator\AppData\Local\Temp\VMBuilds\STM32_12Way_Irrigation_ControllerV1.1.0_alpha\stm32_genericSTM32F103R\Release/core.a(itoa.c.o)
                0x08009000                ultoa
 .text.utoa     0x08009052        0x4 C:\Users\Administrator\AppData\Local\Temp\VMBuilds\STM32_12Way_Irrigation_ControllerV1.1.0_alpha\stm32_genericSTM32F103R\Release/core.a(itoa.c.o)
                0x08009052                utoa
 .text.gpio_init
                0x08009056       0x14 C:\Users\Administrator\AppData\Local\Temp\VMBuilds\STM32_12Way_Irrigation_ControllerV1.1.0_alpha\stm32_genericSTM32F103R\Release/core.a(gpio.c.o)
                0x08009056                gpio_init
 *fill*         0x0800906a        0x2 
 .text.usart_init
                0x0800906c       0x54 C:\Users\Administrator\AppData\Local\Temp\VMBuilds\STM32_12Way_Irrigation_ControllerV1.1.0_alpha\stm32_genericSTM32F103R\Release/core.a(usart.c.o)
                0x0800906c                usart_init
 .text.usart_enable
                0x080090c0       0x14 C:\Users\Administrator\AppData\Local\Temp\VMBuilds\STM32_12Way_Irrigation_ControllerV1.1.0_alpha\stm32_genericSTM32F103R\Release/core.a(usart.c.o)
                0x080090c0                usart_enable
 .text.usart_disable
                0x080090d4       0x38 C:\Users\Administrator\AppData\Local\Temp\VMBuilds\STM32_12Way_Irrigation_ControllerV1.1.0_alpha\stm32_genericSTM32F103R\Release/core.a(usart.c.o)
                0x080090d4                usart_disable
 .text.usart_tx
                0x0800910c       0x9c C:\Users\Administrator\AppData\Local\Temp\VMBuilds\STM32_12Way_Irrigation_ControllerV1.1.0_alpha\stm32_genericSTM32F103R\Release/core.a(usart.c.o)
                0x0800910c                usart_tx
 .text.__aeabi_atexit
                0x080091a8        0xc c:/users/administrator/appdata/local/arduino15/packages/arduino/tools/arm-none-eabi-gcc/4.8.3-2014q1/bin/../lib/gcc/arm-none-eabi/4.8.3/../../../../arm-none-eabi/lib/armv7-m\libstdc++.a(atexit_arm.o)
                0x080091a8                __aeabi_atexit
 .text          0x080091b4       0x2c c:/users/administrator/appdata/local/arduino15/packages/arduino/tools/arm-none-eabi-gcc/4.8.3-2014q1/bin/../lib/gcc/arm-none-eabi/4.8.3/armv7-m\libgcc.a(_aeabi_uldivmod.o)