Archive member included because of file (symbol)

C:\Users\Administrator\AppData\Local\Temp\VMBuilds\STM32_12Way_Irrigation_ControllerV1.0.0_alpha\stm32_genericSTM32F103R\Release/core.a(exc.S.o)
                              (__exc_hardfault)
C:\Users\Administrator\AppData\Local\Temp\VMBuilds\STM32_12Way_Irrigation_ControllerV1.0.0_alpha\stm32_genericSTM32F103R\Release/core.a(isrs.S.o)
                              (__stm32reservedexception7)
C:\Users\Administrator\AppData\Local\Temp\VMBuilds\STM32_12Way_Irrigation_ControllerV1.0.0_alpha\stm32_genericSTM32F103R\Release/core.a(vector_table.S.o)
                              (__stm32_vector_table)
C:\Users\Administrator\AppData\Local\Temp\VMBuilds\STM32_12Way_Irrigation_ControllerV1.0.0_alpha\stm32_genericSTM32F103R\Release/core.a(adc.c.o)
                              C:\Users\Administrator\AppData\Local\Temp\VMBCore\arduino16x\79f59199ad23b1693307dbc53bed82ea\variant\boards.cpp.o (adc_set_sample_rate)
C:\Users\Administrator\AppData\Local\Temp\VMBuilds\STM32_12Way_Irrigation_ControllerV1.0.0_alpha\stm32_genericSTM32F103R\Release/core.a(adc_f1.c.o)
                              C:\Users\Administrator\AppData\Local\Temp\VMBCore\arduino16x\79f59199ad23b1693307dbc53bed82ea\variant\boards.cpp.o (adc_set_prescaler)
C:\Users\Administrator\AppData\Local\Temp\VMBuilds\STM32_12Way_Irrigation_ControllerV1.0.0_alpha\stm32_genericSTM32F103R\Release/core.a(bkp_f1.c.o)
                              STM32_12Way_Irrigation_ControllerV1.0.0_alpha.cpp.o (bkp_init)
C:\Users\Administrator\AppData\Local\Temp\VMBuilds\STM32_12Way_Irrigation_ControllerV1.0.0_alpha\stm32_genericSTM32F103R\Release/core.a(flash.c.o)
                              C:\Users\Administrator\AppData\Local\Temp\VMBCore\arduino16x\79f59199ad23b1693307dbc53bed82ea\variant\boards.cpp.o (flash_set_latency)
C:\Users\Administrator\AppData\Local\Temp\VMBuilds\STM32_12Way_Irrigation_ControllerV1.0.0_alpha\stm32_genericSTM32F103R\Release/core.a(gpio_f1.c.o)
                              C:\Users\Administrator\AppData\Local\Temp\VMBCore\arduino16x\79f59199ad23b1693307dbc53bed82ea\variant\boards_setup.cpp.o (gpio_init_all)
C:\Users\Administrator\AppData\Local\Temp\VMBuilds\STM32_12Way_Irrigation_ControllerV1.0.0_alpha\stm32_genericSTM32F103R\Release/core.a(iwdg.c.o)
                              STM32_12Way_Irrigation_ControllerV1.0.0_alpha.cpp.o (iwdg_init)
C:\Users\Administrator\AppData\Local\Temp\VMBuilds\STM32_12Way_Irrigation_ControllerV1.0.0_alpha\stm32_genericSTM32F103R\Release/core.a(nvic.c.o)
                              C:\Users\Administrator\AppData\Local\Temp\VMBCore\arduino16x\79f59199ad23b1693307dbc53bed82ea\variant\boards.cpp.o (nvic_init)
C:\Users\Administrator\AppData\Local\Temp\VMBuilds\STM32_12Way_Irrigation_ControllerV1.0.0_alpha\stm32_genericSTM32F103R\Release/core.a(rcc.c.o)
                              C:\Users\Administrator\AppData\Local\Temp\VMBCore\arduino16x\79f59199ad23b1693307dbc53bed82ea\variant\boards.cpp.o (rcc_switch_sysclk)
C:\Users\Administrator\AppData\Local\Temp\VMBuilds\STM32_12Way_Irrigation_ControllerV1.0.0_alpha\stm32_genericSTM32F103R\Release/core.a(rcc_f1.c.o)
                              C:\Users\Administrator\AppData\Local\Temp\VMBCore\arduino16x\79f59199ad23b1693307dbc53bed82ea\variant\boards.cpp.o (rcc_configure_pll)
C:\Users\Administrator\AppData\Local\Temp\VMBuilds\STM32_12Way_Irrigation_ControllerV1.0.0_alpha\stm32_genericSTM32F103R\Release/core.a(systick.c.o)
                              C:\Users\Administrator\AppData\Local\Temp\VMBCore\arduino16x\79f59199ad23b1693307dbc53bed82ea\variant\boards.cpp.o (systick_init)
C:\Users\Administrator\AppData\Local\Temp\VMBuilds\STM32_12Way_Irrigation_ControllerV1.0.0_alpha\stm32_genericSTM32F103R\Release/core.a(timer.c.o)
                              C:\Users\Administrator\AppData\Local\Temp\VMBCore\arduino16x\79f59199ad23b1693307dbc53bed82ea\variant\boards.cpp.o (timer_foreach)
C:\Users\Administrator\AppData\Local\Temp\VMBuilds\STM32_12Way_Irrigation_ControllerV1.0.0_alpha\stm32_genericSTM32F103R\Release/core.a(usart_f1.c.o)
                              C:\Users\Administrator\AppData\Local\Temp\VMBCore\arduino16x\79f59199ad23b1693307dbc53bed82ea\variant\board.cpp.o (UART5)
C:\Users\Administrator\AppData\Local\Temp\VMBuilds\STM32_12Way_Irrigation_ControllerV1.0.0_alpha\stm32_genericSTM32F103R\Release/core.a(usart_private.c.o)
                              C:\Users\Administrator\AppData\Local\Temp\VMBuilds\STM32_12Way_Irrigation_ControllerV1.0.0_alpha\stm32_genericSTM32F103R\Release/core.a(usart_f1.c.o) (_usart_clock_freq)
C:\Users\Administrator\AppData\Local\Temp\VMBuilds\STM32_12Way_Irrigation_ControllerV1.0.0_alpha\stm32_genericSTM32F103R\Release/core.a(util.c.o)
                              C:\Users\Administrator\AppData\Local\Temp\VMBuilds\STM32_12Way_Irrigation_ControllerV1.0.0_alpha\stm32_genericSTM32F103R\Release/core.a(exc.S.o) (__error)
[...]
Memory Configuration

Name             Origin             Length             Attributes
ram              0x20000000         0x0000c000         xrw
rom              0x08000000         0x00040000         xr
*default*        0x00000000         0xffffffff

Linker script and memory map

LOAD c:/users/administrator/appdata/local/arduino15/packages/arduino/tools/arm-none-eabi-gcc/4.8.3-2014q1/bin/../lib/gcc/arm-none-eabi/4.8.3/armv7-m/crti.o
LOAD c:/users/administrator/appdata/local/arduino15/packages/arduino/tools/arm-none-eabi-gcc/4.8.3-2014q1/bin/../lib/gcc/arm-none-eabi/4.8.3/armv7-m/crtbegin.o
LOAD c:/users/administrator/appdata/local/arduino15/packages/arduino/tools/arm-none-eabi-gcc/4.8.3-2014q1/bin/../lib/gcc/arm-none-eabi/4.8.3/../../../../arm-none-eabi/lib/armv7-m/crt0.o
LOAD c:/users/administrator/appdata/local/arduino15/packages/arduino/tools/arm-none-eabi-gcc/4.8.3-2014q1/bin/../lib/gcc/arm-none-eabi/4.8.3/armv7-m\libgcc.a
START GROUP
LOAD STM32_12Way_Irrigation_ControllerV1.0.0_alpha.cpp.o
LOAD User_Clock.c.o
LOAD AT24CXX.cpp.o
LOAD BCD_CON.cpp.o
LOAD Command_Analysis.cpp.o
LOAD fun_periph.cpp.o
LOAD i2c.cpp.o
LOAD LoRa.cpp.o
LOAD Memory.cpp.o
LOAD Modbus.cpp.o
LOAD ModbusSerial.cpp.o
LOAD Private_RTC.cpp.o
LOAD Private_Timer.cpp.o
LOAD public.cpp.o
LOAD receipt.cpp.o
LOAD Security.cpp.o
LOAD Set_coil.cpp.o
LOAD User_CRC8.cpp.o
LOAD RTClock\RTClock.cpp.o
LOAD RTClock\utility\rtc_util.c.o
LOAD C:\Users\Administrator\AppData\Local\Temp\VMBCore\arduino16x\79f59199ad23b1693307dbc53bed82ea\variant\board.cpp.o
LOAD C:\Users\Administrator\AppData\Local\Temp\VMBCore\arduino16x\79f59199ad23b1693307dbc53bed82ea\variant\boards.cpp.o
LOAD C:\Users\Administrator\AppData\Local\Temp\VMBCore\arduino16x\79f59199ad23b1693307dbc53bed82ea\variant\boards_setup.cpp.o
LOAD C:\Users\Administrator\AppData\Local\Temp\VMBCore\arduino16x\79f59199ad23b1693307dbc53bed82ea\variant\start.S.o
LOAD C:\Users\Administrator\AppData\Local\Temp\VMBCore\arduino16x\79f59199ad23b1693307dbc53bed82ea\variant\start_c.c.o
LOAD C:\Users\Administrator\AppData\Local\Temp\VMBCore\arduino16x\79f59199ad23b1693307dbc53bed82ea\variant\syscalls.c.o
LOAD C:\Users\Administrator\AppData\Local\Temp\VMBuilds\STM32_12Way_Irrigation_ControllerV1.0.0_alpha\stm32_genericSTM32F103R\Release/core.a
END GROUP
LOAD c:/users/administrator/appdata/local/arduino15/packages/arduino/tools/arm-none-eabi-gcc/4.8.3-2014q1/bin/../lib/gcc/arm-none-eabi/4.8.3/../../../../arm-none-eabi/lib/armv7-m\libstdc++.a
LOAD c:/users/administrator/appdata/local/arduino15/packages/arduino/tools/arm-none-eabi-gcc/4.8.3-2014q1/bin/../lib/gcc/arm-none-eabi/4.8.3/../../../../arm-none-eabi/lib/armv7-m\libm.a
START GROUP
LOAD c:/users/administrator/appdata/local/arduino15/packages/arduino/tools/arm-none-eabi-gcc/4.8.3-2014q1/bin/../lib/gcc/arm-none-eabi/4.8.3/armv7-m\libgcc.a
LOAD c:/users/administrator/appdata/local/arduino15/packages/arduino/tools/arm-none-eabi-gcc/4.8.3-2014q1/bin/../lib/gcc/arm-none-eabi/4.8.3/../../../../arm-none-eabi/lib/armv7-m\libc.a
END GROUP
LOAD c:/users/administrator/appdata/local/arduino15/packages/arduino/tools/arm-none-eabi-gcc/4.8.3-2014q1/bin/../lib/gcc/arm-none-eabi/4.8.3/armv7-m/crtend.o
LOAD c:/users/administrator/appdata/local/arduino15/packages/arduino/tools/arm-none-eabi-gcc/4.8.3-2014q1/bin/../lib/gcc/arm-none-eabi/4.8.3/armv7-m/crtn.o
START GROUP
LOAD c:/users/administrator/appdata/local/arduino15/packages/arduino/tools/arm-none-eabi-gcc/4.8.3-2014q1/bin/../lib/gcc/arm-none-eabi/4.8.3/armv7-m\libgcc.a
LOAD c:/users/administrator/appdata/local/arduino15/packages/arduino/tools/arm-none-eabi-gcc/4.8.3-2014q1/bin/../lib/gcc/arm-none-eabi/4.8.3/../../../../arm-none-eabi/lib/armv7-m\libc.a
LOAD c:/users/administrator/appdata/local/arduino15/packages/arduino/tools/arm-none-eabi-gcc/4.8.3-2014q1/bin/../lib/gcc/arm-none-eabi/4.8.3/../../../../arm-none-eabi/lib/armv7-m\libm.a
END GROUP
START GROUP
LOAD c:/users/administrator/appdata/local/arduino15/packages/arduino/tools/arm-none-eabi-gcc/4.8.3-2014q1/bin/../lib/gcc/arm-none-eabi/4.8.3/../../../../arm-none-eabi/lib/armv7-m\libnosys.a
END GROUP
                0x2000c000                PROVIDE (__msp_init, (ORIGIN (ram) + 0xc000))
                0x0800746c                PROVIDE (__exc_reset, __start__)

.text           0x08000000     0xb1a4
                0x08000000                __text_start__ = .
 *(.stm32.interrupt_vector)
 .stm32.interrupt_vector
                0x08000000      0x130 C:\Users\Administrator\AppData\Local\Temp\VMBuilds\STM32_12Way_Irrigation_ControllerV1.0.0_alpha\stm32_genericSTM32F103R\Release/core.a(vector_table.S.o)
                0x08000000                __stm32_vector_table
 *(.text .text.* .gnu.linkonce.t.*)
 .text          0x08000130       0x54 c:/users/administrator/appdata/local/arduino15/packages/arduino/tools/arm-none-eabi-gcc/4.8.3-2014q1/bin/../lib/gcc/arm-none-eabi/4.8.3/armv7-m/crtbegin.o
 .text._Z21Regular_status_reportv
                0x08000184       0xd8 STM32_12Way_Irrigation_ControllerV1.0.0_alpha.cpp.o
                0x08000184                Regular_status_report()
 .text._Z20Change_status_reportv
                0x0800025c       0xd8 STM32_12Way_Irrigation_ControllerV1.0.0_alpha.cpp.o
                0x0800025c                Change_status_report()
 .text._Z26Irrigation_time_sharing_onv
                0x08000334      0x2e8 STM32_12Way_Irrigation_ControllerV1.0.0_alpha.cpp.o
                0x08000334                Irrigation_time_sharing_on()
 .text._Z20Key_cycle_irrigationv
                0x0800061c      0x204 STM32_12Way_Irrigation_ControllerV1.0.0_alpha.cpp.o
                0x0800061c                Key_cycle_irrigation()
 .text.startup._GLOBAL__sub_I_comdata
                0x08000820       0x2c STM32_12Way_Irrigation_ControllerV1.0.0_alpha.cpp.o
 .text._Z22Request_Access_Networkv
                0x0800084c      0x168 STM32_12Way_Irrigation_ControllerV1.0.0_alpha.cpp.o
                0x0800084c                Request_Access_Network()
 .text._Z5setupv
                0x080009b4      0x2d8 STM32_12Way_Irrigation_ControllerV1.0.0_alpha.cpp.o
                0x080009b4                setup()
 .text._Z23Com_Set_Cyclic_intervalv
                0x08000c8c      0x100 STM32_12Way_Irrigation_ControllerV1.0.0_alpha.cpp.o
                0x08000c8c                Com_Set_Cyclic_interval()
 .text._Z4loopv
                0x08000d8c       0x2c STM32_12Way_Irrigation_ControllerV1.0.0_alpha.cpp.o
                0x08000d8c                loop()
 .text.monthLength
                0x08000db8       0x20 User_Clock.c.o
 .text.osal_ConvertUTCTime
                0x08000dd8      0x118 User_Clock.c.o
                0x08000dd8                osal_ConvertUTCTime
 .text.osal_ConvertUTCSecs
                0x08000ef0       0xbc User_Clock.c.o
                0x08000ef0                osal_ConvertUTCSecs
 .text._ZN7AT24Cxx8I2C_InitEv
                0x08000fac        0x4 AT24CXX.cpp.o
                0x08000fac                AT24Cxx::I2C_Init()
 .text._ZN7AT24Cxx19AT24CXX_ReadOneByteEj
                0x08000fb0       0x5c AT24CXX.cpp.o
                0x08000fb0                AT24Cxx::AT24CXX_ReadOneByte(unsigned int)
 .text._ZN7AT24Cxx20AT24CXX_WriteOneByteEjh
                0x0800100c       0x4e AT24CXX.cpp.o
                0x0800100c                AT24Cxx::AT24CXX_WriteOneByte(unsigned int, unsigned char)
 *fill*         0x0800105a        0x2 
 .text._ZN16Command_Analysis16FrameID_AnalysisEv
                0x0800105c       0x60 Command_Analysis.cpp.o
                0x0800105c                Command_Analysis::FrameID_Analysis()
 .text._ZN16Command_Analysis11Verify_CRC8Ehh
                0x080010bc       0x28 Command_Analysis.cpp.o
                0x080010bc                Command_Analysis::Verify_CRC8(unsigned char, unsigned char)
 .text._ZN16Command_Analysis21Verify_Device_Type_IDEv
                0x080010e4       0x28 Command_Analysis.cpp.o
                0x080010e4                Command_Analysis::Verify_Device_Type_ID()
 .text._ZN16Command_Analysis20Verify_Mass_CommandsEv
                0x0800110c       0x1c Command_Analysis.cpp.o
                0x0800110c                Command_Analysis::Verify_Mass_Commands()
 .text._ZN16Command_Analysis18Verify_Area_NumberEv
                0x08001128       0x2c Command_Analysis.cpp.o
                0x08001128                Command_Analysis::Verify_Area_Number()
 .text._ZN16Command_Analysis17Verify_Work_GroupEv
                0x08001154       0x40 Command_Analysis.cpp.o
                0x08001154                Command_Analysis::Verify_Work_Group()
 .text._ZN16Command_Analysis21Verify_Frame_ValidityEhhbb
                0x08001194       0xa4 Command_Analysis.cpp.o
                0x08001194                Command_Analysis::Verify_Frame_Validity(unsigned char, unsigned char, bool, bool)
 .text._ZN16Command_Analysis24Query_Current_Work_ParamEv
                0x08001238       0x90 Command_Analysis.cpp.o
                0x08001238                Command_Analysis::Query_Current_Work_Param()
 .text._ZN16Command_Analysis16Set_Group_NumberEv
                0x080012c8       0x80 Command_Analysis.cpp.o
                0x080012c8                Command_Analysis::Set_Group_Number()
 .text._ZN16Command_Analysis19Set_SN_Area_ChannelEv
                0x08001348       0xa4 Command_Analysis.cpp.o
                0x08001348                Command_Analysis::Set_SN_Area_Channel()
 .text._ZN16Command_Analysis20Detailed_Work_StatusEv
                0x080013ec       0xd4 Command_Analysis.cpp.o
                0x080013ec                Command_Analysis::Detailed_Work_Status()
 .text._ZN16Command_Analysis34General_controller_control_commandEv
                0x080014c0      0x25c Command_Analysis.cpp.o
                0x080014c0                Command_Analysis::General_controller_control_command()
 .text._ZN16Command_Analysis36R_General_controller_control_commandEv
                0x0800171c       0x9c Command_Analysis.cpp.o
                0x0800171c                Command_Analysis::R_General_controller_control_command()
 .text._ZN16Command_Analysis37Irrigation_Controllor_control_commandEv
                0x080017b8      0x2ec Command_Analysis.cpp.o
                0x080017b8                Command_Analysis::Irrigation_Controllor_control_command()
 .text._ZN16Command_Analysis34Set_General_controller_output_initEv
                0x08001aa4      0x214 Command_Analysis.cpp.o
                0x08001aa4                Command_Analysis::Set_General_controller_output_init()
 .text._ZN16Command_Analysis21Receive_Data_AnalysisEv
                0x08001cb8       0x6c Command_Analysis.cpp.o
                0x08001cb8                Command_Analysis::Receive_Data_Analysis()
 .text._ZN16Command_Analysis16Receive_LoRa_CmdEv
                0x08001d24      0x15c Command_Analysis.cpp.o
                0x08001d24                Command_Analysis::Receive_LoRa_Cmd()
 .text._ZN16Some_Peripherals23Peripheral_GPIO_PinmodeEv
                0x08001e80      0x146 fun_periph.cpp.o
                0x08001e80                Some_Peripherals::Peripheral_GPIO_Pinmode()
 *fill*         0x08001fc6        0x2 
 .text._ZN16Some_Peripherals22Peripheral_GPIO_ConfigEv
                0x08001fc8       0x78 fun_periph.cpp.o
                0x08001fc8                Some_Peripherals::Peripheral_GPIO_Config()
 .text._ZN16Some_Peripherals8Stop_LEDEv
                0x08002040        0x2 fun_periph.cpp.o
                0x08002040                Some_Peripherals::Stop_LED()
 .text._ZN16Some_Peripherals9Start_LEDEv
                0x08002042        0x2 fun_periph.cpp.o
                0x08002042                Some_Peripherals::Start_LED()
 .text._ZN3I2C4InitEv
                0x08002044       0x26 i2c.cpp.o
                0x08002044                I2C::Init()
 .text._ZN3I2C7SDA_OutEv
                0x0800206a        0x8 i2c.cpp.o
                0x0800206a                I2C::SDA_Out()
 .text._ZN3I2C6SDA_InEv
                0x08002072        0x8 i2c.cpp.o
                0x08002072                I2C::SDA_In()
 .text._ZN3I2C5StartEv
                0x0800207a       0x36 i2c.cpp.o
                0x0800207a                I2C::Start()
 .text._ZN3I2C4StopEv
                0x080020b0       0x36 i2c.cpp.o
                0x080020b0                I2C::Stop()
 .text._ZN3I2C3AckEv
                0x080020e6       0x3a i2c.cpp.o
                0x080020e6                I2C::Ack()
 .text._ZN3I2C4NAckEv
                0x08002120       0x3a i2c.cpp.o
                0x08002120                I2C::NAck()
 .text._ZN3I2C8Wait_AckEv
                0x0800215a       0x4e i2c.cpp.o
                0x0800215a                I2C::Wait_Ack()
 .text._ZN3I2C9Send_ByteEh
                0x080021a8       0x4e i2c.cpp.o
                0x080021a8                I2C::Send_Byte(unsigned char)
 .text._ZN3I2C9Read_ByteEh
                0x080021f6       0x54 i2c.cpp.o
                0x080021f6                I2C::Read_Byte(unsigned char)
 .text._ZN4LoRa16LoRa_GPIO_ConfigEv
                0x0800224a       0x46 LoRa.cpp.o
                0x0800224a                LoRa::LoRa_GPIO_Config()
 .text._ZN4LoRa8BaudRateEj
                0x08002290        0xc LoRa.cpp.o
                0x08002290                LoRa::BaudRate(unsigned int)
 .text._ZN4LoRa7IsResetEb
                0x0800229c       0x20 LoRa.cpp.o
                0x0800229c                LoRa::IsReset(bool)
 .text._ZN4LoRa13LoRa_ShutdownEv
                0x080022bc       0x40 LoRa.cpp.o
                0x080022bc                LoRa::LoRa_Shutdown()
 .text._ZN4LoRa20Detect_Error_ReceiptEPh
                0x080022fc       0x38 LoRa.cpp.o
                0x080022fc                LoRa::Detect_Error_Receipt(unsigned char*)
 .text._ZN4LoRa17Detect_OK_ReceiptEPhS0_
                0x08002334       0x1a LoRa.cpp.o
                0x08002334                LoRa::Detect_OK_Receipt(unsigned char*, unsigned char*)
 *fill*         0x0800234e        0x2 
 .text._ZN4LoRa7Get_CSQEPhhS0_
                0x08002350      0x1c4 LoRa.cpp.o
                0x08002350                LoRa::Get_CSQ(unsigned char*, unsigned char, unsigned char*)
 .text._ZN4LoRa13Parse_CommandEPhhS0_PS0_
                0x08002514       0x6c LoRa.cpp.o
                0x08002514                LoRa::Parse_Command(unsigned char*, unsigned char, unsigned char*, unsigned char**)
 .text._ZN4LoRa4ModeE9LoRa_Mode
                0x08002580       0x64 LoRa.cpp.o
                0x08002580                LoRa::Mode(LoRa_Mode)
 .text._ZN4LoRa12LoRa_RestartEv
                0x080025e4       0x30 LoRa.cpp.o
                0x080025e4                LoRa::LoRa_Restart()
 .text._ZN4LoRa12AT_Query_CmdEPKcPhS2_
                0x08002614       0xdc LoRa.cpp.o
                0x08002614                LoRa::AT_Query_Cmd(char const*, unsigned char*, unsigned char*)
 .text._ZN4LoRa13AT_Config_CmdEPKcS1_Ph
                0x080026f0      0x124 LoRa.cpp.o
                0x080026f0                LoRa::AT_Config_Cmd(char const*, char const*, unsigned char*)
 .text._ZN4LoRa7LoRa_ATEPhbPKcS2_
                0x08002814       0xb0 LoRa.cpp.o
                0x08002814                LoRa::LoRa_AT(unsigned char*, bool, char const*, char const*)
 .text._ZN4LoRa10Rewrite_IDEv
                0x080028c4       0xf8 LoRa.cpp.o
                0x080028c4                LoRa::Rewrite_ID()
 .text._ZN4LoRa11Param_CheckEPKcS1_b
                0x080029bc      0x15c LoRa.cpp.o
                0x080029bc                LoRa::Param_Check(char const*, char const*, bool)
 .text._ZN4LoRa14Parameter_InitEb
                0x08002b18      0x208 LoRa.cpp.o
                0x08002b18                LoRa::Parameter_Init(bool)
 .text._Z20EEPROM_Write_Disablev
                0x08002d20        0x8 Memory.cpp.o
                0x08002d20                EEPROM_Write_Disable()
 .text._Z19EEPROM_Write_Enablev
                0x08002d28        0x8 Memory.cpp.o
                0x08002d28                EEPROM_Write_Enable()
 .text._ZN17EEPROM_Operations18EEPROM_GPIO_ConfigEv
                0x08002d30       0x1e Memory.cpp.o
                0x08002d30                EEPROM_Operations::EEPROM_GPIO_Config()
 .text._ZN13SN_Operations12Save_SN_CodeEPh
                0x08002d4e       0x80 Memory.cpp.o
                0x08002d4e                SN_Operations::Save_SN_Code(unsigned char*)
 .text._ZN13SN_Operations16Save_BKP_SN_CodeEPh
                0x08002dce       0x80 Memory.cpp.o
                0x08002dce                SN_Operations::Save_BKP_SN_Code(unsigned char*)
 .text._ZN13SN_Operations12Read_SN_CodeEPh
                0x08002e4e       0x58 Memory.cpp.o
                0x08002e4e                SN_Operations::Read_SN_Code(unsigned char*)
 .text._ZN13SN_Operations16Read_BKP_SN_CodeEPh
                0x08002ea6       0x58 Memory.cpp.o
                0x08002ea6                SN_Operations::Read_BKP_SN_Code(unsigned char*)
 .text._ZN13SN_Operations16Read_Random_SeedEPh
                0x08002efe       0x2a Memory.cpp.o
                0x08002efe                SN_Operations::Read_Random_Seed(unsigned char*)
 .text._ZN13SN_Operations18Clear_SN_Save_FlagEv
                0x08002f28       0x34 Memory.cpp.o
                0x08002f28                SN_Operations::Clear_SN_Save_Flag()
 .text._ZN13SN_Operations22Clear_BKP_SN_Save_FlagEv
                0x08002f5c       0x34 Memory.cpp.o
                0x08002f5c                SN_Operations::Clear_BKP_SN_Save_Flag()
 .text._ZN13SN_Operations26Set_SN_Access_Network_FlagEv
                0x08002f90       0x36 Memory.cpp.o
                0x08002f90                SN_Operations::Set_SN_Access_Network_Flag()
 .text._ZN13SN_Operations29Verify_SN_Access_Network_FlagEv
                0x08002fc6       0x12 Memory.cpp.o
                0x08002fc6                SN_Operations::Verify_SN_Access_Network_Flag()
 .text._ZN13SN_Operations10Self_checkEPh
                0x08002fd8       0x8c Memory.cpp.o
                0x08002fd8                SN_Operations::Self_check(unsigned char*)
 .text._ZN13SN_Operations17Save_Group_NumberEPh
                0x08003064       0x9c Memory.cpp.o
                0x08003064                SN_Operations::Save_Group_Number(unsigned char*)
 .text._ZN13SN_Operations17Read_Group_NumberEPh
                0x08003100       0x4e Memory.cpp.o
                0x08003100                SN_Operations::Read_Group_Number(unsigned char*)
 .text._ZN13SN_Operations18Check_Group_NumberEv
                0x0800314e       0x38 Memory.cpp.o
                0x0800314e                SN_Operations::Check_Group_Number()
 .text._ZN13SN_Operations18Clear_Group_NumberEv
                0x08003186       0x52 Memory.cpp.o
                0x08003186                SN_Operations::Clear_Group_Number()
 .text._ZN13SN_Operations16Save_Area_NumberEh
                0x080031d8       0x72 Memory.cpp.o
                0x080031d8                SN_Operations::Save_Area_Number(unsigned char)
 .text._ZN13SN_Operations16Read_Area_NumberEv
                0x0800324a        0x6 Memory.cpp.o
                0x0800324a                SN_Operations::Read_Area_Number()
 .text._ZN13SN_Operations17Check_Area_NumberEv
                0x08003250       0x2c Memory.cpp.o
                0x08003250                SN_Operations::Check_Area_Number()
 .text._ZN13SN_Operations17Clear_Area_NumberEv
                0x0800327c       0x34 Memory.cpp.o
                0x0800327c                SN_Operations::Clear_Area_Number()
 .text._ZN11LoRa_Config21Save_LoRa_Config_FlagEv
                0x080032b0       0x36 Memory.cpp.o
                0x080032b0                LoRa_Config::Save_LoRa_Config_Flag()
 .text._ZN11LoRa_Config23Save_LoRa_Com_Mode_FlagEv
                0x080032e6       0x34 Memory.cpp.o
                0x080032e6                LoRa_Config::Save_LoRa_Com_Mode_Flag()
 *fill*         0x0800331a        0x2 
 .text._ZN11LoRa_Config18Save_LoRa_Com_ModeEh
                0x0800331c       0x80 Memory.cpp.o
                0x0800331c                LoRa_Config::Save_LoRa_Com_Mode(unsigned char)
 .text._ZN11LoRa_Config18Read_LoRa_Com_ModeEv
                0x0800339c       0x3a Memory.cpp.o
                0x0800339c                LoRa_Config::Read_LoRa_Com_Mode()
 *fill*         0x080033d6        0x2 
 .text._ZN11LoRa_Config14Read_LoRa_AddrEPh
                0x080033d8       0x5c Memory.cpp.o
                0x080033d8                LoRa_Config::Read_LoRa_Addr(unsigned char*)
 .text._ZN11LoRa_Config19Save_LoRa_Addr_FlagEv
                0x08003434       0x22 Memory.cpp.o
                0x08003434                LoRa_Config::Save_LoRa_Addr_Flag()
 .text._ZN11LoRa_Config20Clear_LoRa_Addr_FlagEv
                0x08003456       0x20 Memory.cpp.o
                0x08003456                LoRa_Config::Clear_LoRa_Addr_Flag()
 *fill*         0x08003476        0x2 
 .text._ZN11LoRa_Config14Save_LoRa_AddrEPh
                0x08003478       0x84 Memory.cpp.o
                0x08003478                LoRa_Config::Save_LoRa_Addr(unsigned char*)
 .text._ZN11LoRa_Config21Verify_LoRa_Addr_FlagEv
                0x080034fc       0x12 Memory.cpp.o
                0x080034fc                LoRa_Config::Verify_LoRa_Addr_Flag()
 .text._ZN17Soft_Hard_Vertion21Save_Software_versionEhh
                0x0800350e       0x26 Memory.cpp.o
                0x0800350e                Soft_Hard_Vertion::Save_Software_version(unsigned char, unsigned char)
 .text._ZN17Soft_Hard_Vertion21Read_hardware_versionEh
                0x08003534        0x4 Memory.cpp.o
                0x08003534                Soft_Hard_Vertion::Read_hardware_version(unsigned char)
 .text._ZN17Soft_Hard_Vertion21Read_Software_versionEh
                0x08003538        0x4 Memory.cpp.o
                0x08003538                Soft_Hard_Vertion::Read_Software_version(unsigned char)
 .text._ZN17Soft_Hard_Vertion21Save_hardware_versionEhh
                0x0800353c       0x26 Memory.cpp.o
                0x0800353c                Soft_Hard_Vertion::Save_hardware_version(unsigned char, unsigned char)
 .text._ZN26ModbusController_InitState19Save_InitState_FlagEv
                0x08003562       0x28 Memory.cpp.o
                0x08003562                ModbusController_InitState::Save_InitState_Flag()
 .text._ZN26ModbusController_InitState19Read_InitState_FlagEv
                0x0800358a       0x12 Memory.cpp.o
                0x0800358a                ModbusController_InitState::Read_InitState_Flag()
 .text._ZN26ModbusController_InitState20Clean_InitState_FlagEv
                0x0800359c       0x28 Memory.cpp.o
                0x0800359c                ModbusController_InitState::Clean_InitState_Flag()
 .text._ZN26ModbusController_InitState17Save_DO_InitStateEPh
                0x080035c4       0x88 Memory.cpp.o
                0x080035c4                ModbusController_InitState::Save_DO_InitState(unsigned char*)
 .text._ZN26ModbusController_InitState17Read_DO_InitStateEv
                0x0800364c       0x34 Memory.cpp.o
                0x0800364c                ModbusController_InitState::Read_DO_InitState()
 .text._ZN26ModbusController_InitState17Save_AO_InitStateEPh
                0x08003680       0x88 Memory.cpp.o
                0x08003680                ModbusController_InitState::Save_AO_InitState(unsigned char*)
 .text._ZN26ModbusController_InitState12Save_TimeoutEhh
                0x08003708       0x78 Memory.cpp.o
                0x08003708                ModbusController_InitState::Save_Timeout(unsigned char, unsigned char)
 .text._ZN26ModbusController_InitState12Read_TimeoutEv
                0x08003780       0x1a Memory.cpp.o
                0x08003780                ModbusController_InitState::Read_Timeout()
 *fill*         0x0800379a        0x2 
 .text._ZN26ModbusController_InitState13Clean_TimeoutEv
                0x0800379c       0x58 Memory.cpp.o
                0x0800379c                ModbusController_InitState::Clean_Timeout()
 .text._ZN26ModbusController_InitState17Save_E000IntervalEhh
                0x080037f4       0x78 Memory.cpp.o
                0x080037f4                ModbusController_InitState::Save_E000Interval(unsigned char, unsigned char)
 .text._ZN26ModbusController_InitState17Read_E000IntervalEv
                0x0800386c       0x1a Memory.cpp.o
                0x0800386c                ModbusController_InitState::Read_E000Interval()
 *fill*         0x08003886        0x2 
 .text._ZN26ModbusController_InitState20Save_E014Auto_reportEhh
                0x08003888       0x78 Memory.cpp.o
                0x08003888                ModbusController_InitState::Save_E014Auto_report(unsigned char, unsigned char)
 .text._ZN26ModbusController_InitState20Read_E014Auto_reportEv
                0x08003900       0x1a Memory.cpp.o
                0x08003900                ModbusController_InitState::Read_E014Auto_report()
 *fill*         0x0800391a        0x2 
 .text._ZN26ModbusController_InitState17Save_E014IntervalEhh
                0x0800391c       0x78 Memory.cpp.o
                0x0800391c                ModbusController_InitState::Save_E014Interval(unsigned char, unsigned char)
 .text._ZN26ModbusController_InitState17Read_E014IntervalEv
                0x08003994       0x1a Memory.cpp.o
                0x08003994                ModbusController_InitState::Read_E014Interval()
 *fill*         0x080039ae        0x2 
 .text._ZN26ModbusController_InitState19Save_CyclicIntervalEhh
                0x080039b0       0x78 Memory.cpp.o
                0x080039b0                ModbusController_InitState::Save_CyclicInterval(unsigned char, unsigned char)
 .text._ZN26ModbusController_InitState19Read_CyclicIntervalEv
                0x08003a28       0x1a Memory.cpp.o
                0x08003a28                ModbusController_InitState::Read_CyclicInterval()
 .text._ZN6ModbusC2Ev
                0x08003a42        0x8 Modbus.cpp.o
                0x08003a42                Modbus::Modbus()
                0x08003a42                Modbus::Modbus()
 .text._ZN6Modbus14searchRegisterEj
                0x08003a4a       0x10 Modbus.cpp.o
                0x08003a4a                Modbus::searchRegister(unsigned int)
 .text._ZN6Modbus6addRegEjj
                0x08003a5a       0x26 Modbus.cpp.o
                0x08003a5a                Modbus::addReg(unsigned int, unsigned int)
 .text._ZN6Modbus3RegEjj
                0x08003a80       0x10 Modbus.cpp.o
                0x08003a80                Modbus::Reg(unsigned int, unsigned int)
 .text._ZN6Modbus3RegEj
                0x08003a90        0xc Modbus.cpp.o
                0x08003a90                Modbus::Reg(unsigned int)
 .text._ZN6Modbus7addHregEjj
                0x08003a9c        0xa Modbus.cpp.o
                0x08003a9c                Modbus::addHreg(unsigned int, unsigned int)
 .text._ZN6Modbus4HregEjj
                0x08003aa6        0xa Modbus.cpp.o
                0x08003aa6                Modbus::Hreg(unsigned int, unsigned int)
 .text._ZN6Modbus4HregEj
                0x08003ab0        0xa Modbus.cpp.o
                0x08003ab0                Modbus::Hreg(unsigned int)
 .text._ZN6Modbus7addCoilEjb
                0x08003aba       0x12 Modbus.cpp.o
                0x08003aba                Modbus::addCoil(unsigned int, bool)
 .text._ZN6Modbus7addIstsEjb
                0x08003acc       0x16 Modbus.cpp.o
                0x08003acc                Modbus::addIsts(unsigned int, bool)
 .text._ZN6Modbus7addIregEjj
                0x08003ae2        0xa Modbus.cpp.o
                0x08003ae2                Modbus::addIreg(unsigned int, unsigned int)
 .text._ZN6Modbus4CoilEjb
                0x08003aec       0x5c Modbus.cpp.o
                0x08003aec                Modbus::Coil(unsigned int, bool)
 .text._ZN6Modbus4IstsEjb
                0x08003b48       0x16 Modbus.cpp.o
                0x08003b48                Modbus::Ists(unsigned int, bool)
 .text._ZN6Modbus4IregEjj
                0x08003b5e        0xa Modbus.cpp.o
                0x08003b5e                Modbus::Ireg(unsigned int, unsigned int)
 .text._ZN6Modbus4CoilEj
                0x08003b68       0x12 Modbus.cpp.o
                0x08003b68                Modbus::Coil(unsigned int)
 .text._ZN6Modbus4IstsEj
                0x08003b7a       0x16 Modbus.cpp.o
                0x08003b7a                Modbus::Ists(unsigned int)
 .text._ZN6Modbus4IregEj
                0x08003b90        0xa Modbus.cpp.o
                0x08003b90                Modbus::Ireg(unsigned int)
 *fill*         0x08003b9a        0x2 
 .text._ZN6Modbus17exceptionResponseEhh
                0x08003b9c       0x34 Modbus.cpp.o
                0x08003b9c                Modbus::exceptionResponse(unsigned char, unsigned char)
 .text._ZN6Modbus13readRegistersEjj
                0x08003bd0       0x7c Modbus.cpp.o
                0x08003bd0                Modbus::readRegisters(unsigned int, unsigned int)
 .text._ZN6Modbus19writeSingleRegisterEjj
                0x08003c4c       0x36 Modbus.cpp.o
                0x08003c4c                Modbus::writeSingleRegister(unsigned int, unsigned int)
 .text._ZN6Modbus22writeMultipleRegistersEPhjjh
                0x08003c82       0xa8 Modbus.cpp.o
                0x08003c82                Modbus::writeMultipleRegisters(unsigned char*, unsigned int, unsigned int, unsigned char)
 .text._ZN6Modbus9readCoilsEjj
                0x08003d2a       0xac Modbus.cpp.o
                0x08003d2a                Modbus::readCoils(unsigned int, unsigned int)
 *fill*         0x08003dd6        0x2 
 .text._ZN6Modbus15readInputStatusEjj
                0x08003dd8       0xc0 Modbus.cpp.o
                0x08003dd8                Modbus::readInputStatus(unsigned int, unsigned int)
 .text._ZN6Modbus18readInputRegistersEjj
                0x08003e98       0x7c Modbus.cpp.o
                0x08003e98                Modbus::readInputRegisters(unsigned int, unsigned int)
 .text._ZN6Modbus15writeSingleCoilEjj
                0x08003f14       0x88 Modbus.cpp.o
                0x08003f14                Modbus::writeSingleCoil(unsigned int, unsigned int)
 .text._ZN6Modbus18writeMultipleCoilsEPhjjh
                0x08003f9c      0x1e0 Modbus.cpp.o
                0x08003f9c                Modbus::writeMultipleCoils(unsigned char*, unsigned int, unsigned int, unsigned char)
 .text._ZN6Modbus10receivePDUEPh
                0x0800417c      0x17c Modbus.cpp.o
                0x0800417c                Modbus::receivePDU(unsigned char*)
 .text._ZN12ModbusSerialC2Ev
                0x080042f8        0xc ModbusSerial.cpp.o
                0x080042f8                ModbusSerial::ModbusSerial()
                0x080042f8                ModbusSerial::ModbusSerial()
 .text._ZN12ModbusSerial10setSlaveIdEh
                0x08004304        0x8 ModbusSerial.cpp.o
                0x08004304                ModbusSerial::setSlaveId(unsigned char)
 .text._ZN12ModbusSerial6configEP14HardwareSeriallji
                0x0800430c       0x64 ModbusSerial.cpp.o
                0x0800430c                ModbusSerial::config(HardwareSerial*, long, unsigned int, int)
 .text._ZN12ModbusSerial4sendEPh
                0x08004370       0xa4 ModbusSerial.cpp.o
                0x08004370                ModbusSerial::send(unsigned char*)
 .text._ZN12ModbusSerial7calcCrcEhPhh
                0x08004414       0x3c ModbusSerial.cpp.o
                0x08004414                ModbusSerial::calcCrc(unsigned char, unsigned char*, unsigned char)
 .text._ZN12ModbusSerial7receiveEPh
                0x08004450       0x74 ModbusSerial.cpp.o
                0x08004450                ModbusSerial::receive(unsigned char*)
 .text._ZN12ModbusSerial7sendPDUEPh
                0x080044c4       0x90 ModbusSerial.cpp.o
                0x080044c4                ModbusSerial::sendPDU(unsigned char*)
 .text._ZN12ModbusSerial4taskEPhi
                0x08004554       0x9c ModbusSerial.cpp.o
                0x08004554                ModbusSerial::task(unsigned char*, int)
 .text._Z13RTC_Interruptv
                0x080045f0       0x14 Private_RTC.cpp.o
                0x080045f0                RTC_Interrupt()
 .text._ZN4date10Update_RTCEPh
                0x08004604      0x180 Private_RTC.cpp.o
                0x08004604                date::Update_RTC(unsigned char*)
 .text._ZN4date9Set_AlarmEv
                0x08004784       0x88 Private_RTC.cpp.o
                0x08004784                date::Set_Alarm()
 .text.startup._GLOBAL__sub_I_Date
                0x0800480c        0xc Private_RTC.cpp.o
 .text._Z16Timer3_Interruptv
                0x08004818       0x24 Private_Timer.cpp.o
                0x08004818                Timer3_Interrupt()
 .text._Z16Timer2_Interruptv
                0x0800483c       0x48 Private_Timer.cpp.o
                0x0800483c                Timer2_Interrupt()
 .text._Z16Timer4_Interruptv
                0x08004884       0x64 Private_Timer.cpp.o
                0x08004884                Timer4_Interrupt()
 .text._Z36Realtime_Status_Reporting_Timer_Initv
                0x080048e8       0x30 Private_Timer.cpp.o
                0x080048e8                Realtime_Status_Reporting_Timer_Init()
 .text._Z31Self_Check_Parameter_Timer_Initv
                0x08004918       0x30 Private_Timer.cpp.o
                0x08004918                Self_Check_Parameter_Timer_Init()
 .text._Z21Irrigation_Timer_Initv
                0x08004948       0x30 Private_Timer.cpp.o
                0x08004948                Irrigation_Timer_Init()
 .text._Z26Start_Status_Report_Timingv
                0x08004978       0x1c Private_Timer.cpp.o
                0x08004978                Start_Status_Report_Timing()
 .text._Z23Start_Self_Check_Timingv
                0x08004994       0x1c Private_Timer.cpp.o
                0x08004994                Start_Self_Check_Timing()
 .text._Z12Start_Timer4v
                0x080049b0       0x24 Private_Timer.cpp.o
                0x080049b0                Start_Timer4()
 .text._Z25Stop_Status_Report_Timingv
                0x080049d4        0xc Private_Timer.cpp.o
                0x080049d4                Stop_Status_Report_Timing()
 .text._Z22Stop_Self_Check_Timingv
                0x080049e0        0xc Private_Timer.cpp.o
                0x080049e0                Stop_Self_Check_Timing()
 .text._Z11Stop_Timer4v
                0x080049ec       0x18 Private_Timer.cpp.o
                0x080049ec                Stop_Timer4()
 .text._ZN8TypeConv10Hex_To_DecEh
                0x08004a04       0x12 public.cpp.o
                0x08004a04                TypeConv::Hex_To_Dec(unsigned char)
 .text._ZN8TypeConv10Dec_To_HexEh
                0x08004a16       0x12 public.cpp.o
                0x08004a16                TypeConv::Dec_To_Hex(unsigned char)
 .text._Z9MyDelayMsj
                0x08004a28       0x24 public.cpp.o
                0x08004a28                MyDelayMs(unsigned int)
 .text._ZN7Receipt25Receipt_Random_Wait_ValueEPm
                0x08004a4c       0x44 receipt.cpp.o
                0x08004a4c                Receipt::Receipt_Random_Wait_Value(unsigned long*)
 .text._ZN7Receipt11Print_DebugEPhh
                0x08004a90       0x34 receipt.cpp.o
                0x08004a90                Receipt::Print_Debug(unsigned char*, unsigned char)
 .text._ZN7Receipt24Report_General_ParameterEv
                0x08004ac4      0x154 receipt.cpp.o
                0x08004ac4                Receipt::Report_General_Parameter()
 .text._ZN7Receipt24Request_Set_Group_NumberEv
                0x08004c18       0xdc receipt.cpp.o
                0x08004c18                Receipt::Request_Set_Group_Number()
 .text._ZN7Receipt29Request_Device_SN_and_ChannelEv
                0x08004cf4       0xdc receipt.cpp.o
                0x08004cf4                Receipt::Request_Device_SN_and_Channel()
 .text._ZN7Receipt25Working_Parameter_ReceiptEbhhh
                0x08004dd0      0x2f8 receipt.cpp.o
                0x08004dd0                Receipt::Working_Parameter_Receipt(bool, unsigned char, unsigned char, unsigned char)
 .text._ZN7Receipt15General_ReceiptEhh
                0x080050c8      0x13c receipt.cpp.o
                0x080050c8                Receipt::General_Receipt(unsigned char, unsigned char)
 .text._ZN7Receipt23Control_command_ReceiptEhhhhh
                0x08005204      0x20c receipt.cpp.o
                0x08005204                Receipt::Control_command_Receipt(unsigned char, unsigned char, unsigned char, unsigned char, unsigned char)
 .text._ZN7Receipt19Output_init_ReceiptEhhhhPhi
                0x08005410       0xe8 receipt.cpp.o
                0x08005410                Receipt::Output_init_Receipt(unsigned char, unsigned char, unsigned char, unsigned char, unsigned char*, int)
 .text._ZN7Receipt26Irrigation_control_ReceiptEhPh
                0x080054f8      0x114 receipt.cpp.o
                0x080054f8                Receipt::Irrigation_control_Receipt(unsigned char, unsigned char*)
 .text._Z20Check_LoRa_Parameterv
                0x0800560c        0xc Security.cpp.o
                0x0800560c                Check_LoRa_Parameter()
 .text._Z21Check_Store_Parameterv
                0x08005618       0xe4 Security.cpp.o
                0x08005618                Check_Store_Parameter()
 .text._Z26Check_Store_Param_And_LoRav
                0x080056fc       0x38 Security.cpp.o
                0x080056fc                Check_Store_Param_And_LoRa()
 .text._ZN12Modbus_Coils13Modbus_ConfigEv
                0x08005734      0x35c Set_coil.cpp.o
                0x08005734                Modbus_Coils::Modbus_Config()
 .text._ZN12Modbus_Coils18Modbus_RealizationEPhi
                0x08005a90      0x224 Set_coil.cpp.o
                0x08005a90                Modbus_Coils::Modbus_Realization(unsigned char*, int)
 .text._ZN12Modbus_Coils21Set_Coil_DefaultValueEv
                0x08005cb4       0xf4 Set_coil.cpp.o
                0x08005cb4                Modbus_Coils::Set_Coil_DefaultValue()
 .text._ZN12Modbus_Coils12Init_DO_1to8Eh
                0x08005da8      0xa28 Set_coil.cpp.o
                0x08005da8                Modbus_Coils::Init_DO_1to8(unsigned char)
 .text._ZN12Modbus_Coils13Init_DO_9to16Eh
                0x080067d0      0x358 Set_coil.cpp.o
                0x080067d0                Modbus_Coils::Init_DO_9to16(unsigned char)
 .text._ZN12Modbus_Coils18Set_Coil_InitValueEv
                0x08006b28       0x64 Set_coil.cpp.o
                0x08006b28                Modbus_Coils::Set_Coil_InitValue()
 .text._ZN12Modbus_Coils11Get_DI_1to8Ev
                0x08006b8c       0xd0 Set_coil.cpp.o
                0x08006b8c                Modbus_Coils::Get_DI_1to8()
 .text._ZN12Modbus_Coils11Get_DO_1to8Ev
                0x08006c5c       0xd0 Set_coil.cpp.o
                0x08006c5c                Modbus_Coils::Get_DO_1to8()
 .text._ZN12Modbus_Coils12Get_DO_9to16Ev
                0x08006d2c       0x94 Set_coil.cpp.o
                0x08006d2c                Modbus_Coils::Get_DO_9to16()
 .text._ZN12Modbus_Coils11Get_AI_1to8Ev
                0x08006dc0       0x70 Set_coil.cpp.o
                0x08006dc0                Modbus_Coils::Get_AI_1to8()
 .text._Z20Set_Irrigation_relayhb
                0x08006e30       0x58 Set_coil.cpp.o
                0x08006e30                Set_Irrigation_relay(unsigned char, bool)
 .text.startup._GLOBAL__sub_I_Modbus_Coil
                0x08006e88        0xc Set_coil.cpp.o
 .text._Z7GetCrc8Phi
                0x08006e94       0x2e User_CRC8.cpp.o
                0x08006e94                GetCrc8(unsigned char*, int)
 .text._ZN7RTClockC2E11rtc_clk_srct
                0x08006ec2       0x46 RTClock\RTClock.cpp.o
                0x08006ec2                RTClock::RTClock(rtc_clk_src, unsigned short)
                0x08006ec2                RTClock::RTClock(rtc_clk_src, unsigned short)
 .text._ZN7RTClockC2E11rtc_clk_src
                0x08006f08       0x12 RTClock\RTClock.cpp.o
                0x08006f08                RTClock::RTClock(rtc_clk_src)
                0x08006f08                RTClock::RTClock(rtc_clk_src)
 .text._ZN7RTClock7setTimeEl
                0x08006f1a        0x6 RTClock\RTClock.cpp.o
                0x08006f1a                RTClock::setTime(long)
 .text._ZN7RTClock7getTimeEv
                0x08006f20        0x4 RTClock\RTClock.cpp.o
                0x08006f20                RTClock::getTime()
 .text._ZN7RTClock11createAlarmEPFvvEl
                0x08006f24       0x16 RTClock\RTClock.cpp.o
                0x08006f24                RTClock::createAlarm(void (*)(), long)
 *fill*         0x08006f3a        0x2 
 .text.rtc_wait_finished
                0x08006f3c       0x1c RTClock\utility\rtc_util.c.o
 .text.rtc_wait_sync
                0x08006f58       0x1c RTClock\utility\rtc_util.c.o
 .text.rtc_clear_sync
                0x08006f74       0x20 RTClock\utility\rtc_util.c.o
 .text.rtc_enter_config_mode
                0x08006f94       0x20 RTClock\utility\rtc_util.c.o
 .text.rtc_exit_config_mode
                0x08006fb4       0x20 RTClock\utility\rtc_util.c.o
 .text.rtc_init
                0x08006fd4       0xac RTClock\utility\rtc_util.c.o
                0x08006fd4                rtc_init
 .text.rtc_attach_interrupt
                0x08007080       0x60 RTClock\utility\rtc_util.c.o
                0x08007080                rtc_attach_interrupt
 .text.rtc_detach_interrupt
                0x080070e0       0x40 RTClock\utility\rtc_util.c.o
                0x080070e0                rtc_detach_interrupt
 .text.__irq_rtc
                0x08007120       0x48 RTClock\utility\rtc_util.c.o
                0x08007120                __irq_rtc
 .text.__irq_rtcalarm
                0x08007168       0x1c RTClock\utility\rtc_util.c.o
                0x08007168                __irq_rtcalarm
 .text.rtc_get_count
                0x08007184       0x24 RTClock\utility\rtc_util.c.o
                0x08007184                rtc_get_count
 .text.rtc_set_count
                0x080071a8       0x34 RTClock\utility\rtc_util.c.o
                0x080071a8                rtc_set_count
 .text.rtc_set_prescaler_load
                0x080071dc       0x34 RTClock\utility\rtc_util.c.o
                0x080071dc                rtc_set_prescaler_load
 .text.rtc_set_alarm
                0x08007210       0x34 RTClock\utility\rtc_util.c.o
                0x08007210                rtc_set_alarm
 .text.startup._GLOBAL__sub_I_PIN_MAP
                0x08007244       0x74 C:\Users\Administrator\AppData\Local\Temp\VMBCore\arduino16x\79f59199ad23b1693307dbc53bed82ea\variant\board.cpp.o
 .text._ZL18adc_default_configP7adc_dev
                0x080072b8       0x1c C:\Users\Administrator\AppData\Local\Temp\VMBCore\arduino16x\79f59199ad23b1693307dbc53bed82ea\variant\boards.cpp.o
 .text._ZL20timer_default_configP9timer_dev
                0x080072d4       0x9e C:\Users\Administrator\AppData\Local\Temp\VMBCore\arduino16x\79f59199ad23b1693307dbc53bed82ea\variant\boards.cpp.o
 .text._Z9boardInitv
                0x08007372        0x2 C:\Users\Administrator\AppData\Local\Temp\VMBCore\arduino16x\79f59199ad23b1693307dbc53bed82ea\variant\boards.cpp.o
                0x08007372                boardInit()
 .text._Z4initv
                0x08007374       0xbc C:\Users\Administrator\AppData\Local\Temp\VMBCore\arduino16x\79f59199ad23b1693307dbc53bed82ea\variant\boards.cpp.o
                0x08007374                init()
 .text._ZN6wirish4priv15board_reset_pllEv
                0x08007430        0x2 C:\Users\Administrator\AppData\Local\Temp\VMBCore\arduino16x\79f59199ad23b1693307dbc53bed82ea\variant\boards_setup.cpp.o
                0x08007430                wirish::priv::board_reset_pll()
 .text._ZN6wirish4priv28board_setup_clock_prescalersEv
                0x08007432       0x2e C:\Users\Administrator\AppData\Local\Temp\VMBCore\arduino16x\79f59199ad23b1693307dbc53bed82ea\variant\boards_setup.cpp.o
                0x08007432                wirish::priv::board_setup_clock_prescalers()
 .text._ZN6wirish4priv16board_setup_gpioEv
                0x08007460        0x4 C:\Users\Administrator\AppData\Local\Temp\VMBCore\arduino16x\79f59199ad23b1693307dbc53bed82ea\variant\boards_setup.cpp.o
                0x08007460                wirish::priv::board_setup_gpio()
 .text._ZN6wirish4priv15board_setup_usbEv
                0x08007464        0x2 C:\Users\Administrator\AppData\Local\Temp\VMBCore\arduino16x\79f59199ad23b1693307dbc53bed82ea\variant\boards_setup.cpp.o
                0x08007464                wirish::priv::board_setup_usb()
 .text._ZN6wirish4priv11series_initEv
                0x08007466        0x4 C:\Users\Administrator\AppData\Local\Temp\VMBCore\arduino16x\79f59199ad23b1693307dbc53bed82ea\variant\boards_setup.cpp.o
                0x08007466                wirish::priv::series_init()
 *fill*         0x0800746a        0x2 
 .text          0x0800746c       0x10 C:\Users\Administrator\AppData\Local\Temp\VMBCore\arduino16x\79f59199ad23b1693307dbc53bed82ea\variant\start.S.o
                0x0800746c                __start__
 .text.start_c  0x0800747c       0x64 C:\Users\Administrator\AppData\Local\Temp\VMBCore\arduino16x\79f59199ad23b1693307dbc53bed82ea\variant\start_c.c.o
                0x0800747c                start_c
 .text._sbrk    0x080074e0       0x44 C:\Users\Administrator\AppData\Local\Temp\VMBCore\arduino16x\79f59199ad23b1693307dbc53bed82ea\variant\syscalls.c.o
                0x080074e0                _sbrk
 .text._exit    0x08007524        0x2 C:\Users\Administrator\AppData\Local\Temp\VMBCore\arduino16x\79f59199ad23b1693307dbc53bed82ea\variant\syscalls.c.o
                0x08007524                _exit
 *fill*         0x08007526        0xa 
 .text          0x08007530       0x60 C:\Users\Administrator\AppData\Local\Temp\VMBuilds\STM32_12Way_Irrigation_ControllerV1.0.0_alpha\stm32_genericSTM32F103R\Release/core.a(exc.S.o)
                0x08007530                __exc_nmi
                0x08007534                __exc_hardfault
                0x08007538                __exc_memmanage
                0x0800753c                __exc_busfault
                0x08007540                __exc_usagefault
 .text          0x08007590        0x2 C:\Users\Administrator\AppData\Local\Temp\VMBuilds\STM32_12Way_Irrigation_ControllerV1.0.0_alpha\stm32_genericSTM32F103R\Release/core.a(isrs.S.o)
                0x08007590                __stm32reservedexception9
                0x08007590                __irq_dma1_channel3
                0x08007590                __irq_i2c2_er
                0x08007590                __irq_i2c1_er
                0x08007590                __irq_sdio
                0x08007590                __irq_fsmc
                0x08007590                __irq_usb_lp_can_rx0
                0x08007590                __irq_dma1_channel6
                0x08007590                __exc_debug_monitor
                0x08007590                __irq_dma1_channel1
                0x08007590                __irq_dma2_channel2
                0x08007590                __exc_svc
                0x08007590                __irq_dma1_channel4
                0x08007590                __irq_dma1_channel7
                0x08007590                __irq_exti0
                0x08007590                __irq_can_rx1
                0x08007590                __irq_spi2
                0x08007590                __irq_can_sce
                0x08007590                __irq_exti2
                0x08007590                __irq_exti3
                0x08007590                __irq_exti9_5
                0x08007590                __irq_dma2_channel4_5
                0x08007590                __irq_pvd
                0x08007590                __irq_tamper
                0x08007590                __default_handler
                0x08007590                __irq_wwdg
                0x08007590                __stm32reservedexception10
                0x08007590                __irq_flash
                0x08007590                __irq_i2c2_ev
                0x08007590                __irq_dma1_channel2
                0x08007590                __irq_dma1_channel5
                0x08007590                __stm32reservedexception13
                0x08007590                __irq_spi1
                0x08007590                __stm32reservedexception7
                0x08007590                __irq_usb_hp_can_tx
                0x08007590                __irq_exti15_10
                0x08007590                __irq_exti4
                0x08007590                __irq_dma2_channel3
                0x08007590                __irq_spi3
                0x08007590                __stm32reservedexception8
                0x08007590                __irq_dma2_channel1
                0x08007590                __exc_pendsv
                0x08007590                __irq_i2c1_ev
                0x08007590                __irq_usbwakeup
                0x08007590                __irq_exti1
                0x08007590                __irq_rcc
 .text.adc_init
                0x08007592       0x14 C:\Users\Administrator\AppData\Local\Temp\VMBuilds\STM32_12Way_Irrigation_ControllerV1.0.0_alpha\stm32_genericSTM32F103R\Release/core.a(adc.c.o)
                0x08007592                adc_init
 .text.adc_set_extsel
                0x080075a6       0x12 C:\Users\Administrator\AppData\Local\Temp\VMBuilds\STM32_12Way_Irrigation_ControllerV1.0.0_alpha\stm32_genericSTM32F103R\Release/core.a(adc.c.o)
                0x080075a6                adc_set_extsel
 .text.adc_set_sample_rate
                0x080075b8       0x30 C:\Users\Administrator\AppData\Local\Temp\VMBuilds\STM32_12Way_Irrigation_ControllerV1.0.0_alpha\stm32_genericSTM32F103R\Release/core.a(adc.c.o)
                0x080075b8                adc_set_sample_rate
 .text.adc_read
                0x080075e8       0x20 C:\Users\Administrator\AppData\Local\Temp\VMBuilds\STM32_12Way_Irrigation_ControllerV1.0.0_alpha\stm32_genericSTM32F103R\Release/core.a(adc.c.o)
                0x080075e8                adc_read
 .text.__irq_adc
                0x08007608       0x50 C:\Users\Administrator\AppData\Local\Temp\VMBuilds\STM32_12Way_Irrigation_ControllerV1.0.0_alpha\stm32_genericSTM32F103R\Release/core.a(adc_f1.c.o)
                0x08007608                __irq_adc
 .text.__irq_adc3
                0x08007658       0x50 C:\Users\Administrator\AppData\Local\Temp\VMBuilds\STM32_12Way_Irrigation_ControllerV1.0.0_alpha\stm32_genericSTM32F103R\Release/core.a(adc_f1.c.o)
                0x08007658                __irq_adc3
 .text.adc_calibrate
                0x080076a8       0x24 C:\Users\Administrator\AppData\Local\Temp\VMBuilds\STM32_12Way_Irrigation_ControllerV1.0.0_alpha\stm32_genericSTM32F103R\Release/core.a(adc_f1.c.o)
                0x080076a8                adc_calibrate
 .text.adc_set_prescaler
                0x080076cc        0x8 C:\Users\Administrator\AppData\Local\Temp\VMBuilds\STM32_12Way_Irrigation_ControllerV1.0.0_alpha\stm32_genericSTM32F103R\Release/core.a(adc_f1.c.o)
                0x080076cc                adc_set_prescaler
 .text.adc_foreach
                0x080076d4       0x24 C:\Users\Administrator\AppData\Local\Temp\VMBuilds\STM32_12Way_Irrigation_ControllerV1.0.0_alpha\stm32_genericSTM32F103R\Release/core.a(adc_f1.c.o)
                0x080076d4                adc_foreach
 .text.adc_enable_single_swstart
                0x080076f8       0x36 C:\Users\Administrator\AppData\Local\Temp\VMBuilds\STM32_12Way_Irrigation_ControllerV1.0.0_alpha\stm32_genericSTM32F103R\Release/core.a(adc_f1.c.o)
                0x080076f8                adc_enable_single_swstart
 .text.bkp_init
                0x0800772e       0x18 C:\Users\Administrator\AppData\Local\Temp\VMBuilds\STM32_12Way_Irrigation_ControllerV1.0.0_alpha\stm32_genericSTM32F103R\Release/core.a(bkp_f1.c.o)
                0x0800772e                bkp_init
 *fill*         0x08007746        0x2 
 .text.bkp_enable_writes
                0x08007748        0xc C:\Users\Administrator\AppData\Local\Temp\VMBuilds\STM32_12Way_Irrigation_ControllerV1.0.0_alpha\stm32_genericSTM32F103R\Release/core.a(bkp_f1.c.o)
                0x08007748                bkp_enable_writes
 .text.bkp_disable_writes
                0x08007754        0xc C:\Users\Administrator\AppData\Local\Temp\VMBuilds\STM32_12Way_Irrigation_ControllerV1.0.0_alpha\stm32_genericSTM32F103R\Release/core.a(bkp_f1.c.o)
                0x08007754                bkp_disable_writes
 .text.flash_set_latency
                0x08007760       0x14 C:\Users\Administrator\AppData\Local\Temp\VMBuilds\STM32_12Way_Irrigation_ControllerV1.0.0_alpha\stm32_genericSTM32F103R\Release/core.a(flash.c.o)
                0x08007760                flash_set_latency
 .text.gpio_init_all
                0x08007774       0x4c C:\Users\Administrator\AppData\Local\Temp\VMBuilds\STM32_12Way_Irrigation_ControllerV1.0.0_alpha\stm32_genericSTM32F103R\Release/core.a(gpio_f1.c.o)
                0x08007774                gpio_init_all
 .text.gpio_set_mode
                0x080077c0       0x50 C:\Users\Administrator\AppData\Local\Temp\VMBuilds\STM32_12Way_Irrigation_ControllerV1.0.0_alpha\stm32_genericSTM32F103R\Release/core.a(gpio_f1.c.o)
                0x080077c0                gpio_set_mode
 .text.afio_init
                0x08007810       0x12 C:\Users\Administrator\AppData\Local\Temp\VMBuilds\STM32_12Way_Irrigation_ControllerV1.0.0_alpha\stm32_genericSTM32F103R\Release/core.a(gpio_f1.c.o)
                0x08007810                afio_init
 *fill*         0x08007822        0x2 
 .text.iwdg_init
                0x08007824       0x20 C:\Users\Administrator\AppData\Local\Temp\VMBuilds\STM32_12Way_Irrigation_ControllerV1.0.0_alpha\stm32_genericSTM32F103R\Release/core.a(iwdg.c.o)
                0x08007824                iwdg_init
 .text.iwdg_feed
                0x08007844       0x10 C:\Users\Administrator\AppData\Local\Temp\VMBuilds\STM32_12Way_Irrigation_ControllerV1.0.0_alpha\stm32_genericSTM32F103R\Release/core.a(iwdg.c.o)
                0x08007844                iwdg_feed
 .text.nvic_irq_set_priority
                0x08007854       0x28 C:\Users\Administrator\AppData\Local\Temp\VMBuilds\STM32_12Way_Irrigation_ControllerV1.0.0_alpha\stm32_genericSTM32F103R\Release/core.a(nvic.c.o)
                0x08007854                nvic_irq_set_priority
 .text.nvic_init
                0x0800787c       0x30 C:\Users\Administrator\AppData\Local\Temp\VMBuilds\STM32_12Way_Irrigation_ControllerV1.0.0_alpha\stm32_genericSTM32F103R\Release/core.a(nvic.c.o)
                0x0800787c                nvic_init
 .text.nvic_sys_reset
                0x080078ac       0x1c C:\Users\Administrator\AppData\Local\Temp\VMBuilds\STM32_12Way_Irrigation_ControllerV1.0.0_alpha\stm32_genericSTM32F103R\Release/core.a(nvic.c.o)
                0x080078ac                nvic_sys_reset
 .text.rcc_dev_clk
                0x080078c8        0xc C:\Users\Administrator\AppData\Local\Temp\VMBuilds\STM32_12Way_Irrigation_ControllerV1.0.0_alpha\stm32_genericSTM32F103R\Release/core.a(rcc.c.o)
                0x080078c8                rcc_dev_clk
 .text.rcc_switch_sysclk
                0x080078d4       0x20 C:\Users\Administrator\AppData\Local\Temp\VMBuilds\STM32_12Way_Irrigation_ControllerV1.0.0_alpha\stm32_genericSTM32F103R\Release/core.a(rcc.c.o)
                0x080078d4                rcc_switch_sysclk
 .text.rcc_turn_on_clk
                0x080078f4       0x1a C:\Users\Administrator\AppData\Local\Temp\VMBuilds\STM32_12Way_Irrigation_ControllerV1.0.0_alpha\stm32_genericSTM32F103R\Release/core.a(rcc.c.o)
                0x080078f4                rcc_turn_on_clk
 .text.rcc_turn_off_clk
                0x0800790e       0x1c C:\Users\Administrator\AppData\Local\Temp\VMBuilds\STM32_12Way_Irrigation_ControllerV1.0.0_alpha\stm32_genericSTM32F103R\Release/core.a(rcc.c.o)
                0x0800790e                rcc_turn_off_clk
 .text.rcc_is_clk_ready
                0x0800792a       0x18 C:\Users\Administrator\AppData\Local\Temp\VMBuilds\STM32_12Way_Irrigation_ControllerV1.0.0_alpha\stm32_genericSTM32F103R\Release/core.a(rcc.c.o)
                0x0800792a                rcc_is_clk_ready
 *fill*         0x08007942        0x2 
 .text.rcc_configure_pll
                0x08007944       0x18 C:\Users\Administrator\AppData\Local\Temp\VMBuilds\STM32_12Way_Irrigation_ControllerV1.0.0_alpha\stm32_genericSTM32F103R\Release/core.a(rcc_f1.c.o)
                0x08007944                rcc_configure_pll
 .text.rcc_clk_enable
                0x0800795c       0x30 C:\Users\Administrator\AppData\Local\Temp\VMBuilds\STM32_12Way_Irrigation_ControllerV1.0.0_alpha\stm32_genericSTM32F103R\Release/core.a(rcc_f1.c.o)
                0x0800795c                rcc_clk_enable
 .text.rcc_reset_dev
                0x0800798c       0x34 C:\Users\Administrator\AppData\Local\Temp\VMBuilds\STM32_12Way_Irrigation_ControllerV1.0.0_alpha\stm32_genericSTM32F103R\Release/core.a(rcc_f1.c.o)
                0x0800798c                rcc_reset_dev
 .text.rcc_set_prescaler
                0x080079c0       0x20 C:\Users\Administrator\AppData\Local\Temp\VMBuilds\STM32_12Way_Irrigation_ControllerV1.0.0_alpha\stm32_genericSTM32F103R\Release/core.a(rcc_f1.c.o)
                0x080079c0                rcc_set_prescaler
 .text.rcc_clk_disable
                0x080079e0       0x30 C:\Users\Administrator\AppData\Local\Temp\VMBuilds\STM32_12Way_Irrigation_ControllerV1.0.0_alpha\stm32_genericSTM32F103R\Release/core.a(rcc_f1.c.o)
                0x080079e0                rcc_clk_disable
 .text.systick_init
                0x08007a10       0x10 C:\Users\Administrator\AppData\Local\Temp\VMBuilds\STM32_12Way_Irrigation_ControllerV1.0.0_alpha\stm32_genericSTM32F103R\Release/core.a(systick.c.o)
                0x08007a10                systick_init
 .text.__exc_systick
                0x08007a20       0x1c C:\Users\Administrator\AppData\Local\Temp\VMBuilds\STM32_12Way_Irrigation_ControllerV1.0.0_alpha\stm32_genericSTM32F103R\Release/core.a(systick.c.o)
                0x08007a20                __exc_systick
 .text.timer_oc_set_mode
                0x08007a3c       0x3a C:\Users\Administrator\AppData\Local\Temp\VMBuilds\STM32_12Way_Irrigation_ControllerV1.0.0_alpha\stm32_genericSTM32F103R\Release/core.a(timer.c.o)
 *fill*         0x08007a76        0x2 
 .text.timer_foreach
                0x08007a78       0x48 C:\Users\Administrator\AppData\Local\Temp\VMBuilds\STM32_12Way_Irrigation_ControllerV1.0.0_alpha\stm32_genericSTM32F103R\Release/core.a(timer.c.o)
                0x08007a78                timer_foreach
 .text.timer_init
                0x08007ac0       0x14 C:\Users\Administrator\AppData\Local\Temp\VMBuilds\STM32_12Way_Irrigation_ControllerV1.0.0_alpha\stm32_genericSTM32F103R\Release/core.a(timer.c.o)
                0x08007ac0                timer_init
 .text.timer_has_cc_channel
                0x08007ad4       0x30 C:\Users\Administrator\AppData\Local\Temp\VMBuilds\STM32_12Way_Irrigation_ControllerV1.0.0_alpha\stm32_genericSTM32F103R\Release/core.a(timer.c.o)
                0x08007ad4                timer_has_cc_channel
 .text.timer_attach_interrupt
                0x08007b04       0xc0 C:\Users\Administrator\AppData\Local\Temp\VMBuilds\STM32_12Way_Irrigation_ControllerV1.0.0_alpha\stm32_genericSTM32F103R\Release/core.a(timer.c.o)
                0x08007b04                timer_attach_interrupt
 .text.timer_detach_interrupt
                0x08007bc4       0x1e C:\Users\Administrator\AppData\Local\Temp\VMBuilds\STM32_12Way_Irrigation_ControllerV1.0.0_alpha\stm32_genericSTM32F103R\Release/core.a(timer.c.o)
                0x08007bc4                timer_detach_interrupt
 .text.timer_set_mode
                0x08007be2       0x86 C:\Users\Administrator\AppData\Local\Temp\VMBuilds\STM32_12Way_Irrigation_ControllerV1.0.0_alpha\stm32_genericSTM32F103R\Release/core.a(timer.c.o)
                0x08007be2                timer_set_mode
 .text.__irq_tim1_brk
                0x08007c68       0x24 C:\Users\Administrator\AppData\Local\Temp\VMBuilds\STM32_12Way_Irrigation_ControllerV1.0.0_alpha\stm32_genericSTM32F103R\Release/core.a(timer.c.o)
                0x08007c68                __irq_tim1_brk
 .text.__irq_tim1_up
                0x08007c8c       0x24 C:\Users\Administrator\AppData\Local\Temp\VMBuilds\STM32_12Way_Irrigation_ControllerV1.0.0_alpha\stm32_genericSTM32F103R\Release/core.a(timer.c.o)
                0x08007c8c                __irq_tim1_up
 .text.__irq_tim1_trg_com
                0x08007cb0       0x38 C:\Users\Administrator\AppData\Local\Temp\VMBuilds\STM32_12Way_Irrigation_ControllerV1.0.0_alpha\stm32_genericSTM32F103R\Release/core.a(timer.c.o)
                0x08007cb0                __irq_tim1_trg_com
 .text.__irq_tim1_cc
                0x08007ce8       0x54 C:\Users\Administrator\AppData\Local\Temp\VMBuilds\STM32_12Way_Irrigation_ControllerV1.0.0_alpha\stm32_genericSTM32F103R\Release/core.a(timer.c.o)
                0x08007ce8                __irq_tim1_cc
 .text.__irq_tim2
                0x08007d3c       0x70 C:\Users\Administrator\AppData\Local\Temp\VMBuilds\STM32_12Way_Irrigation_ControllerV1.0.0_alpha\stm32_genericSTM32F103R\Release/core.a(timer.c.o)
                0x08007d3c                __irq_tim2
 .text.__irq_tim3
                0x08007dac       0x70 C:\Users\Administrator\AppData\Local\Temp\VMBuilds\STM32_12Way_Irrigation_ControllerV1.0.0_alpha\stm32_genericSTM32F103R\Release/core.a(timer.c.o)
                0x08007dac                __irq_tim3
 .text.__irq_tim4
                0x08007e1c       0x70 C:\Users\Administrator\AppData\Local\Temp\VMBuilds\STM32_12Way_Irrigation_ControllerV1.0.0_alpha\stm32_genericSTM32F103R\Release/core.a(timer.c.o)
                0x08007e1c                __irq_tim4
 .text.__irq_tim5
                0x08007e8c       0x70 C:\Users\Administrator\AppData\Local\Temp\VMBuilds\STM32_12Way_Irrigation_ControllerV1.0.0_alpha\stm32_genericSTM32F103R\Release/core.a(timer.c.o)
                0x08007e8c                __irq_tim5
 .text.__irq_tim6
                0x08007efc       0x24 C:\Users\Administrator\AppData\Local\Temp\VMBuilds\STM32_12Way_Irrigation_ControllerV1.0.0_alpha\stm32_genericSTM32F103R\Release/core.a(timer.c.o)
                0x08007efc                __irq_tim6
 .text.__irq_tim7
                0x08007f20       0x24 C:\Users\Administrator\AppData\Local\Temp\VMBuilds\STM32_12Way_Irrigation_ControllerV1.0.0_alpha\stm32_genericSTM32F103R\Release/core.a(timer.c.o)
                0x08007f20                __irq_tim7
 .text.__irq_tim8_brk
                0x08007f44       0x24 C:\Users\Administrator\AppData\Local\Temp\VMBuilds\STM32_12Way_Irrigation_ControllerV1.0.0_alpha\stm32_genericSTM32F103R\Release/core.a(timer.c.o)
                0x08007f44                __irq_tim8_brk
 .text.__irq_tim8_up
                0x08007f68       0x24 C:\Users\Administrator\AppData\Local\Temp\VMBuilds\STM32_12Way_Irrigation_ControllerV1.0.0_alpha\stm32_genericSTM32F103R\Release/core.a(timer.c.o)
                0x08007f68                __irq_tim8_up
 .text.__irq_tim8_trg_com
                0x08007f8c       0x38 C:\Users\Administrator\AppData\Local\Temp\VMBuilds\STM32_12Way_Irrigation_ControllerV1.0.0_alpha\stm32_genericSTM32F103R\Release/core.a(timer.c.o)
                0x08007f8c                __irq_tim8_trg_com
 .text.__irq_tim8_cc
                0x08007fc4       0x54 C:\Users\Administrator\AppData\Local\Temp\VMBuilds\STM32_12Way_Irrigation_ControllerV1.0.0_alpha\stm32_genericSTM32F103R\Release/core.a(timer.c.o)
                0x08007fc4                __irq_tim8_cc
 .text.rb_remove
                0x08008018       0x24 C:\Users\Administrator\AppData\Local\Temp\VMBuilds\STM32_12Way_Irrigation_ControllerV1.0.0_alpha\stm32_genericSTM32F103R\Release/core.a(usart_f1.c.o)
 .text.rb_push_insert
                0x0800803c       0x52 C:\Users\Administrator\AppData\Local\Temp\VMBuilds\STM32_12Way_Irrigation_ControllerV1.0.0_alpha\stm32_genericSTM32F103R\Release/core.a(usart_f1.c.o)
 .text.usart_config_gpios_async
                0x0800808e       0x4a C:\Users\Administrator\AppData\Local\Temp\VMBuilds\STM32_12Way_Irrigation_ControllerV1.0.0_alpha\stm32_genericSTM32F103R\Release/core.a(usart_f1.c.o)
                0x0800808e                usart_config_gpios_async
 .text.usart_set_baud_rate
                0x080080d8       0x3c C:\Users\Administrator\AppData\Local\Temp\VMBuilds\STM32_12Way_Irrigation_ControllerV1.0.0_alpha\stm32_genericSTM32F103R\Release/core.a(usart_f1.c.o)
                0x080080d8                usart_set_baud_rate
 .text.__irq_usart1
                0x08008114       0x54 C:\Users\Administrator\AppData\Local\Temp\VMBuilds\STM32_12Way_Irrigation_ControllerV1.0.0_alpha\stm32_genericSTM32F103R\Release/core.a(usart_f1.c.o)
                0x08008114                __irq_usart1
 .text.__irq_usart2
                0x08008168       0x54 C:\Users\Administrator\AppData\Local\Temp\VMBuilds\STM32_12Way_Irrigation_ControllerV1.0.0_alpha\stm32_genericSTM32F103R\Release/core.a(usart_f1.c.o)
                0x08008168                __irq_usart2
 .text.__irq_usart3
                0x080081bc       0x54 C:\Users\Administrator\AppData\Local\Temp\VMBuilds\STM32_12Way_Irrigation_ControllerV1.0.0_alpha\stm32_genericSTM32F103R\Release/core.a(usart_f1.c.o)
                0x080081bc                __irq_usart3
 .text.__irq_uart4
                0x08008210       0x54 C:\Users\Administrator\AppData\Local\Temp\VMBuilds\STM32_12Way_Irrigation_ControllerV1.0.0_alpha\stm32_genericSTM32F103R\Release/core.a(usart_f1.c.o)
                0x08008210                __irq_uart4
 .text.__irq_uart5
                0x08008264       0x54 C:\Users\Administrator\AppData\Local\Temp\VMBuilds\STM32_12Way_Irrigation_ControllerV1.0.0_alpha\stm32_genericSTM32F103R\Release/core.a(usart_f1.c.o)
                0x08008264                __irq_uart5
 .text._usart_clock_freq
                0x080082b8       0x24 C:\Users\Administrator\AppData\Local\Temp\VMBuilds\STM32_12Way_Irrigation_ControllerV1.0.0_alpha\stm32_genericSTM32F103R\Release/core.a(usart_private.c.o)
                0x080082b8                _usart_clock_freq
 .text.throb    0x080082dc       0x4c C:\Users\Administrator\AppData\Local\Temp\VMBuilds\STM32_12Way_Irrigation_ControllerV1.0.0_alpha\stm32_genericSTM32F103R\Release/core.a(util.c.o)
                0x080082dc                throb
 .text.__error  0x08008328       0x14 C:\Users\Administrator\AppData\Local\Temp\VMBuilds\STM32_12Way_Irrigation_ControllerV1.0.0_alpha\stm32_genericSTM32F103R\Release/core.a(util.c.o)
                0x08008328                __error
 .text._ZN14HardwareSerial4readEv
                0x0800833c       0x4e C:\Users\Administrator\AppData\Local\Temp\VMBuilds\STM32_12Way_Irrigation_ControllerV1.0.0_alpha\stm32_genericSTM32F103R\Release/core.a(HardwareSerial.cpp.o)
                0x0800833c                HardwareSerial::read()
 .text._ZN14HardwareSerial4peekEv
                0x0800838a       0x22 C:\Users\Administrator\AppData\Local\Temp\VMBuilds\STM32_12Way_Irrigation_ControllerV1.0.0_alpha\stm32_genericSTM32F103R\Release/core.a(HardwareSerial.cpp.o)
                0x0800838a                HardwareSerial::peek()
 .text._ZN14HardwareSerial5flushEv
                0x080083ac       0x1a C:\Users\Administrator\AppData\Local\Temp\VMBuilds\STM32_12Way_Irrigation_ControllerV1.0.0_alpha\stm32_genericSTM32F103R\Release/core.a(HardwareSerial.cpp.o)
                0x080083ac                HardwareSerial::flush()
 .text._ZN14HardwareSerial5writeEh
                0x080083c6       0x1e C:\Users\Administrator\AppData\Local\Temp\VMBuilds\STM32_12Way_Irrigation_ControllerV1.0.0_alpha\stm32_genericSTM32F103R\Release/core.a(HardwareSerial.cpp.o)
                0x080083c6                HardwareSerial::write(unsigned char)
 .text._ZN14HardwareSerial9availableEv
                0x080083e4       0x26 C:\Users\Administrator\AppData\Local\Temp\VMBuilds\STM32_12Way_Irrigation_ControllerV1.0.0_alpha\stm32_genericSTM32F103R\Release/core.a(HardwareSerial.cpp.o)
                0x080083e4                HardwareSerial::available()
 *fill*         0x0800840a        0x2 
 .text._ZN14HardwareSerialC2EP9usart_devhh
                0x0800840c       0x1c C:\Users\Administrator\AppData\Local\Temp\VMBuilds\STM32_12Way_Irrigation_ControllerV1.0.0_alpha\stm32_genericSTM32F103R\Release/core.a(HardwareSerial.cpp.o)
                0x0800840c                HardwareSerial::HardwareSerial(usart_dev*, unsigned char, unsigned char)
                0x0800840c                HardwareSerial::HardwareSerial(usart_dev*, unsigned char, unsigned char)
 .text._ZN14HardwareSerial5beginEmh
                0x08008428       0x78 C:\Users\Administrator\AppData\Local\Temp\VMBuilds\STM32_12Way_Irrigation_ControllerV1.0.0_alpha\stm32_genericSTM32F103R\Release/core.a(HardwareSerial.cpp.o)
                0x08008428                HardwareSerial::begin(unsigned long, unsigned char)
 .text._ZN14HardwareSerial5beginEm
                0x080084a0        0x6 C:\Users\Administrator\AppData\Local\Temp\VMBuilds\STM32_12Way_Irrigation_ControllerV1.0.0_alpha\stm32_genericSTM32F103R\Release/core.a(HardwareSerial.cpp.o)
                0x080084a0                HardwareSerial::begin(unsigned long)
 .text._ZN14HardwareSerial3endEv
                0x080084a6        0x6 C:\Users\Administrator\AppData\Local\Temp\VMBuilds\STM32_12Way_Irrigation_ControllerV1.0.0_alpha\stm32_genericSTM32F103R\Release/core.a(HardwareSerial.cpp.o)
                0x080084a6                HardwareSerial::end()
 .text.set_this_dev
                0x080084ac       0x1c C:\Users\Administrator\AppData\Local\Temp\VMBuilds\STM32_12Way_Irrigation_ControllerV1.0.0_alpha\stm32_genericSTM32F103R\Release/core.a(HardwareTimer.cpp.o)
 .text._ZN13HardwareTimerC2Eh
                0x080084c8       0x2c C:\Users\Administrator\AppData\Local\Temp\VMBuilds\STM32_12Way_Irrigation_ControllerV1.0.0_alpha\stm32_genericSTM32F103R\Release/core.a(HardwareTimer.cpp.o)
                0x080084c8                HardwareTimer::HardwareTimer(unsigned char)
                0x080084c8                HardwareTimer::HardwareTimer(unsigned char)
 .text._ZN13HardwareTimer5pauseEv
                0x080084f4       0x10 C:\Users\Administrator\AppData\Local\Temp\VMBuilds\STM32_12Way_Irrigation_ControllerV1.0.0_alpha\stm32_genericSTM32F103R\Release/core.a(HardwareTimer.cpp.o)
                0x080084f4                HardwareTimer::pause()
 .text._ZN13HardwareTimer6resumeEv
                0x08008504       0x10 C:\Users\Administrator\AppData\Local\Temp\VMBuilds\STM32_12Way_Irrigation_ControllerV1.0.0_alpha\stm32_genericSTM32F103R\Release/core.a(HardwareTimer.cpp.o)
                0x08008504                HardwareTimer::resume()
 .text._ZN13HardwareTimer17setPrescaleFactorEm
                0x08008514        0xc C:\Users\Administrator\AppData\Local\Temp\VMBuilds\STM32_12Way_Irrigation_ControllerV1.0.0_alpha\stm32_genericSTM32F103R\Release/core.a(HardwareTimer.cpp.o)
                0x08008514                HardwareTimer::setPrescaleFactor(unsigned long)
 .text._ZN13HardwareTimer8setCountEt
                0x08008520       0x12 C:\Users\Administrator\AppData\Local\Temp\VMBuilds\STM32_12Way_Irrigation_ControllerV1.0.0_alpha\stm32_genericSTM32F103R\Release/core.a(HardwareTimer.cpp.o)
                0x08008520                HardwareTimer::setCount(unsigned short)
 .text._ZN13HardwareTimer9setPeriodEm
                0x08008532       0x3e C:\Users\Administrator\AppData\Local\Temp\VMBuilds\STM32_12Way_Irrigation_ControllerV1.0.0_alpha\stm32_genericSTM32F103R\Release/core.a(HardwareTimer.cpp.o)
                0x08008532                HardwareTimer::setPeriod(unsigned long)
 .text._ZN13HardwareTimer15attachInterruptEiPFvvE
                0x08008570        0x8 C:\Users\Administrator\AppData\Local\Temp\VMBuilds\STM32_12Way_Irrigation_ControllerV1.0.0_alpha\stm32_genericSTM32F103R\Release/core.a(HardwareTimer.cpp.o)
                0x08008570                HardwareTimer::attachInterrupt(int, void (*)())
 .text.startup._GLOBAL__sub_I__ZN13HardwareTimerC2Eh
                0x08008578       0x68 C:\Users\Administrator\AppData\Local\Temp\VMBuilds\STM32_12Way_Irrigation_ControllerV1.0.0_alpha\stm32_genericSTM32F103R\Release/core.a(HardwareTimer.cpp.o)
 .text.startup._Z7premainv
                0x080085e0        0x4 C:\Users\Administrator\AppData\Local\Temp\VMBuilds\STM32_12Way_Irrigation_ControllerV1.0.0_alpha\stm32_genericSTM32F103R\Release/core.a(main.cpp.o)
                0x080085e0                premain()
 .text.startup.main
                0x080085e4        0xc C:\Users\Administrator\AppData\Local\Temp\VMBuilds\STM32_12Way_Irrigation_ControllerV1.0.0_alpha\stm32_genericSTM32F103R\Release/core.a(main.cpp.o)
                0x080085e4                main
 .text._ZN5Print5writeEPKc
                0x080085f0       0x1c C:\Users\Administrator\AppData\Local\Temp\VMBuilds\STM32_12Way_Irrigation_ControllerV1.0.0_alpha\stm32_genericSTM32F103R\Release/core.a(Print.cpp.o)
                0x080085f0                Print::write(char const*)
 .text._ZN5Print5writeEPKvm
                0x0800860c       0x20 C:\Users\Administrator\AppData\Local\Temp\VMBuilds\STM32_12Way_Irrigation_ControllerV1.0.0_alpha\stm32_genericSTM32F103R\Release/core.a(Print.cpp.o)
                0x0800860c                Print::write(void const*, unsigned long)
 .text._ZN5Print5printERK6String
                0x0800862c       0x10 C:\Users\Administrator\AppData\Local\Temp\VMBuilds\STM32_12Way_Irrigation_ControllerV1.0.0_alpha\stm32_genericSTM32F103R\Release/core.a(Print.cpp.o)
                0x0800862c                Print::print(String const&)
 .text._ZN5Print5printEc
                0x0800863c        0xa C:\Users\Administrator\AppData\Local\Temp\VMBuilds\STM32_12Way_Irrigation_ControllerV1.0.0_alpha\stm32_genericSTM32F103R\Release/core.a(Print.cpp.o)
                0x0800863c                Print::print(char)
 .text._ZN5Print5printEPKc
                0x08008646        0xa C:\Users\Administrator\AppData\Local\Temp\VMBuilds\STM32_12Way_Irrigation_ControllerV1.0.0_alpha\stm32_genericSTM32F103R\Release/core.a(Print.cpp.o)
                0x08008646                Print::print(char const*)
 .text._ZN5Print7printlnEv
                0x08008650       0x18 C:\Users\Administrator\AppData\Local\Temp\VMBuilds\STM32_12Way_Irrigation_ControllerV1.0.0_alpha\stm32_genericSTM32F103R\Release/core.a(Print.cpp.o)
                0x08008650                Print::println()
 .text._ZN5Print7printlnERK6String
                0x08008668       0x14 C:\Users\Administrator\AppData\Local\Temp\VMBuilds\STM32_12Way_Irrigation_ControllerV1.0.0_alpha\stm32_genericSTM32F103R\Release/core.a(Print.cpp.o)
                0x08008668                Print::println(String const&)
 .text._ZN5Print7printlnEPKc
                0x0800867c       0x14 C:\Users\Administrator\AppData\Local\Temp\VMBuilds\STM32_12Way_Irrigation_ControllerV1.0.0_alpha\stm32_genericSTM32F103R\Release/core.a(Print.cpp.o)
                0x0800867c                Print::println(char const*)
 .text._ZN5Print11printNumberEyh
                0x08008690       0x84 C:\Users\Administrator\AppData\Local\Temp\VMBuilds\STM32_12Way_Irrigation_ControllerV1.0.0_alpha\stm32_genericSTM32F103R\Release/core.a(Print.cpp.o)
                0x08008690                Print::printNumber(unsigned long long, unsigned char)
 .text._ZN5Print5printExi
                0x08008714       0x40 C:\Users\Administrator\AppData\Local\Temp\VMBuilds\STM32_12Way_Irrigation_ControllerV1.0.0_alpha\stm32_genericSTM32F103R\Release/core.a(Print.cpp.o)
                0x08008714                Print::print(long long, int)
 .text._ZN5Print5printEii
                0x08008754       0x12 C:\Users\Administrator\AppData\Local\Temp\VMBuilds\STM32_12Way_Irrigation_ControllerV1.0.0_alpha\stm32_genericSTM32F103R\Release/core.a(Print.cpp.o)
                0x08008754                Print::print(int, int)
 .text._ZN5Print7printlnEii
                0x08008766       0x14 C:\Users\Administrator\AppData\Local\Temp\VMBuilds\STM32_12Way_Irrigation_ControllerV1.0.0_alpha\stm32_genericSTM32F103R\Release/core.a(Print.cpp.o)
                0x08008766                Print::println(int, int)
 .text._ZN5Print5printEyi
                0x0800877a       0x1c C:\Users\Administrator\AppData\Local\Temp\VMBuilds\STM32_12Way_Irrigation_ControllerV1.0.0_alpha\stm32_genericSTM32F103R\Release/core.a(Print.cpp.o)
                0x0800877a                Print::print(unsigned long long, int)
 .text._ZN5Print5printEhi
                0x08008796       0x12 C:\Users\Administrator\AppData\Local\Temp\VMBuilds\STM32_12Way_Irrigation_ControllerV1.0.0_alpha\stm32_genericSTM32F103R\Release/core.a(Print.cpp.o)
                0x08008796                Print::print(unsigned char, int)
 .text._ZN5Print7printlnEhi
                0x080087a8       0x14 C:\Users\Administrator\AppData\Local\Temp\VMBuilds\STM32_12Way_Irrigation_ControllerV1.0.0_alpha\stm32_genericSTM32F103R\Release/core.a(Print.cpp.o)
                0x080087a8                Print::println(unsigned char, int)
 .text._Z10analogReadh
                0x080087bc       0x1c C:\Users\Administrator\AppData\Local\Temp\VMBuilds\STM32_12Way_Irrigation_ControllerV1.0.0_alpha\stm32_genericSTM32F103R\Release/core.a(wirish_analog.cpp.o)
                0x080087bc                analogRead(unsigned char)
 .text._Z11digitalReadh
                0x080087d8       0x2c C:\Users\Administrator\AppData\Local\Temp\VMBuilds\STM32_12Way_Irrigation_ControllerV1.0.0_alpha\stm32_genericSTM32F103R\Release/core.a(wirish_digital.cpp.o)
                0x080087d8                digitalRead(unsigned char)
 .text._Z12digitalWritehh
                0x08008804       0x2c C:\Users\Administrator\AppData\Local\Temp\VMBuilds\STM32_12Way_Irrigation_ControllerV1.0.0_alpha\stm32_genericSTM32F103R\Release/core.a(wirish_digital.cpp.o)
                0x08008804                digitalWrite(unsigned char, unsigned char)
 .text._Z6randoml
                0x08008830       0x16 C:\Users\Administrator\AppData\Local\Temp\VMBuilds\STM32_12Way_Irrigation_ControllerV1.0.0_alpha\stm32_genericSTM32F103R\Release/core.a(wirish_math.cpp.o)
                0x08008830                random(long)
 .text._Z6randomll
                0x08008846       0x14 C:\Users\Administrator\AppData\Local\Temp\VMBuilds\STM32_12Way_Irrigation_ControllerV1.0.0_alpha\stm32_genericSTM32F103R\Release/core.a(wirish_math.cpp.o)
                0x08008846                random(long, long)
 *fill*         0x0800885a        0x2 
 .text._Z5delaym
                0x0800885c       0x1c C:\Users\Administrator\AppData\Local\Temp\VMBuilds\STM32_12Way_Irrigation_ControllerV1.0.0_alpha\stm32_genericSTM32F103R\Release/core.a(wirish_time.cpp.o)
                0x0800885c                delay(unsigned long)
 .text._Z17delayMicrosecondsm
                0x08008878        0xe C:\Users\Administrator\AppData\Local\Temp\VMBuilds\STM32_12Way_Irrigation_ControllerV1.0.0_alpha\stm32_genericSTM32F103R\Release/core.a(wirish_time.cpp.o)
                0x08008878                delayMicroseconds(unsigned long)
 .text._ZNK6String14StringIfHelperEv
                0x08008886        0x2 C:\Users\Administrator\AppData\Local\Temp\VMBuilds\STM32_12Way_Irrigation_ControllerV1.0.0_alpha\stm32_genericSTM32F103R\Release/core.a(WString.cpp.o)
                0x08008886                String::StringIfHelper() const
 .text._ZN6StringD2Ev
                0x08008888        0xe C:\Users\Administrator\AppData\Local\Temp\VMBuilds\STM32_12Way_Irrigation_ControllerV1.0.0_alpha\stm32_genericSTM32F103R\Release/core.a(WString.cpp.o)
                0x08008888                String::~String()
                0x08008888                String::~String()
 .text._ZN6String10invalidateEv
                0x08008896       0x16 C:\Users\Administrator\AppData\Local\Temp\VMBuilds\STM32_12Way_Irrigation_ControllerV1.0.0_alpha\stm32_genericSTM32F103R\Release/core.a(WString.cpp.o)
                0x08008896                String::invalidate()
 .text._ZN6String12changeBufferEj
                0x080088ac       0x18 C:\Users\Administrator\AppData\Local\Temp\VMBuilds\STM32_12Way_Irrigation_ControllerV1.0.0_alpha\stm32_genericSTM32F103R\Release/core.a(WString.cpp.o)
                0x080088ac                String::changeBuffer(unsigned int)
 .text._ZN6String7reserveEj
                0x080088c4       0x22 C:\Users\Administrator\AppData\Local\Temp\VMBuilds\STM32_12Way_Irrigation_ControllerV1.0.0_alpha\stm32_genericSTM32F103R\Release/core.a(WString.cpp.o)
                0x080088c4                String::reserve(unsigned int)
 .text._ZN6String4copyEPKcj
                0x080088e6       0x26 C:\Users\Administrator\AppData\Local\Temp\VMBuilds\STM32_12Way_Irrigation_ControllerV1.0.0_alpha\stm32_genericSTM32F103R\Release/core.a(WString.cpp.o)
                0x080088e6                String::copy(char const*, unsigned int)
 .text._ZN6StringC2EPKc
                0x0800890c       0x24 C:\Users\Administrator\AppData\Local\Temp\VMBuilds\STM32_12Way_Irrigation_ControllerV1.0.0_alpha\stm32_genericSTM32F103R\Release/core.a(WString.cpp.o)
                0x0800890c                String::String(char const*)
                0x0800890c                String::String(char const*)
 .text._ZN6String4moveERS_
                0x08008930       0x44 C:\Users\Administrator\AppData\Local\Temp\VMBuilds\STM32_12Way_Irrigation_ControllerV1.0.0_alpha\stm32_genericSTM32F103R\Release/core.a(WString.cpp.o)
                0x08008930                String::move(String&)
 .text._ZN6StringaSERKS_
                0x08008974       0x1e C:\Users\Administrator\AppData\Local\Temp\VMBuilds\STM32_12Way_Irrigation_ControllerV1.0.0_alpha\stm32_genericSTM32F103R\Release/core.a(WString.cpp.o)
                0x08008974                String::operator=(String const&)
 .text._ZN6StringC2ERKS_
                0x08008992       0x14 C:\Users\Administrator\AppData\Local\Temp\VMBuilds\STM32_12Way_Irrigation_ControllerV1.0.0_alpha\stm32_genericSTM32F103R\Release/core.a(WString.cpp.o)
                0x08008992                String::String(String const&)
                0x08008992                String::String(String const&)
 .text._ZN6StringaSEOS_
                0x080089a6       0x10 C:\Users\Administrator\AppData\Local\Temp\VMBuilds\STM32_12Way_Irrigation_ControllerV1.0.0_alpha\stm32_genericSTM32F103R\Release/core.a(WString.cpp.o)
                0x080089a6                String::operator=(String&&)
 .text._ZN6StringaSEPKc
                0x080089b6       0x22 C:\Users\Administrator\AppData\Local\Temp\VMBuilds\STM32_12Way_Irrigation_ControllerV1.0.0_alpha\stm32_genericSTM32F103R\Release/core.a(WString.cpp.o)
                0x080089b6                String::operator=(char const*)
 .text._ZN6StringC2Ehh
                0x080089d8       0x22 C:\Users\Administrator\AppData\Local\Temp\VMBuilds\STM32_12Way_Irrigation_ControllerV1.0.0_alpha\stm32_genericSTM32F103R\Release/core.a(WString.cpp.o)
                0x080089d8                String::String(unsigned char, unsigned char)
                0x080089d8                String::String(unsigned char, unsigned char)
 .text._ZN6StringC2Eih
                0x080089fa       0x24 C:\Users\Administrator\AppData\Local\Temp\VMBuilds\STM32_12Way_Irrigation_ControllerV1.0.0_alpha\stm32_genericSTM32F103R\Release/core.a(WString.cpp.o)
                0x080089fa                String::String(int, unsigned char)
                0x080089fa                String::String(int, unsigned char)
 .text._ZN6StringC2Ejh
                0x08008a1e       0x24 C:\Users\Administrator\AppData\Local\Temp\VMBuilds\STM32_12Way_Irrigation_ControllerV1.0.0_alpha\stm32_genericSTM32F103R\Release/core.a(WString.cpp.o)
                0x08008a1e                String::String(unsigned int, unsigned char)
                0x08008a1e                String::String(unsigned int, unsigned char)
 .text._ZN6String6concatEPKcj
                0x08008a42       0x2e C:\Users\Administrator\AppData\Local\Temp\VMBuilds\STM32_12Way_Irrigation_ControllerV1.0.0_alpha\stm32_genericSTM32F103R\Release/core.a(WString.cpp.o)
                0x08008a42                String::concat(char const*, unsigned int)
 .text._ZN6String6concatERKS_
                0x08008a70        0xa C:\Users\Administrator\AppData\Local\Temp\VMBuilds\STM32_12Way_Irrigation_ControllerV1.0.0_alpha\stm32_genericSTM32F103R\Release/core.a(WString.cpp.o)
                0x08008a70                String::concat(String const&)
 .text._ZN6String6concatEc
                0x08008a7a       0x1a C:\Users\Administrator\AppData\Local\Temp\VMBuilds\STM32_12Way_Irrigation_ControllerV1.0.0_alpha\stm32_genericSTM32F103R\Release/core.a(WString.cpp.o)
                0x08008a7a                String::concat(char)
 .text._ZN6String6concatEh
                0x08008a94       0x22 C:\Users\Administrator\AppData\Local\Temp\VMBuilds\STM32_12Way_Irrigation_ControllerV1.0.0_alpha\stm32_genericSTM32F103R\Release/core.a(WString.cpp.o)
                0x08008a94                String::concat(unsigned char)
 .text._ZN6String6concatEi
                0x08008ab6       0x22 C:\Users\Administrator\AppData\Local\Temp\VMBuilds\STM32_12Way_Irrigation_ControllerV1.0.0_alpha\stm32_genericSTM32F103R\Release/core.a(WString.cpp.o)
                0x08008ab6                String::concat(int)
 .text._ZN6String6concatEj
                0x08008ad8       0x22 C:\Users\Administrator\AppData\Local\Temp\VMBuilds\STM32_12Way_Irrigation_ControllerV1.0.0_alpha\stm32_genericSTM32F103R\Release/core.a(WString.cpp.o)
                0x08008ad8                String::concat(unsigned int)
 .text._ZN6String6concatEm
                0x08008afa       0x22 C:\Users\Administrator\AppData\Local\Temp\VMBuilds\STM32_12Way_Irrigation_ControllerV1.0.0_alpha\stm32_genericSTM32F103R\Release/core.a(WString.cpp.o)
                0x08008afa                String::concat(unsigned long)
 .text._ZplRK15StringSumHelperRK6String
                0x08008b1c       0x1a C:\Users\Administrator\AppData\Local\Temp\VMBuilds\STM32_12Way_Irrigation_ControllerV1.0.0_alpha\stm32_genericSTM32F103R\Release/core.a(WString.cpp.o)
                0x08008b1c                operator+(StringSumHelper const&, String const&)
 .text._ZplRK15StringSumHelperPKc
                0x08008b36       0x24 C:\Users\Administrator\AppData\Local\Temp\VMBuilds\STM32_12Way_Irrigation_ControllerV1.0.0_alpha\stm32_genericSTM32F103R\Release/core.a(WString.cpp.o)
                0x08008b36                operator+(StringSumHelper const&, char const*)
 .text._ZplRK15StringSumHelperh
                0x08008b5a       0x14 C:\Users\Administrator\AppData\Local\Temp\VMBuilds\STM32_12Way_Irrigation_ControllerV1.0.0_alpha\stm32_genericSTM32F103R\Release/core.a(WString.cpp.o)
                0x08008b5a                operator+(StringSumHelper const&, unsigned char)
 .text._ZplRK15StringSumHelperi
                0x08008b6e       0x14 C:\Users\Administrator\AppData\Local\Temp\VMBuilds\STM32_12Way_Irrigation_ControllerV1.0.0_alpha\stm32_genericSTM32F103R\Release/core.a(WString.cpp.o)
                0x08008b6e                operator+(StringSumHelper const&, int)
 .text._ZplRK15StringSumHelperj
                0x08008b82       0x14 C:\Users\Administrator\AppData\Local\Temp\VMBuilds\STM32_12Way_Irrigation_ControllerV1.0.0_alpha\stm32_genericSTM32F103R\Release/core.a(WString.cpp.o)
                0x08008b82                operator+(StringSumHelper const&, unsigned int)
 .text._ZplRK15StringSumHelperm
                0x08008b96       0x14 C:\Users\Administrator\AppData\Local\Temp\VMBuilds\STM32_12Way_Irrigation_ControllerV1.0.0_alpha\stm32_genericSTM32F103R\Release/core.a(WString.cpp.o)
                0x08008b96                operator+(StringSumHelper const&, unsigned long)
 .text._ZNK6String9compareToERKS_
                0x08008baa       0x2c C:\Users\Administrator\AppData\Local\Temp\VMBuilds\STM32_12Way_Irrigation_ControllerV1.0.0_alpha\stm32_genericSTM32F103R\Release/core.a(WString.cpp.o)
                0x08008baa                String::compareTo(String const&) const
 .text._ZNK6String6equalsERKS_
                0x08008bd6       0x1c C:\Users\Administrator\AppData\Local\Temp\VMBuilds\STM32_12Way_Irrigation_ControllerV1.0.0_alpha\stm32_genericSTM32F103R\Release/core.a(WString.cpp.o)
                0x08008bd6                String::equals(String const&) const
 .text._ZNK6StringgtERKS_
                0x08008bf2       0x10 C:\Users\Administrator\AppData\Local\Temp\VMBuilds\STM32_12Way_Irrigation_ControllerV1.0.0_alpha\stm32_genericSTM32F103R\Release/core.a(WString.cpp.o)
                0x08008bf2                String::operator>(String const&) const
 .text._ZNK6String10startsWithERKS_j
                0x08008c02       0x2e C:\Users\Administrator\AppData\Local\Temp\VMBuilds\STM32_12Way_Irrigation_ControllerV1.0.0_alpha\stm32_genericSTM32F103R\Release/core.a(WString.cpp.o)
                0x08008c02                String::startsWith(String const&, unsigned int) const
 .text._ZNK6String10startsWithERKS_
                0x08008c30       0x12 C:\Users\Administrator\AppData\Local\Temp\VMBuilds\STM32_12Way_Irrigation_ControllerV1.0.0_alpha\stm32_genericSTM32F103R\Release/core.a(WString.cpp.o)
                0x08008c30                String::startsWith(String const&) const
 .text._ZNK6String7indexOfERKS_j
                0x08008c42       0x1e C:\Users\Administrator\AppData\Local\Temp\VMBuilds\STM32_12Way_Irrigation_ControllerV1.0.0_alpha\stm32_genericSTM32F103R\Release/core.a(WString.cpp.o)
                0x08008c42                String::indexOf(String const&, unsigned int) const
 .text._ZNK6String7indexOfERKS_
                0x08008c60        0x6 C:\Users\Administrator\AppData\Local\Temp\VMBuilds\STM32_12Way_Irrigation_ControllerV1.0.0_alpha\stm32_genericSTM32F103R\Release/core.a(WString.cpp.o)
                0x08008c60                String::indexOf(String const&) const
 *fill*         0x08008c66        0x2 
 .text._ZNK6String9substringEjj
                0x08008c68       0x4c C:\Users\Administrator\AppData\Local\Temp\VMBuilds\STM32_12Way_Irrigation_ControllerV1.0.0_alpha\stm32_genericSTM32F103R\Release/core.a(WString.cpp.o)
                0x08008c68                String::substring(unsigned int, unsigned int) const
 .text._ZN6String6removeEjj
                0x08008cb4       0x32 C:\Users\Administrator\AppData\Local\Temp\VMBuilds\STM32_12Way_Irrigation_ControllerV1.0.0_alpha\stm32_genericSTM32F103R\Release/core.a(WString.cpp.o)
                0x08008cb4                String::remove(unsigned int, unsigned int)
 .text._ZN6String11toUpperCaseEv
                0x08008ce6       0x18 C:\Users\Administrator\AppData\Local\Temp\VMBuilds\STM32_12Way_Irrigation_ControllerV1.0.0_alpha\stm32_genericSTM32F103R\Release/core.a(WString.cpp.o)
                0x08008ce6                String::toUpperCase()
 .text._ZNK6String5toIntEv
                0x08008cfe        0xa C:\Users\Administrator\AppData\Local\Temp\VMBuilds\STM32_12Way_Irrigation_ControllerV1.0.0_alpha\stm32_genericSTM32F103R\Release/core.a(WString.cpp.o)
                0x08008cfe                String::toInt() const
 .text._Z7pinModeh13WiringPinMode
                0x08008d08       0x84 C:\Users\Administrator\AppData\Local\Temp\VMBuilds\STM32_12Way_Irrigation_ControllerV1.0.0_alpha\stm32_genericSTM32F103R\Release/core.a(wirish_digital_f1.cpp.o)
                0x08008d08                pinMode(unsigned char, WiringPinMode)
 .text.__empty  0x08008d8c        0x2 C:\Users\Administrator\AppData\Local\Temp\VMBuilds\STM32_12Way_Irrigation_ControllerV1.0.0_alpha\stm32_genericSTM32F103R\Release/core.a(hooks.c.o)
                0x08008d8c                yield
 .text.ltoa     0x08008d8e       0x6e C:\Users\Administrator\AppData\Local\Temp\VMBuilds\STM32_12Way_Irrigation_ControllerV1.0.0_alpha\stm32_genericSTM32F103R\Release/core.a(itoa.c.o)
                0x08008d8e                ltoa
 .text.itoa     0x08008dfc        0x4 C:\Users\Administrator\AppData\Local\Temp\VMBuilds\STM32_12Way_Irrigation_ControllerV1.0.0_alpha\stm32_genericSTM32F103R\Release/core.a(itoa.c.o)
                0x08008dfc                itoa
 .text.ultoa    0x08008e00       0x52 C:\Users\Administrator\AppData\Local\Temp\VMBuilds\STM32_12Way_Irrigation_ControllerV1.0.0_alpha\stm32_genericSTM32F103R\Release/core.a(itoa.c.o)
                0x08008e00                ultoa
 .text.utoa     0x08008e52        0x4 C:\Users\Administrator\AppData\Local\Temp\VMBuilds\STM32_12Way_Irrigation_ControllerV1.0.0_alpha\stm32_genericSTM32F103R\Release/core.a(itoa.c.o)
                0x08008e52                utoa
 .text.gpio_init
                0x08008e56       0x14 C:\Users\Administrator\AppData\Local\Temp\VMBuilds\STM32_12Way_Irrigation_ControllerV1.0.0_alpha\stm32_genericSTM32F103R\Release/core.a(gpio.c.o)
                0x08008e56                gpio_init
 *fill*         0x08008e6a        0x2 
 .text.usart_init
                0x08008e6c       0x54 C:\Users\Administrator\AppData\Local\Temp\VMBuilds\STM32_12Way_Irrigation_ControllerV1.0.0_alpha\stm32_genericSTM32F103R\Release/core.a(usart.c.o)
                0x08008e6c                usart_init
 .text.usart_enable
                0x08008ec0       0x14 C:\Users\Administrator\AppData\Local\Temp\VMBuilds\STM32_12Way_Irrigation_ControllerV1.0.0_alpha\stm32_genericSTM32F103R\Release/core.a(usart.c.o)
                0x08008ec0                usart_enable
 .text.usart_disable
                0x08008ed4       0x38 C:\Users\Administrator\AppData\Local\Temp\VMBuilds\STM32_12Way_Irrigation_ControllerV1.0.0_alpha\stm32_genericSTM32F103R\Release/core.a(usart.c.o)
                0x08008ed4                usart_disable
 .text.usart_tx
                0x08008f0c       0x9c C:\Users\Administrator\AppData\Local\Temp\VMBuilds\STM32_12Way_Irrigation_ControllerV1.0.0_alpha\stm32_genericSTM32F103R\Release/core.a(usart.c.o)
                0x08008f0c                usart_tx
 .text.__aeabi_atexit
                0x08008fa8        0xc c:/users/administrator/appdata/local/arduino15/packages/arduino/tools/arm-none-eabi-gcc/4.8.3-2014q1/bin/../lib/gcc/arm-none-eabi/4.8.3/../../../../arm-none-eabi/lib/armv7-m\libstdc++.a(atexit_arm.o)
                0x08008fa8                __aeabi_atexit
 .text          0x08008fb4       0x2c c:/users/administrator/appdata/local/arduino15/packages/arduino/tools/arm-none-eabi-gcc/4.8.3-2014q1/bin/../lib/gcc/arm-none-eabi/4.8.3/armv7-m\libgcc.a(_aeabi_uldivmod.o)
                0x08008fb4                __aeabi_uldivmod
 .text          0x08008fe0       0x60 c:/users/administrator/appdata/local/arduino15/packages/arduino/tools/arm-none-eabi-gcc/4.8.3-2014q1/bin/../lib/gcc/arm-none-eabi/4.8.3/armv7-m\libgcc.a(bpabi.o)
                0x08008fe0                __gnu_ldivmod_helper
                0x08009010                __gnu_uldivmod_helper